05-01 15:10:11.472  3154  3377 D BluetoothManagerService: Sending BLE State Change: BLE_ON > BLE_TURNING_OFF
05-01 15:10:11.857  3154  3377 D BluetoothManagerService: MESSAGE_BLUETOOTH_STATE_CHANGE: BLE_TURNING_OFF > OFF
05-01 15:10:11.857  3154  3377 D BluetoothManagerService: Bluetooth is complete send Service Down
05-01 15:10:11.857  3154  3377 D BluetoothManagerService: Broadcasting onBluetoothServiceDown() to 18 receivers.
05-01 15:10:11.858  3154  3377 D BluetoothManagerService: unbindAndFinish(): android.bluetooth.IBluetooth$Stub$Proxy@c3f06c1 mBinding = false mUnbinding = false
05-01 15:10:11.863  3154  3377 D BluetoothManagerService: Sending BLE State Change: BLE_TURNING_OFF > OFF
05-01 15:10:11.900  3154  4502 I ActivityManager: Process com.android.bluetooth (pid 14651) has died: fore RCVR
05-01 15:10:20.306  3154  3587 I ActivityManager: START u0 {act=android.intent.action.MAIN cat=[android.intent.category.HOME] flg=0x10200000 cmp=com.android.launcher3/.NowLauncher (has extras)} from uid 1000
05-01 15:10:20.672  3154  3874 D BluetoothManagerService: Registered for death of com.google.android.gms
05-01 15:10:20.672  3154  3874 D BluetoothManagerService: 1 registered Ble Apps
05-01 15:10:20.672  3154  3874 D BluetoothManagerService: enable(com.google.android.gms):  mBluetooth =null mBinding = false mState = OFF
05-01 15:10:20.672  3154  3874 D BluetoothManagerService: enable returning
05-01 15:10:20.673  3154  3377 D BluetoothManagerService: MESSAGE_ENABLE(0): mBluetooth = null
05-01 15:10:20.687  3154  3377 I ActivityManager: Start proc 14750:com.android.bluetooth/1002 for service com.android.bluetooth/.btservice.AdapterService
05-01 15:10:20.785  3154  3154 D BluetoothManagerService: Bluetooth Adapter name changed to ASUS_X01BDA
05-01 15:10:20.785  3154  3154 D BluetoothManagerService: Stored Bluetooth name: ASUS_X01BDA
05-01 15:10:20.795  3154  3154 D BluetoothManagerService: BluetoothServiceConnection: com.android.bluetooth.btservice.AdapterService
05-01 15:10:20.795  3154  3377 D BluetoothManagerService: MESSAGE_BLUETOOTH_SERVICE_CONNECTED: 1
05-01 15:10:20.799  3154  3377 D BluetoothManagerService: Broadcasting onBluetoothServiceUp() to 18 receivers.
05-01 15:10:20.807  3154  3377 D BluetoothManagerService: MESSAGE_BLUETOOTH_STATE_CHANGE: OFF > BLE_TURNING_ON
05-01 15:10:20.807  3154  3377 D BluetoothManagerService: Sending BLE State Change: OFF > BLE_TURNING_ON
05-01 15:10:21.968  3154  3154 D BluetoothManagerService: Bluetooth Adapter address changed to 40:B0:76:B2:24:E9
05-01 15:10:21.969  3154  3154 D BluetoothManagerService: Stored Bluetoothaddress: 40:B0:76:B2:24:E9
05-01 15:10:21.969  3154  3154 D BluetoothManagerService: Bluetooth Adapter name changed to ASUS_X01BDA
05-01 15:10:21.969  3154  3154 D BluetoothManagerService: Stored Bluetooth name: ASUS_X01BDA
05-01 15:10:21.977  3154  3377 D BluetoothManagerService: MESSAGE_BLUETOOTH_STATE_CHANGE: BLE_TURNING_ON > BLE_ON
05-01 15:10:21.977  3154  3377 D BluetoothManagerService: Bluetooth is in LE only mode
05-01 15:10:21.978  3154  3377 D BluetoothManagerService: Binding Bluetooth GATT service
05-01 15:10:21.978  3154  3377 D BluetoothManagerService: Sending BLE State Change: BLE_TURNING_ON > BLE_ON
05-01 15:10:21.980  3154  3154 D BluetoothManagerService: BluetoothServiceConnection: com.android.bluetooth.gatt.GattService
05-01 15:10:21.980  3154  3377 D BluetoothManagerService: MESSAGE_BLUETOOTH_SERVICE_CONNECTED: 2
05-01 15:10:21.980  3154  3377 D BluetoothManagerService: BluetoothGatt Service is Up
05-01 15:10:23.495  3154  9273 I ActivityManager: START u0 {act=android.intent.action.MAIN cat=[android.intent.category.LAUNCHER] flg=0x10200000 cmp=jp.naver.line.android/.activity.SplashActivity bnds=[739,1085][960,1340]} from uid 10026
05-01 15:10:28.307  3154  3587 I ActivityManager: START u0 {act=android.intent.action.MAIN cat=[android.intent.category.HOME] flg=0x10200000 cmp=com.android.launcher3/.NowLauncher (has extras)} from uid 1000
05-01 15:10:43.053  3154  3614 D NetworkStats: Resolving plan for NetworkTemplate: matchRule=MOBILE_ALL, subscriberId=466924..., matchSubscriberIds=[466924...]
05-01 15:10:43.055  3154  3614 D NetworkStats: Found active matching subId 1
05-01 15:10:43.058  3154  3614 D NetworkStats: Resolved to plan null
05-01 15:10:53.541  3154  3614 D NetworkStats: Resolving plan for NetworkTemplate: matchRule=MOBILE_ALL, subscriberId=466924..., matchSubscriberIds=[466924...]
05-01 15:10:53.542  3154  3614 D NetworkStats: Found active matching subId 1
05-01 15:10:53.546  3154  3614 D NetworkStats: Resolved to plan null
05-01 15:10:53.562  2849  2963 E NetlinkEvent: NetlinkEvent::FindParam(): Parameter 'INTERFACE' not found
05-01 15:10:53.562  2849  2963 E NetlinkEvent: NetlinkEvent::FindParam(): Parameter 'STATE' not found
05-01 15:10:53.562  2849  2963 E NetlinkEvent: NetlinkEvent::FindParam(): Parameter 'TIME_NS' not found
05-01 15:10:53.562  2849  2963 E NetlinkEvent: NetlinkEvent::FindParam(): Parameter 'UID' not found
05-01 15:11:02.129  3154  9344 I ActivityManager: START u0 {cmp=jp.naver.line.android/.activity.chathistory.ChatHistoryActivityLaunchActivity (has extras)} from uid 10110
05-01 15:11:02.129  3154  9344 W ActivityManager: startActivity called from non-Activity context; forcing Intent.FLAG_ACTIVITY_NEW_TASK for: Intent { cmp=jp.naver.line.android/.activity.chathistory.ChatHistoryActivityLaunchActivity (has extras) }
05-01 15:11:02.146  3154  3874 E ActivityManager: applyOptionsLocked: Unknown animationType=0
05-01 15:11:02.237  3154  3874 I ActivityManager: START u0 {flg=0x4000000 cmp=jp.naver.line.android/.activity.chathistory.ChatHistoryActivity (has extras)} from uid 10110
05-01 15:11:02.246  3154  3874 W ActivityManager: Duplicate finish request for ActivityRecord{30e66b5 u0 jp.naver.line.android/.activity.chathistory.ChatHistoryActivityLaunchActivity t3299 f}
05-01 15:11:02.629  3154  3874 D BluetoothManagerService: Unregistered for death of com.google.android.gms
05-01 15:11:02.629  3154  3874 D BluetoothManagerService: 0 registered Ble Apps
05-01 15:11:02.630  3154  3874 D BluetoothManagerService: Reseting the mEnable flag for clean disable
05-01 15:11:02.630  3154  3874 D BluetoothManagerService: Move to BT state OFF
05-01 15:11:02.630  3154  3874 D BluetoothManagerService: Calling sendBrEdrDownCallback callbacks
05-01 15:11:02.630  3154  3874 D BluetoothManagerService: isBleAppPresent() count: 0
05-01 15:11:02.631  3154  3377 D BluetoothManagerService: MESSAGE_BLUETOOTH_STATE_CHANGE: BLE_ON > BLE_TURNING_OFF
05-01 15:11:02.631  3154  3377 D BluetoothManagerService: Sending BLE State Change: BLE_ON > BLE_TURNING_OFF
05-01 15:11:03.007  3154  3377 D BluetoothManagerService: MESSAGE_BLUETOOTH_STATE_CHANGE: BLE_TURNING_OFF > OFF
05-01 15:11:03.007  3154  3377 D BluetoothManagerService: Bluetooth is complete send Service Down
05-01 15:11:03.007  3154  3377 D BluetoothManagerService: Broadcasting onBluetoothServiceDown() to 18 receivers.
05-01 15:11:03.008  3154  3377 D BluetoothManagerService: unbindAndFinish(): android.bluetooth.IBluetooth$Stub$Proxy@df8337a mBinding = false mUnbinding = false
05-01 15:11:03.011  3154  3377 D BluetoothManagerService: Sending BLE State Change: BLE_TURNING_OFF > OFF
05-01 15:11:03.046  3154 14135 I ActivityManager: Process com.android.bluetooth (pid 14750) has died: fore RCVR
05-01 15:11:13.684  3154  3614 D NetworkStats: Resolving plan for NetworkTemplate: matchRule=MOBILE_ALL, subscriberId=466924..., matchSubscriberIds=[466924...]
05-01 15:11:13.685  3154  3614 D NetworkStats: Found active matching subId 1
05-01 15:11:13.690  3154  3614 D NetworkStats: Resolved to plan null
05-01 15:11:16.626  3154  3614 D NetworkStats: Resolving plan for NetworkTemplate: matchRule=MOBILE_ALL, subscriberId=466924..., matchSubscriberIds=[466924...]
05-01 15:11:16.627  3154  3614 D NetworkStats: Found active matching subId 1
05-01 15:11:16.630  3154  3614 D NetworkStats: Resolved to plan null
05-01 15:11:17.742  3154  4510 I ActivityManager: START u0 {flg=0x10804000 cmp=com.android.systemui/.recents.RecentsActivity} from uid 10038
05-01 15:11:18.715  3154  4510 I ActivityManager: Killing 8343:com.tencent.mm:sandbox/u0a108 (adj 902): empty #31
05-01 15:11:18.717  3154  4510 I ActivityManager: Killing 12899:jp.naver.line.android/u0a110 (adj 900): remove task
05-01 15:11:18.718  3154  4510 I ActivityManager: Killing 14591:com.android.chrome:sandboxed_process0/u0a110i598 (adj 900): remove task
05-01 15:11:18.720  3154 14135 I ActivityManager: START u0 {act=android.intent.action.MAIN cat=[android.intent.category.HOME] flg=0x10200000 cmp=com.android.launcher3/.NowLauncher} from uid 10038
05-01 15:11:18.735  3154  4502 W ActivityManager: Scheduling restart of crashed service jp.naver.line.android/org.chromium.content.app.SandboxedProcessService0 in 1000ms
05-01 15:11:18.745  3154  3290 D KernelUidCpuTimeReader: Removing uids 99598-99598
05-01 15:11:18.755  3154  4502 W ActivityManager: Scheduling restart of crashed service com.tencent.mm/.service.ProcessService$SandBoxProcessService in 10981ms
05-01 15:11:18.810  3154  3976 D ConnectivityService: ConnectivityService NetworkRequestInfo binderDied(NetworkRequest [ LISTEN id=4038, [ Capabilities: INTERNET&NOT_RESTRICTED&TRUSTED] ], android.os.BinderProxy@e777d17)
05-01 15:11:18.810  3154  3874 D ConnectivityService: ConnectivityService NetworkRequestInfo binderDied(NetworkRequest [ LISTEN id=4034, [ Capabilities: INTERNET&NOT_RESTRICTED&TRUSTED&NOT_VPN&VALIDATED] ], android.os.BinderProxy@7c77504)
05-01 15:11:18.814  3154 11154 I WindowManager: WIN DEATH: Window{3e4a4b2 u0 jp.naver.line.android/jp.naver.line.android.activity.chathistory.ChatHistoryActivity}
05-01 15:11:18.842  3154  3385 W ActivityManager: setHasOverlayUi called on unknown pid: 12899
05-01 15:11:19.017  3154  3195 D BluetoothManagerService: Registered for death of com.google.android.gms
05-01 15:11:19.017  3154  3195 D BluetoothManagerService: 1 registered Ble Apps
05-01 15:11:19.018  3154  3976 D BluetoothManagerService: enable(com.google.android.gms):  mBluetooth =null mBinding = false mState = OFF
05-01 15:11:19.018  3154  3976 D BluetoothManagerService: enable returning
05-01 15:11:19.018  3154  3377 D BluetoothManagerService: MESSAGE_ENABLE(0): mBluetooth = null
05-01 15:11:19.032  3154  3377 I ActivityManager: Start proc 14944:com.android.bluetooth/1002 for service com.android.bluetooth/.btservice.AdapterService
05-01 15:11:19.140  3154  3154 D BluetoothManagerService: Bluetooth Adapter name changed to ASUS_X01BDA
05-01 15:11:19.140  3154  3154 D BluetoothManagerService: Stored Bluetooth name: ASUS_X01BDA
05-01 15:11:19.152  3154  3154 D BluetoothManagerService: BluetoothServiceConnection: com.android.bluetooth.btservice.AdapterService
05-01 15:11:19.152  3154  3377 D BluetoothManagerService: MESSAGE_BLUETOOTH_SERVICE_CONNECTED: 1
05-01 15:11:19.154  3154  3377 D BluetoothManagerService: Broadcasting onBluetoothServiceUp() to 17 receivers.
05-01 15:11:19.156  3154  3377 D BluetoothManagerService: MESSAGE_BLUETOOTH_STATE_CHANGE: OFF > BLE_TURNING_ON
05-01 15:11:19.156  3154  3377 D BluetoothManagerService: Sending BLE State Change: OFF > BLE_TURNING_ON
05-01 15:11:19.704  3154  3195 I ActivityManager: START u0 {act=com.facebook.orca.notify.SECURE_VIEW dat=fb-messenger://user/100002635891720 flg=0x14000000 pkg=com.facebook.orca cmp=com.facebook.orca/com.facebook.messenger.intents.SecureIntentHandlerActivity (has extras)} from uid 10061
05-01 15:11:19.799  3154  3195 I ActivityManager: START u0 {flg=0x4000000 cmp=com.facebook.orca/com.facebook.messenger.neue.MainActivity (has extras)} from uid 10061
05-01 15:11:20.308  3154  3154 D BluetoothManagerService: Bluetooth Adapter address changed to 40:B0:76:B2:24:E9
05-01 15:11:20.308  3154  3154 D BluetoothManagerService: Stored Bluetoothaddress: 40:B0:76:B2:24:E9
05-01 15:11:20.308  3154  3154 D BluetoothManagerService: Bluetooth Adapter name changed to ASUS_X01BDA
05-01 15:11:20.309  3154  3154 D BluetoothManagerService: Stored Bluetooth name: ASUS_X01BDA
05-01 15:11:20.323  3154  3377 D BluetoothManagerService: MESSAGE_BLUETOOTH_STATE_CHANGE: BLE_TURNING_ON > BLE_ON
05-01 15:11:20.323  3154  3377 D BluetoothManagerService: Bluetooth is in LE only mode
05-01 15:11:20.323  3154  3377 D BluetoothManagerService: Binding Bluetooth GATT service
05-01 15:11:20.324  3154  3377 D BluetoothManagerService: Sending BLE State Change: BLE_TURNING_ON > BLE_ON
05-01 15:11:20.326  3154  3154 D BluetoothManagerService: BluetoothServiceConnection: com.android.bluetooth.gatt.GattService
05-01 15:11:20.326  3154  3377 D BluetoothManagerService: MESSAGE_BLUETOOTH_SERVICE_CONNECTED: 2
05-01 15:11:20.326  3154  3377 D BluetoothManagerService: BluetoothGatt Service is Up
05-01 15:11:20.912  3154  3976 I ActivityManager: Start proc 15036:com.android.chrome:sandboxed_process0/u0i599 for webview_service com.facebook.orca/org.chromium.content.app.SandboxedProcessService0
05-01 15:11:22.177  3154  9273 I ActivityManager: START u0 {flg=0x10804000 cmp=com.android.systemui/.recents.RecentsActivity} from uid 10038
05-01 15:11:22.559  3154  3976 I ActivityManager: Start proc 15089:com.facebook.orca:videoplayer/u0a61 for service com.facebook.orca/com.facebook.video.heroplayer.service.HeroService
05-01 15:11:22.983  3154 11154 I ActivityManager: START u0 {act=android.intent.action.MAIN cat=[android.intent.category.HOME] flg=0x10200000 cmp=com.android.launcher3/.NowLauncher} from uid 10038
05-01 15:11:23.126  3154 11154 I ActivityManager: Killing 13044:com.facebook.orca/u0a61 (adj 1001): remove task
05-01 15:11:23.127  3154 11154 I ActivityManager: Killing 15089:com.facebook.orca:videoplayer/u0a61 (adj 900): remove task
05-01 15:11:23.128  3154 11154 I ActivityManager: Killing 15036:com.android.chrome:sandboxed_process0/u0a61i599 (adj 900): remove task
05-01 15:11:23.158  3154 11154 W ActivityManager: Scheduling restart of crashed service com.facebook.orca/org.chromium.content.app.SandboxedProcessService0 in 16577ms
05-01 15:11:23.163  3154  3290 E KernelUidCpuTimeReader: Malformed cpu data for UID=10108!
05-01 15:11:23.163  3154  3290 E KernelUidCpuTimeReader: Time between reads: +4s423ms
05-01 15:11:23.163  3154  3290 E KernelUidCpuTimeReader: Previous times: u=+49m38s310ms s=+15m52s640ms
05-01 15:11:23.163  3154  3290 E KernelUidCpuTimeReader: Current times: u=+49m38s90ms s=+15m52s570ms
05-01 15:11:23.163  3154  3290 E KernelUidCpuTimeReader: Delta: u=-220ms s=-70ms
05-01 15:11:23.163  3154  3290 E KernelUidCpuTimeReader: Malformed cpu data for UID=10110!
05-01 15:11:23.163  3154  3290 E KernelUidCpuTimeReader: Time between reads: +4s423ms
05-01 15:11:23.163  3154  3290 E KernelUidCpuTimeReader: Previous times: u=+3h35m23s250ms s=+1h0m30s380ms
05-01 15:11:23.163  3154  3290 E KernelUidCpuTimeReader: Current times: u=+3h35m19s360ms s=+1h0m29s440ms
05-01 15:11:23.163  3154  3290 E KernelUidCpuTimeReader: Delta: u=-3s890ms s=-940ms
05-01 15:11:23.168  3154  3290 D KernelUidCpuTimeReader: Removing uids 99599-99599
05-01 15:11:23.185  3154 11154 W ActivityManager: Scheduling restart of crashed service com.facebook.orca/com.facebook.video.heroplayer.service.HeroService in 26550ms
05-01 15:11:23.211  3154  8180 D ConnectivityService: ConnectivityService NetworkRequestInfo binderDied(NetworkRequest [ LISTEN id=4039, [ Capabilities: INTERNET&NOT_RESTRICTED&TRUSTED] ], android.os.BinderProxy@c40c70f)
05-01 15:11:23.212  3154  8180 W ActivityManager: Scheduling restart of crashed service com.facebook.orca/com.facebook.mqttlite.MqttService in 16523ms
05-01 15:11:23.216  3154  3385 W ActivityManager: setHasOverlayUi called on unknown pid: 13044
05-01 15:11:29.749  3154  3274 I ActivityManager: Start proc 15127:com.tencent.mm:sandbox/u0a108 for service com.tencent.mm/.service.ProcessService$SandBoxProcessService
05-01 15:11:29.890 15127 15127 E ActivityThread: Failed to find provider info for com.tencent.mm.coolassist.debugprovider
05-01 15:11:33.688  3154  3614 D NetworkStats: Resolving plan for NetworkTemplate: matchRule=MOBILE_ALL, subscriberId=466924..., matchSubscriberIds=[466924...]
05-01 15:11:33.690  3154  3614 D NetworkStats: Found active matching subId 1
05-01 15:11:33.697  3154  3614 D NetworkStats: Resolved to plan null
05-01 15:11:39.682  3154  3614 D NetworkStats: Resolving plan for NetworkTemplate: matchRule=MOBILE_ALL, subscriberId=466924..., matchSubscriberIds=[466924...]
05-01 15:11:39.684  3154  3614 D NetworkStats: Found active matching subId 1
05-01 15:11:39.689  3154  3614 D NetworkStats: Resolved to plan null
05-01 15:11:39.709  3154  3274 I ActivityManager: Start proc 15191:jp.naver.line.android/u0a110 for broadcast jp.naver.line.android/.service.push.C2DMReceiver
05-01 15:11:39.716  2849  2963 E NetlinkEvent: NetlinkEvent::FindParam(): Parameter 'INTERFACE' not found
05-01 15:11:39.717  2849  2963 E NetlinkEvent: NetlinkEvent::FindParam(): Parameter 'STATE' not found
05-01 15:11:39.717  2849  2963 E NetlinkEvent: NetlinkEvent::FindParam(): Parameter 'TIME_NS' not found
05-01 15:11:39.717  2849  2963 E NetlinkEvent: NetlinkEvent::FindParam(): Parameter 'UID' not found
05-01 15:11:39.747  3154  3274 I ActivityManager: Start proc 15207:com.facebook.orca/u0a61 for service com.facebook.orca/com.facebook.mqttlite.MqttService
05-01 15:11:45.281  3154  3274 W BroadcastQueue: Permission Denial: broadcasting Intent { act=android.net.conn.CONNECTIVITY_CHANGE flg=0x4000010 (has extras) } from null (pid=-1, uid=-1) requires com.facebook.permission.prod.FB_APP_COMMUNICATION due to registered receiver BroadcastFilter{f46bfb9 u0 ReceiverList{111d80 15207 com.facebook.orca/10061/u0 remote:accca03}}
05-01 15:11:45.281  3154  3274 W BroadcastQueue: Permission Denial: broadcasting Intent { act=android.net.conn.INET_CONDITION_ACTION flg=0x4000010 (has extras) } from null (pid=-1, uid=-1) requires com.facebook.permission.prod.FB_APP_COMMUNICATION due to registered receiver BroadcastFilter{f46bfb9 u0 ReceiverList{111d80 15207 com.facebook.orca/10061/u0 remote:accca03}}
05-01 15:11:45.317  3154  3274 W BroadcastQueue: Permission Denial: broadcasting Intent { act=android.net.conn.CONNECTIVITY_CHANGE flg=0x4000010 (has extras) } from null (pid=-1, uid=-1) requires com.facebook.permission.prod.FB_APP_COMMUNICATION due to registered receiver BroadcastFilter{713767b u0 ReceiverList{dcb4e0a 15207 com.facebook.orca/10061/u0 remote:f8a9e75}}
05-01 15:12:11.838  3154  3614 D NetworkStats: Resolving plan for NetworkTemplate: matchRule=MOBILE_ALL, subscriberId=466924..., matchSubscriberIds=[466924...]
05-01 15:12:11.840  3154  3614 D NetworkStats: Found active matching subId 1
05-01 15:12:11.846  3154  3614 D NetworkStats: Resolved to plan null
05-01 15:12:35.531  3154  3614 D NetworkStats: Resolving plan for NetworkTemplate: matchRule=MOBILE_ALL, subscriberId=466924..., matchSubscriberIds=[466924...]
05-01 15:12:35.533  3154  3614 D NetworkStats: Found active matching subId 1
05-01 15:12:35.536  3154  3614 D NetworkStats: Resolved to plan null
05-01 15:12:35.550  2849  2963 E NetlinkEvent: NetlinkEvent::FindParam(): Parameter 'INTERFACE' not found
05-01 15:12:35.550  2849  2963 E NetlinkEvent: NetlinkEvent::FindParam(): Parameter 'STATE' not found
05-01 15:12:35.550  2849  2963 E NetlinkEvent: NetlinkEvent::FindParam(): Parameter 'TIME_NS' not found
05-01 15:12:35.550  2849  2963 E NetlinkEvent: NetlinkEvent::FindParam(): Parameter 'UID' not found
05-01 15:12:46.974  3154  3614 D NetworkStats: Resolving plan for NetworkTemplate: matchRule=MOBILE_ALL, subscriberId=466924..., matchSubscriberIds=[466924...]
05-01 15:12:46.977  3154  3614 D NetworkStats: Found active matching subId 1
05-01 15:12:46.981  3154  3614 D NetworkStats: Resolved to plan null
05-01 15:12:49.733  3154  3274 W ActivityManager: Stopping service due to app idle: u0a61 -19m20s682ms com.facebook.orca/com.facebook.mqttlite.MqttService
05-01 15:12:50.270  3154  3614 D NetworkStats: Resolving plan for NetworkTemplate: matchRule=MOBILE_ALL, subscriberId=466924..., matchSubscriberIds=[466924...]
05-01 15:12:50.273  3154  3614 D NetworkStats: Found active matching subId 1
05-01 15:12:50.277  3154  3614 D NetworkStats: Resolved to plan null
05-01 15:13:15.288  3154  3614 D NetworkStats: Resolving plan for NetworkTemplate: matchRule=MOBILE_ALL, subscriberId=466924..., matchSubscriberIds=[466924...]
05-01 15:13:15.290  3154  3614 D NetworkStats: Found active matching subId 1
05-01 15:13:15.294  3154  3614 D NetworkStats: Resolved to plan null
05-01 15:13:25.913  3154  3614 D NetworkStats: Resolving plan for NetworkTemplate: matchRule=MOBILE_ALL, subscriberId=466924..., matchSubscriberIds=[466924...]
05-01 15:13:25.914  3154  3614 D NetworkStats: Found active matching subId 1
05-01 15:13:25.917  3154  3614 D NetworkStats: Resolved to plan null
05-01 15:13:25.940  2849  2963 E NetlinkEvent: NetlinkEvent::FindParam(): Parameter 'INTERFACE' not found
05-01 15:13:25.940  2849  2963 E NetlinkEvent: NetlinkEvent::FindParam(): Parameter 'STATE' not found
05-01 15:13:25.940  2849  2963 E NetlinkEvent: NetlinkEvent::FindParam(): Parameter 'TIME_NS' not found
05-01 15:13:25.940  2849  2963 E NetlinkEvent: NetlinkEvent::FindParam(): Parameter 'UID' not found
05-01 15:13:36.970  3154  3614 D NetworkStats: Resolving plan for NetworkTemplate: matchRule=MOBILE_ALL, subscriberId=466924..., matchSubscriberIds=[466924...]
05-01 15:13:36.972  3154  3614 D NetworkStats: Found active matching subId 1
05-01 15:13:36.977  3154  3614 D NetworkStats: Resolved to plan null
05-01 15:13:40.107  3154  3614 D NetworkStats: Resolving plan for NetworkTemplate: matchRule=MOBILE_ALL, subscriberId=466924..., matchSubscriberIds=[466924...]
05-01 15:13:40.108  3154  3614 D NetworkStats: Found active matching subId 1
05-01 15:13:40.111  3154  3614 D NetworkStats: Resolved to plan null
05-01 15:14:00.266  3154  3614 D NetworkStats: Resolving plan for NetworkTemplate: matchRule=MOBILE_ALL, subscriberId=466924..., matchSubscriberIds=[466924...]
05-01 15:14:00.267  3154  3614 D NetworkStats: Found active matching subId 1
05-01 15:14:00.272  3154  3614 D NetworkStats: Resolved to plan null
05-01 15:14:03.699  3154  3614 D NetworkStats: Resolving plan for NetworkTemplate: matchRule=MOBILE_ALL, subscriberId=466924..., matchSubscriberIds=[466924...]
05-01 15:14:03.700  3154  3614 D NetworkStats: Found active matching subId 1
05-01 15:14:03.703  3154  3614 D NetworkStats: Resolved to plan null
05-01 15:14:14.857  3154  3614 D NetworkStats: Resolving plan for NetworkTemplate: matchRule=MOBILE_ALL, subscriberId=466924..., matchSubscriberIds=[466924...]
05-01 15:14:14.858  3154  3614 D NetworkStats: Found active matching subId 1
05-01 15:14:14.863  3154  3614 D NetworkStats: Resolved to plan null
05-01 15:14:19.850  3154  3614 D NetworkStats: Resolving plan for NetworkTemplate: matchRule=MOBILE_ALL, subscriberId=466924..., matchSubscriberIds=[466924...]
05-01 15:14:19.851  3154  3614 D NetworkStats: Found active matching subId 1
05-01 15:14:19.855  3154  3614 D NetworkStats: Resolved to plan null
05-01 15:14:19.871  2849  2963 E NetlinkEvent: NetlinkEvent::FindParam(): Parameter 'INTERFACE' not found
05-01 15:14:19.871  2849  2963 E NetlinkEvent: NetlinkEvent::FindParam(): Parameter 'STATE' not found
05-01 15:14:19.871  2849  2963 E NetlinkEvent: NetlinkEvent::FindParam(): Parameter 'TIME_NS' not found
05-01 15:14:19.871  2849  2963 E NetlinkEvent: NetlinkEvent::FindParam(): Parameter 'UID' not found
05-01 15:14:22.573  3154  3582 I ActivityManager: Start proc 15707:com.asus.configupdater/u0a43 for service com.asus.configupdater/.ConfigUpdateService
05-01 15:14:22.646  3154  7198 I ActivityManager: Killing 8030:com.asus.loguploader/u0a27 (adj 904): empty #31
05-01 15:14:35.314  3154  3614 D NetworkStats: Resolving plan for NetworkTemplate: matchRule=MOBILE_ALL, subscriberId=466924..., matchSubscriberIds=[466924...]
05-01 15:14:35.316  3154  3614 D NetworkStats: Found active matching subId 1
05-01 15:14:35.321  3154  3614 D NetworkStats: Resolved to plan null
05-01 15:14:41.554  3154  3614 D NetworkStats: Resolving plan for NetworkTemplate: matchRule=MOBILE_ALL, subscriberId=466924..., matchSubscriberIds=[466924...]
05-01 15:14:41.556  3154  3614 D NetworkStats: Found active matching subId 1
05-01 15:14:41.560  3154  3614 D NetworkStats: Resolved to plan null
05-01 15:14:41.572  2849  2963 E NetlinkEvent: NetlinkEvent::FindParam(): Parameter 'INTERFACE' not found
05-01 15:14:41.572  2849  2963 E NetlinkEvent: NetlinkEvent::FindParam(): Parameter 'STATE' not found
05-01 15:14:41.572  2849  2963 E NetlinkEvent: NetlinkEvent::FindParam(): Parameter 'TIME_NS' not found
05-01 15:14:41.572  2849  2963 E NetlinkEvent: NetlinkEvent::FindParam(): Parameter 'UID' not found
05-01 15:14:42.396  3154  7198 I ActivityManager: START u0 {cmp=jp.naver.line.android/.activity.chathistory.ChatHistoryActivityLaunchActivity (has extras)} from uid 10110
05-01 15:14:42.403  3154  7198 W ActivityManager: startActivity called from non-Activity context; forcing Intent.FLAG_ACTIVITY_NEW_TASK for: Intent { cmp=jp.naver.line.android/.activity.chathistory.ChatHistoryActivityLaunchActivity (has extras) }
05-01 15:14:42.418  3154 12531 E ActivityManager: applyOptionsLocked: Unknown animationType=0
05-01 15:14:42.435  3154  7198 I ActivityManager: START u0 {flg=0x4000000 cmp=jp.naver.line.android/.activity.chathistory.ChatHistoryActivity (has extras)} from uid 10110
05-01 15:14:42.913  3154  8274 D BluetoothManagerService: Unregistered for death of com.google.android.gms
05-01 15:14:42.913  3154  8274 D BluetoothManagerService: 0 registered Ble Apps
05-01 15:14:42.914  3154  8274 D BluetoothManagerService: Reseting the mEnable flag for clean disable
05-01 15:14:42.914  3154  8274 D BluetoothManagerService: Move to BT state OFF
05-01 15:14:42.914  3154  8274 D BluetoothManagerService: Calling sendBrEdrDownCallback callbacks
05-01 15:14:42.914  3154  8274 D BluetoothManagerService: isBleAppPresent() count: 0
05-01 15:14:42.916  3154  3377 D BluetoothManagerService: MESSAGE_BLUETOOTH_STATE_CHANGE: BLE_ON > BLE_TURNING_OFF
05-01 15:14:42.916  3154  3377 D BluetoothManagerService: Sending BLE State Change: BLE_ON > BLE_TURNING_OFF
05-01 15:14:43.179  3154  7198 I ActivityManager: Start proc 15811:com.android.chrome:webview_service/u0a55 for service com.android.chrome/org.chromium.android_webview.services.VariationsSeedServer
05-01 15:14:43.191  3154  8274 I ActivityManager: Start proc 15822:com.android.chrome:sandboxed_process0/u0i600 for webview_service jp.naver.line.android/org.chromium.content.app.SandboxedProcessService0
05-01 15:14:43.288  3154  3377 D BluetoothManagerService: MESSAGE_BLUETOOTH_STATE_CHANGE: BLE_TURNING_OFF > OFF
05-01 15:14:43.288  3154  3377 D BluetoothManagerService: Bluetooth is complete send Service Down
05-01 15:14:43.288  3154  3377 D BluetoothManagerService: Broadcasting onBluetoothServiceDown() to 18 receivers.
05-01 15:14:43.289  3154  3377 D BluetoothManagerService: unbindAndFinish(): android.bluetooth.IBluetooth$Stub$Proxy@a2200d5 mBinding = false mUnbinding = false
05-01 15:14:43.294  3154  3377 D BluetoothManagerService: Sending BLE State Change: BLE_TURNING_OFF > OFF
05-01 15:14:43.331  3154  7198 I ActivityManager: Process com.android.bluetooth (pid 14944) has died: fore RCVR
05-01 15:14:59.761  3154  3614 D NetworkStats: Resolving plan for NetworkTemplate: matchRule=MOBILE_ALL, subscriberId=466924..., matchSubscriberIds=[466924...]
05-01 15:14:59.763  3154  3614 D NetworkStats: Found active matching subId 1
05-01 15:14:59.766  3154  3614 D NetworkStats: Resolved to plan null
05-01 15:15:00.989  3154  3614 D NetworkStats: Resolving plan for NetworkTemplate: matchRule=MOBILE_ALL, subscriberId=466924..., matchSubscriberIds=[466924...]
05-01 15:15:00.990  3154  3614 D NetworkStats: Found active matching subId 1
05-01 15:15:00.994  3154  3614 D NetworkStats: Resolved to plan null
05-01 15:15:01.456  3154  9273 I ActivityManager: START u0 {flg=0x10804000 cmp=com.android.systemui/.recents.RecentsActivity} from uid 10038
05-01 15:15:02.135  3154  3976 I ActivityManager: Killing 8070:com.askey.taipeinavi/u0a125 (adj 906): empty #31
05-01 15:15:02.135  3154  3976 I ActivityManager: Killing 2649:com.facebook.appmanager/u0a97 (adj 906): empty #32
05-01 15:15:02.137  3154  3976 I ActivityManager: Killing 15191:jp.naver.line.android/u0a110 (adj 900): remove task
05-01 15:15:02.138  3154  3976 I ActivityManager: Killing 15822:com.android.chrome:sandboxed_process0/u0a110i600 (adj 900): remove task
05-01 15:15:02.139  3154  9273 I ActivityManager: START u0 {act=android.intent.action.MAIN cat=[android.intent.category.HOME] flg=0x10200000 cmp=com.android.launcher3/.NowLauncher} from uid 10038
05-01 15:15:02.156  3154  9273 W ActivityManager: Scheduling restart of crashed service jp.naver.line.android/org.chromium.content.app.SandboxedProcessService0 in 1000ms
05-01 15:15:02.165  3154  3290 D KernelUidCpuTimeReader: Removing uids 99600-99600
05-01 15:15:02.222  3154  8274 D ConnectivityService: ConnectivityService NetworkRequestInfo binderDied(NetworkRequest [ LISTEN id=4041, [ Capabilities: INTERNET&NOT_RESTRICTED&TRUSTED] ], android.os.BinderProxy@c83b36b)
05-01 15:15:02.223  3154 10229 D ConnectivityService: ConnectivityService NetworkRequestInfo binderDied(NetworkRequest [ LISTEN id=4040, [ Capabilities: INTERNET&NOT_RESTRICTED&TRUSTED&NOT_VPN&VALIDATED] ], android.os.BinderProxy@4802ec8)
05-01 15:15:02.223  3154 12160 I WindowManager: WIN DEATH: Window{205cb89 u0 jp.naver.line.android/jp.naver.line.android.activity.chathistory.ChatHistoryActivity}
05-01 15:15:02.243  3154  3385 W ActivityManager: setHasOverlayUi called on unknown pid: 15191
05-01 15:15:02.442  3154  9344 D BluetoothManagerService: Registered for death of com.google.android.gms
05-01 15:15:02.442  3154  9344 D BluetoothManagerService: 1 registered Ble Apps
05-01 15:15:02.442  3154  9344 D BluetoothManagerService: enable(com.google.android.gms):  mBluetooth =null mBinding = false mState = OFF
05-01 15:15:02.442  3154  9344 D BluetoothManagerService: enable returning
05-01 15:15:02.442  3154  3377 D BluetoothManagerService: MESSAGE_ENABLE(0): mBluetooth = null
05-01 15:15:02.454  3154  3377 I ActivityManager: Start proc 15938:com.android.bluetooth/1002 for service com.android.bluetooth/.btservice.AdapterService
05-01 15:15:02.552  3154  3154 D BluetoothManagerService: Bluetooth Adapter name changed to ASUS_X01BDA
05-01 15:15:02.552  3154  3154 D BluetoothManagerService: Stored Bluetooth name: ASUS_X01BDA
05-01 15:15:02.568  3154  3154 D BluetoothManagerService: BluetoothServiceConnection: com.android.bluetooth.btservice.AdapterService
05-01 15:15:02.568  3154  3377 D BluetoothManagerService: MESSAGE_BLUETOOTH_SERVICE_CONNECTED: 1
05-01 15:15:02.569  3154  3377 D BluetoothManagerService: Broadcasting onBluetoothServiceUp() to 16 receivers.
05-01 15:15:02.571  3154  3377 D BluetoothManagerService: MESSAGE_BLUETOOTH_STATE_CHANGE: OFF > BLE_TURNING_ON
05-01 15:15:02.571  3154  3377 D BluetoothManagerService: Sending BLE State Change: OFF > BLE_TURNING_ON
05-01 15:15:02.818  3154  7198 I PowerManagerService: Going to sleep by application request (uid 10038)...
05-01 15:15:02.826  3154  3154 V FingerprintService: startAuthentication(com.android.systemui)
05-01 15:15:02.826  3154  3154 V FingerprintService: starting client AuthenticationClient(com.android.systemui), initiatedByClient = true)
05-01 15:15:02.837  3154  3154 W FingerprintService: client com.android.systemui is authenticating...
05-01 15:15:03.068  3154  3392 I DisplayPowerController: Blocking screen off
05-01 15:15:03.068  3154  3392 I DisplayPowerController: Unblocked screen off after 0 ms
05-01 15:15:03.077  3154  9344 I BatteryService: Battery level = 86; status = 3
05-01 15:15:03.078  3154  3392 E KernelUidCpuTimeReader: Malformed cpu data for UID=10097!
05-01 15:15:03.078  3154  3392 E KernelUidCpuTimeReader: Time between reads: +916ms
05-01 15:15:03.078  3154  3392 E KernelUidCpuTimeReader: Previous times: u=+1m47s810ms s=+32s90ms
05-01 15:15:03.078  3154  3392 E KernelUidCpuTimeReader: Current times: u=+1m47s750ms s=+32s20ms
05-01 15:15:03.078  3154  3392 E KernelUidCpuTimeReader: Delta: u=-60ms s=-70ms
05-01 15:15:03.078  3154  3392 E KernelUidCpuTimeReader: Malformed cpu data for UID=10110!
05-01 15:15:03.078  3154  3392 E KernelUidCpuTimeReader: Time between reads: +916ms
05-01 15:15:03.078  3154  3392 E KernelUidCpuTimeReader: Previous times: u=+3h35m26s450ms s=+1h0m31s220ms
05-01 15:15:03.078  3154  3392 E KernelUidCpuTimeReader: Current times: u=+3h35m25s130ms s=+1h0m30s850ms
05-01 15:15:03.078  3154  3392 E KernelUidCpuTimeReader: Delta: u=-1s320ms s=-370ms
05-01 15:15:03.078  3154  3392 E KernelUidCpuTimeReader: Malformed cpu data for UID=10125!
05-01 15:15:03.078  3154  3392 E KernelUidCpuTimeReader: Time between reads: +916ms
05-01 15:15:03.078  3154  3392 E KernelUidCpuTimeReader: Previous times: u=+21s660ms s=+7s220ms
05-01 15:15:03.078  3154  3392 E KernelUidCpuTimeReader: Current times: u=+21s580ms s=+7s160ms
05-01 15:15:03.078  3154  3392 E KernelUidCpuTimeReader: Delta: u=-80ms s=-60ms
05-01 15:15:03.097  3154  3290 E BatteryExternalStatsWorker: no controller energy info supplied for bluetooth
05-01 15:15:03.114  3154  3385 I DisplayManagerService: Display device changed state: "", OFF
05-01 15:15:03.351  3154  3392 I PowerManagerService: Sleeping (uid 1000)...
05-01 15:15:03.451  3752  3752 V KeyguardStatusView: refresh statusview showing:true
05-01 15:15:03.455  3752  3752 V KeyguardDisplayManager: show
05-01 15:15:03.720  3154  3154 D BluetoothManagerService: Bluetooth Adapter address changed to 40:B0:76:B2:24:E9
05-01 15:15:03.721  3154  3154 D BluetoothManagerService: Stored Bluetoothaddress: 40:B0:76:B2:24:E9
05-01 15:15:03.721  3154  3154 D BluetoothManagerService: Bluetooth Adapter name changed to ASUS_X01BDA
05-01 15:15:03.721  3154  3154 D BluetoothManagerService: Stored Bluetooth name: ASUS_X01BDA
05-01 15:15:03.732  3154  3377 D BluetoothManagerService: MESSAGE_BLUETOOTH_STATE_CHANGE: BLE_TURNING_ON > BLE_ON
05-01 15:15:03.732  3154  3377 D BluetoothManagerService: Bluetooth is in LE only mode
05-01 15:15:03.732  3154  3377 D BluetoothManagerService: Binding Bluetooth GATT service
05-01 15:15:03.732  3154  3377 D BluetoothManagerService: Sending BLE State Change: BLE_TURNING_ON > BLE_ON
05-01 15:15:03.735  3154  3154 D BluetoothManagerService: BluetoothServiceConnection: com.android.bluetooth.gatt.GattService
05-01 15:15:03.735  3154  3377 D BluetoothManagerService: MESSAGE_BLUETOOTH_SERVICE_CONNECTED: 2
05-01 15:15:03.735  3154  3377 D BluetoothManagerService: BluetoothGatt Service is Up
05-01 15:15:07.447  3154  3274 I ActivityManager: Start proc 15988:jp.naver.line.android/u0a110 for broadcast jp.naver.line.android/.service.push.C2DMReceiver
05-01 15:15:09.219  3154  8274 D BluetoothManagerService: Unregistered for death of com.google.android.gms
05-01 15:15:09.220  3154  8274 D BluetoothManagerService: 0 registered Ble Apps
05-01 15:15:09.221  3154  8274 D BluetoothManagerService: Reseting the mEnable flag for clean disable
05-01 15:15:09.221  3154  8274 D BluetoothManagerService: Move to BT state OFF
05-01 15:15:09.222  3154  8274 D BluetoothManagerService: Calling sendBrEdrDownCallback callbacks
05-01 15:15:09.222  3154  8274 D BluetoothManagerService: isBleAppPresent() count: 0
05-01 15:15:09.222  3154  3377 D BluetoothManagerService: MESSAGE_BLUETOOTH_STATE_CHANGE: BLE_ON > BLE_TURNING_OFF
05-01 15:15:09.222  3154  3377 D BluetoothManagerService: Sending BLE State Change: BLE_ON > BLE_TURNING_OFF
05-01 15:15:09.603  3154  3377 D BluetoothManagerService: MESSAGE_BLUETOOTH_STATE_CHANGE: BLE_TURNING_OFF > OFF
05-01 15:15:09.603  3154  3377 D BluetoothManagerService: Bluetooth is complete send Service Down
05-01 15:15:09.603  3154  3377 D BluetoothManagerService: Broadcasting onBluetoothServiceDown() to 16 receivers.
05-01 15:15:09.603  3154  3377 D BluetoothManagerService: unbindAndFinish(): android.bluetooth.IBluetooth$Stub$Proxy@781a582 mBinding = false mUnbinding = false
05-01 15:15:09.606  3154  3377 D BluetoothManagerService: Sending BLE State Change: BLE_TURNING_OFF > OFF
05-01 15:15:09.642  3154  8180 I ActivityManager: Process com.android.bluetooth (pid 15938) has died: fore RCVR
05-01 15:15:18.146  3154  3154 V FingerprintService: onAuthenticated(owner=com.android.systemui, id=24497547, gp=0)
05-01 15:15:18.147  3154  3154 V FingerprintService: Done with client: com.android.systemui
05-01 15:15:18.168  3752  3752 V KeyguardDisplayManager: hide
05-01 15:15:18.171  3154  3274 W BroadcastQueue: Background execution not allowed: receiving Intent { act=android.intent.action.USER_PRESENT flg=0x24200010 } to com.facebook.katana/com.facebook.rti.orca.FbnsLiteBroadcastReceiver
05-01 15:15:18.171  3154  3274 W BroadcastQueue: Background execution not allowed: receiving Intent { act=android.intent.action.USER_PRESENT flg=0x24200010 } to com.google.android.gms/.auth.setup.devicesignals.LockScreenReceiver
05-01 15:15:18.172  3154  3274 W BroadcastQueue: Background execution not allowed: receiving Intent { act=android.intent.action.USER_PRESENT flg=0x24200010 } to com.google.android.gms/.trustagent.UserPresentBroadcastReceiver
05-01 15:15:18.172  3154  3274 W BroadcastQueue: Background execution not allowed: receiving Intent { act=android.intent.action.USER_PRESENT flg=0x24200010 } to com.google.android.gms/.chimera.GmsIntentOperationService$PersistentTrustedReceiver
05-01 15:15:18.172  3154  3274 W BroadcastQueue: Background execution not allowed: receiving Intent { act=android.intent.action.USER_PRESENT flg=0x24200010 } to com.instagram.android/com.instagram.push.fbns.FbnsInitBroadcastReceiver
05-01 15:15:18.172  3154  3274 W BroadcastQueue: Background execution not allowed: receiving Intent { act=android.intent.action.USER_PRESENT flg=0x24200010 } to com.askey.taipeinavi/com.openlife.checkme.beaconservice.BeaconReceiver
05-01 15:15:18.173  3154  8180 W ActivityManager: Background start not allowed: service Intent { act=Orca.START cmp=com.facebook.katana/com.facebook.rti.push.service.FbnsService (has extras) } to com.facebook.katana/com.facebook.rti.push.service.FbnsService from pid=30114 uid=10060 pkg=com.facebook.katana
05-01 15:15:18.182  3154  7198 W ActivityManager: Background start not allowed: service Intent { act=Orca.START cmp=com.instagram.android/com.facebook.rti.push.service.FbnsService (has extras) } to com.instagram.android/com.facebook.rti.push.service.FbnsService from pid=5933 uid=10070 pkg=com.instagram.android
05-01 15:15:18.195  3154  8274 D ConnectivityService: Returning UNBLOCKED NetworkInfo to uid=10070
05-01 15:15:18.196  3154  8274 I PowerManagerService: Waking up from sleep (uid=10038 reason=android.policy:FINGERPRINT)...
05-01 15:15:18.207  3154  7198 I BatteryService: Battery level = 86; status = 3
05-01 15:15:18.209  3154  3392 I DisplayPowerController: Blocking screen on until initial contents have been drawn.
05-01 15:15:18.250  3154  3385 I DisplayManagerService: Display device changed state: "", ON
05-01 15:15:18.261  3154 12531 W ActivityManager: Background start not allowed: service Intent { act=Orca.PERSISTENT_KICK_SKIP_PING cmp=com.facebook.orca/com.facebook.mqttlite.MqttService (has extras) } to com.facebook.orca/com.facebook.mqttlite.MqttService from pid=15207 uid=10061 pkg=com.facebook.orca
05-01 15:15:18.306  3154  3392 I DisplayPowerController: Unblocked screen on after 97 ms
05-01 15:15:18.398  3154  3614 D NetworkStats: Resolving plan for NetworkTemplate: matchRule=MOBILE_ALL, subscriberId=466924..., matchSubscriberIds=[466924...]
05-01 15:15:18.401  3154  3614 D NetworkStats: Found active matching subId 1
05-01 15:15:18.407  3154  3614 D NetworkStats: Resolved to plan null
05-01 15:15:18.602  3154 12531 D BluetoothManagerService: Registered for death of com.google.android.gms
05-01 15:15:18.602  3154 12531 D BluetoothManagerService: 1 registered Ble Apps
05-01 15:15:18.603  3154 12531 D BluetoothManagerService: enable(com.google.android.gms):  mBluetooth =null mBinding = false mState = OFF
05-01 15:15:18.603  3154 12531 D BluetoothManagerService: enable returning
05-01 15:15:18.603  3154  3377 D BluetoothManagerService: MESSAGE_ENABLE(0): mBluetooth = null
05-01 15:15:18.614  3154  3377 I ActivityManager: Start proc 16141:com.android.bluetooth/1002 for service com.android.bluetooth/.btservice.AdapterService
05-01 15:15:18.702  3154  3154 D BluetoothManagerService: Bluetooth Adapter name changed to ASUS_X01BDA
05-01 15:15:18.702  3154  3154 D BluetoothManagerService: Stored Bluetooth name: ASUS_X01BDA
05-01 15:15:18.711  3154  3154 D BluetoothManagerService: BluetoothServiceConnection: com.android.bluetooth.btservice.AdapterService
05-01 15:15:18.711  3154  3377 D BluetoothManagerService: MESSAGE_BLUETOOTH_SERVICE_CONNECTED: 1
05-01 15:15:18.712  3154  3377 D BluetoothManagerService: Broadcasting onBluetoothServiceUp() to 16 receivers.
05-01 15:15:18.716  3154  3377 D BluetoothManagerService: MESSAGE_BLUETOOTH_STATE_CHANGE: OFF > BLE_TURNING_ON
05-01 15:15:18.716  3154  3377 D BluetoothManagerService: Sending BLE State Change: OFF > BLE_TURNING_ON
05-01 15:15:19.648  3154 12531 I ActivityManager: START u0 {cmp=jp.naver.line.android/.activity.chathistory.ChatHistoryActivityLaunchActivity (has extras)} from uid 10110
05-01 15:15:19.648  3154 12531 W ActivityManager: startActivity called from non-Activity context; forcing Intent.FLAG_ACTIVITY_NEW_TASK for: Intent { cmp=jp.naver.line.android/.activity.chathistory.ChatHistoryActivityLaunchActivity (has extras) }
05-01 15:15:19.657  3154  3196 E ActivityManager: applyOptionsLocked: Unknown animationType=0
05-01 15:15:19.678  3154  3874 I ActivityManager: START u0 {flg=0x4000000 cmp=jp.naver.line.android/.activity.chathistory.ChatHistoryActivity (has extras)} from uid 10110
05-01 15:15:19.864  3154  3154 D BluetoothManagerService: Bluetooth Adapter address changed to 40:B0:76:B2:24:E9
05-01 15:15:19.864  3154  3154 D BluetoothManagerService: Stored Bluetoothaddress: 40:B0:76:B2:24:E9
05-01 15:15:19.865  3154  3154 D BluetoothManagerService: Bluetooth Adapter name changed to ASUS_X01BDA
05-01 15:15:19.866  3154  3154 D BluetoothManagerService: Stored Bluetooth name: ASUS_X01BDA
05-01 15:15:19.880  3154  3377 D BluetoothManagerService: MESSAGE_BLUETOOTH_STATE_CHANGE: BLE_TURNING_ON > BLE_ON
05-01 15:15:19.880  3154  3377 D BluetoothManagerService: Bluetooth is in LE only mode
05-01 15:15:19.880  3154  3377 D BluetoothManagerService: Binding Bluetooth GATT service
05-01 15:15:19.881  3154  3154 D BluetoothManagerService: BluetoothServiceConnection: com.android.bluetooth.gatt.GattService
05-01 15:15:19.881  3154  3377 D BluetoothManagerService: Sending BLE State Change: BLE_TURNING_ON > BLE_ON
05-01 15:15:19.882  3154  3377 D BluetoothManagerService: MESSAGE_BLUETOOTH_SERVICE_CONNECTED: 2
05-01 15:15:19.882  3154  3377 D BluetoothManagerService: BluetoothGatt Service is Up
05-01 15:15:20.199  3154  3874 D BluetoothManagerService: Unregistered for death of com.google.android.gms
05-01 15:15:20.199  3154  3874 D BluetoothManagerService: 0 registered Ble Apps
05-01 15:15:20.200  3154  3874 D BluetoothManagerService: Reseting the mEnable flag for clean disable
05-01 15:15:20.200  3154  3874 D BluetoothManagerService: Move to BT state OFF
05-01 15:15:20.200  3154  3874 D BluetoothManagerService: Calling sendBrEdrDownCallback callbacks
05-01 15:15:20.200  3154  3874 D BluetoothManagerService: isBleAppPresent() count: 0
05-01 15:15:20.201  3154  3377 D BluetoothManagerService: MESSAGE_BLUETOOTH_STATE_CHANGE: BLE_ON > BLE_TURNING_OFF
05-01 15:15:20.201  3154  3377 D BluetoothManagerService: Sending BLE State Change: BLE_ON > BLE_TURNING_OFF
05-01 15:15:20.368  3154  4504 I ActivityManager: Start proc 16219:com.android.chrome:sandboxed_process0/u0i601 for webview_service jp.naver.line.android/org.chromium.content.app.SandboxedProcessService0
05-01 15:15:20.576  3154  3377 D BluetoothManagerService: MESSAGE_BLUETOOTH_STATE_CHANGE: BLE_TURNING_OFF > OFF
05-01 15:15:20.576  3154  3377 D BluetoothManagerService: Bluetooth is complete send Service Down
05-01 15:15:20.576  3154  3377 D BluetoothManagerService: Broadcasting onBluetoothServiceDown() to 17 receivers.
05-01 15:15:20.576  3154  3377 D BluetoothManagerService: unbindAndFinish(): android.bluetooth.IBluetooth$Stub$Proxy@1d676a5 mBinding = false mUnbinding = false
--------- beginning of main
05-01 15:15:20.577  4446  4467 D BluetoothAdapter: onBluetoothServiceDown: Sending callbacks to 0 clients
05-01 15:15:20.577  4446  4467 D BluetoothAdapter: onBluetoothServiceDown: Finished sending callbacks to registered clients
05-01 15:15:20.577 20895 21075 D BluetoothAdapter: onBluetoothServiceDown: Sending callbacks to 0 clients
05-01 15:15:20.577 24666 29579 D BluetoothAdapter: onBluetoothServiceDown: Sending callbacks to 0 clients
05-01 15:15:20.577 24666 29579 D BluetoothAdapter: onBluetoothServiceDown: Finished sending callbacks to registered clients
05-01 15:15:20.577 20895 21075 D BluetoothAdapter: onBluetoothServiceDown: Finished sending callbacks to registered clients
05-01 15:15:20.577 20647 28342 D BluetoothAdapter: onBluetoothServiceDown: android.bluetooth.IBluetooth$Stub$Proxy@bb9a984
05-01 15:15:20.577 28831   702 D BluetoothAdapter: onBluetoothServiceDown: android.bluetooth.IBluetooth$Stub$Proxy@c1b0520
05-01 15:15:20.577 20647 28342 D BluetoothAdapter: onBluetoothServiceDown: Sending callbacks to 1 clients
05-01 15:15:20.577 20647 28342 D BluetoothAdapter: onBluetoothServiceDown: Finished sending callbacks to registered clients
05-01 15:15:20.577 28831   702 D BluetoothAdapter: onBluetoothServiceDown: Sending callbacks to 1 clients
05-01 15:15:20.577 28831   702 D BluetoothAdapter: onBluetoothServiceDown: Finished sending callbacks to registered clients
05-01 15:15:20.577 16141 16198 I chatty  : uid=1002(bluetooth) expire 3 lines
05-01 15:15:20.577 10779 10791 D BluetoothAdapter: onBluetoothServiceDown: android.bluetooth.IBluetooth$Stub$Proxy@d0b721d
05-01 15:15:20.577 10779 10791 D BluetoothAdapter: onBluetoothServiceDown: Sending callbacks to 1 clients
05-01 15:15:20.577 10779 10791 D BluetoothAdapter: onBluetoothServiceDown: Finished sending callbacks to registered clients
05-01 15:15:20.580 10074  1318 D BluetoothAdapter: onBluetoothServiceDown: android.bluetooth.IBluetooth$Stub$Proxy@7d23995
05-01 15:15:20.580 10074  1318 D BluetoothAdapter: onBluetoothServiceDown: Sending callbacks to 1 clients
05-01 15:15:20.580 10074  1318 D BluetoothAdapter: onBluetoothServiceDown: Finished sending callbacks to registered clients
05-01 15:15:20.582  3154  3377 D BluetoothManagerService: Sending BLE State Change: BLE_TURNING_OFF > OFF
05-01 15:15:20.618  3154  4504 I ActivityManager: Process com.android.bluetooth (pid 16141) has died: fore RCVR
05-01 15:15:20.619  3154  3278 I chatty  : uid=1000(system) ActivityManager expire 4 lines
05-01 15:15:20.907  9916  9916 I Conv2QueryExtension: com.google.android.apps.inputmethod.libs.search.sense.ConversationToQueryExtension: Current locale: zh_TW, config allows these locales: de,en,es,fr,it,ms,pt,ta
05-01 15:15:20.907  9916  9916 W Conv2QueryExtension: com.google.android.apps.inputmethod.libs.search.sense.ConversationToQueryExtension: Conv2Query not enabled due to current locale [zh_TW] not in whitelist [de,en,es,fr,it,ms,pt,ta].
05-01 15:15:20.907  9916  9916 I Conv2QueryExtension: com.google.android.apps.inputmethod.libs.search.sense.ConversationToQueryExtension: onActivate() : Disabled by unsupported locale
05-01 15:15:20.936 10779 16121 E WorkSourceUtil: Could not find package: com.google.android.gms.stats.eastworld
05-01 15:15:21.166   743   783 E ANDR-PERF-OPTSHANDLER: perf_lock_rel: updated /sys/class/mmc_host/mmc0/clk_scaling/enable with 1
05-01 15:15:21.166   743   783 E ANDR-PERF-OPTSHANDLER:  return value 2
05-01 15:15:21.174  2987  3028 E libnav  : CablComputeBacklightLevel(): UpdateType = DifferentSceneUpdate
05-01 15:15:21.269  2779  2844 I ThermalEngine: Sensor:msm_therm:31000 mC
05-01 15:15:22.270  2779  2844 I ThermalEngine: Sensor:msm_therm:31000 mC
05-01 15:15:22.921 15988 15988 I System.out: 1843200
05-01 15:15:22.931 15988 15988 I System.out: Processor	: AArch64 Processor rev 2 (aarch64)
05-01 15:15:22.931 15988 15988 I System.out: processor	: 0
05-01 15:15:22.931 15988 15988 I System.out: model name	: ARMv8 Processor rev 4 (v8l)
05-01 15:15:22.931 15988 15988 I System.out: BogoMIPS	: 38.40
05-01 15:15:22.931 15988 15988 I System.out: Features	: half thumb fastmult vfp edsp neon vfpv3 tls vfpv4 idiva idivt lpae evtstrm aes pmull sha1 sha2 crc32
05-01 15:15:22.931 15988 15988 I System.out: CPU implementer	: 0x51
05-01 15:15:22.931 15988 15988 I System.out: CPU architecture: 8
05-01 15:15:22.931 15988 15988 I System.out: CPU variant	: 0xa
05-01 15:15:22.931 15988 15988 I System.out: CPU part	: 0x801
05-01 15:15:22.931 15988 15988 I System.out: CPU revision	: 4
05-01 15:15:22.931 15988 15988 I System.out: 
05-01 15:15:22.931 15988 15988 I System.out: processor	: 1
05-01 15:15:22.931 15988 15988 I System.out: model name	: ARMv8 Processor rev 4 (v8l)
05-01 15:15:22.931 15988 15988 I System.out: BogoMIPS	: 38.40
05-01 15:15:22.931 15988 15988 I System.out: Features	: half thumb fastmult vfp edsp neon vfpv3 tls vfpv4 idiva idivt lpae evtstrm aes pmull sha1 sha2 crc32
05-01 15:15:22.931 15988 15988 I System.out: CPU implementer	: 0x51
05-01 15:15:22.931 15988 15988 I System.out: CPU architecture: 8
05-01 15:15:22.931 15988 15988 I System.out: CPU variant	: 0xa
05-01 15:15:22.932 15988 15988 I System.out: CPU part	: 0x801
05-01 15:15:22.932 15988 15988 I System.out: CPU revision	: 4
05-01 15:15:22.932 15988 15988 I System.out: 
05-01 15:15:22.932 15988 15988 I System.out: processor	: 2
05-01 15:15:22.932 15988 15988 I System.out: model name	: ARMv8 Processor rev 4 (v8l)
