05-01 14:45:15.281  2849  2963 E NetlinkEvent: NetlinkEvent::FindParam(): Parameter 'TIME_NS' not found
05-01 14:45:15.281  2849  2963 E NetlinkEvent: NetlinkEvent::FindParam(): Parameter 'UID' not found
05-01 14:45:24.521  9633 11728 E ActivityThread: Failed to find provider info for com.facebook.mlite.sso.MessengerLoggedInUserProvider
05-01 14:45:26.369  3154  4504 I BatteryService: Battery level = 87; status = 2
05-01 14:45:33.941  3154  3587 I ActivityManager: START u0 {act=android.intent.action.MAIN cat=[android.intent.category.HOME] flg=0x10200000 cmp=com.android.launcher3/.NowLauncher (has extras)} from uid 1000
05-01 14:45:34.273  3154  4510 I ActivityManager: START u0 {flg=0x10804000 cmp=com.android.systemui/.recents.RecentsActivity} from uid 10038
05-01 14:45:35.219  3154 10229 I ActivityManager: START u0 {act=android.intent.action.MAIN cat=[android.intent.category.HOME] flg=0x10200000 cmp=com.android.launcher3/.NowLauncher} from uid 10038
05-01 14:45:37.615  3154  3614 D NetworkStats: Resolving plan for NetworkTemplate: matchRule=MOBILE_ALL, subscriberId=466924..., matchSubscriberIds=[466924...]
05-01 14:45:37.616  3154  3614 D NetworkStats: Found active matching subId 1
05-01 14:45:37.621  3154  3614 D NetworkStats: Resolved to plan null
05-01 14:45:39.689  3154  3614 D NetworkStats: Resolving plan for NetworkTemplate: matchRule=MOBILE_ALL, subscriberId=466924..., matchSubscriberIds=[466924...]
05-01 14:45:39.694  3154  3614 D NetworkStats: Found active matching subId 1
05-01 14:45:39.698  3154  3614 D NetworkStats: Resolved to plan null
05-01 14:45:39.799  3154  3274 I ActivityManager: Waited long enough for: ServiceRecord{bd3a6eb u0 com.facebook.katana/com.facebook.rti.push.service.FbnsService}
05-01 14:45:40.923  3154  4502 I BatteryService: Battery level = 87; status = 3
05-01 14:45:40.929  3154  4510 W BroadcastQueue: Background execution not allowed: receiving Intent { act=android.intent.action.ACTION_POWER_DISCONNECTED flg=0x4000010 (has extras) } to com.google.android.apps.photos/.scheduler.PowerReceiver
05-01 14:45:40.930  3154  3274 W BroadcastQueue: Background execution not allowed: receiving Intent { act=android.intent.action.ACTION_POWER_DISCONNECTED flg=0x4000010 (has extras) } to com.google.android.gms/com.google.android.libraries.social.autobackup.AutoBackupEnvironment$BatteryReceiver
05-01 14:45:40.944  3154  3274 W BroadcastQueue: Background execution not allowed: receiving Intent { act=android.intent.action.ACTION_POWER_DISCONNECTED flg=0x4000010 (has extras) } to com.google.android.gms/.chimera.GmsIntentOperationService$PersistentTrustedReceiver
05-01 14:45:40.949  3154  3274 W BroadcastQueue: Background execution not allowed: receiving Intent { act=android.intent.action.ACTION_POWER_DISCONNECTED flg=0x4000010 (has extras) } to com.askey.taipeinavi/org.altbeacon.beacon.startup.StartupBroadcastReceiver
05-01 14:45:40.949  3154  3274 W BroadcastQueue: Background execution not allowed: receiving Intent { act=android.intent.action.DROPBOX_ENTRY_ADDED flg=0x10 (has extras) } to com.google.android.gms/.stats.service.DropBoxEntryAddedReceiver
05-01 14:45:40.949  3154  3274 W BroadcastQueue: Background execution not allowed: receiving Intent { act=android.intent.action.DROPBOX_ENTRY_ADDED flg=0x10 (has extras) } to com.google.android.gms/.chimera.GmsIntentOperationService$PersistentTrustedReceiver
05-01 14:45:40.950  3154  3274 W BroadcastQueue: Background execution not allowed: receiving Intent { act=android.intent.action.DROPBOX_ENTRY_ADDED flg=0x10 (has extras) } to com.google.android.gms/.stats.service.DropBoxEntryAddedReceiver
05-01 14:45:40.950  3154  3274 W BroadcastQueue: Background execution not allowed: receiving Intent { act=android.intent.action.DROPBOX_ENTRY_ADDED flg=0x10 (has extras) } to com.google.android.gms/.chimera.GmsIntentOperationService$PersistentTrustedReceiver
05-01 14:45:41.924  3154  3376 D UsbDeviceManager: Clear notification
05-01 14:45:43.500  3154  3870 I PowerManagerService: Going to sleep by application request (uid 10038)...
05-01 14:45:43.507  3154  3154 V FingerprintService: startAuthentication(com.android.systemui)
05-01 14:45:43.507  3154  3154 V FingerprintService: starting client AuthenticationClient(com.android.systemui), initiatedByClient = true)
05-01 14:45:43.520  3154  3154 W FingerprintService: client com.android.systemui is authenticating...
05-01 14:45:43.771  3154  3392 I DisplayPowerController: Blocking screen off
05-01 14:45:43.771  3154  3392 I DisplayPowerController: Unblocked screen off after 0 ms
05-01 14:45:43.780  3154  3870 I BatteryService: Battery level = 87; status = 3
05-01 14:45:43.817  3154  3385 I DisplayManagerService: Display device changed state: "", OFF
05-01 14:45:44.055  3154  3392 I PowerManagerService: Sleeping (uid 1000)...
05-01 14:45:44.149  3752  3752 V KeyguardStatusView: refresh statusview showing:true
05-01 14:45:44.154  3752  3752 V KeyguardDisplayManager: show
05-01 14:45:48.506  3154  3154 V FingerprintService: onAuthenticated(owner=com.android.systemui, id=24497547, gp=0)
05-01 14:45:48.507  3154  3154 V FingerprintService: Done with client: com.android.systemui
05-01 14:45:48.527  3752  3752 V KeyguardDisplayManager: hide
05-01 14:45:48.529  3154  3274 W BroadcastQueue: Background execution not allowed: receiving Intent { act=android.intent.action.USER_PRESENT flg=0x24200010 } to com.facebook.katana/com.facebook.rti.orca.FbnsLiteBroadcastReceiver
05-01 14:45:48.529  3154  3274 W BroadcastQueue: Background execution not allowed: receiving Intent { act=android.intent.action.USER_PRESENT flg=0x24200010 } to com.google.android.gms/.auth.setup.devicesignals.LockScreenReceiver
05-01 14:45:48.529  3154  3274 W BroadcastQueue: Background execution not allowed: receiving Intent { act=android.intent.action.USER_PRESENT flg=0x24200010 } to com.google.android.gms/.trustagent.UserPresentBroadcastReceiver
05-01 14:45:48.529  3154  3274 W BroadcastQueue: Background execution not allowed: receiving Intent { act=android.intent.action.USER_PRESENT flg=0x24200010 } to com.google.android.gms/.chimera.GmsIntentOperationService$PersistentTrustedReceiver
05-01 14:45:48.529  3154  3274 W BroadcastQueue: Background execution not allowed: receiving Intent { act=android.intent.action.USER_PRESENT flg=0x24200010 } to com.instagram.android/com.instagram.push.fbns.FbnsInitBroadcastReceiver
05-01 14:45:48.529  3154  3274 W BroadcastQueue: Background execution not allowed: receiving Intent { act=android.intent.action.USER_PRESENT flg=0x24200010 } to com.askey.taipeinavi/com.openlife.checkme.beaconservice.BeaconReceiver
05-01 14:45:48.543  3154  4510 W ActivityManager: Background start not allowed: service Intent { act=Orca.START cmp=com.instagram.android/com.facebook.rti.push.service.FbnsService (has extras) } to com.instagram.android/com.facebook.rti.push.service.FbnsService from pid=5933 uid=10070 pkg=com.instagram.android
05-01 14:45:48.553  3154  3870 I PowerManagerService: Waking up from sleep (uid=10038 reason=android.policy:FINGERPRINT)...
05-01 14:45:48.564  3154  4504 I BatteryService: Battery level = 87; status = 3
05-01 14:45:48.566  3154  3392 I DisplayPowerController: Blocking screen on until initial contents have been drawn.
05-01 14:45:48.602  3154  3385 I DisplayManagerService: Display device changed state: "", ON
05-01 14:45:48.639  3154  3392 I DisplayPowerController: Unblocked screen on after 73 ms
05-01 14:45:48.748  3154  3614 D NetworkStats: Resolving plan for NetworkTemplate: matchRule=MOBILE_ALL, subscriberId=466924..., matchSubscriberIds=[466924...]
05-01 14:45:48.750  3154  3614 D NetworkStats: Found active matching subId 1
05-01 14:45:48.754  3154  3614 D NetworkStats: Resolved to plan null
05-01 14:45:49.322  2855  2855 I wificond: Enters wifigbk_ageOutHistory
05-01 14:45:49.322  2855  2855 I wificond: Enters wifigbk_ageOutHistory
05-01 14:45:49.721  3154  3870 I PowerManagerService: Going to sleep by application request (uid 10038)...
05-01 14:45:49.725  3154  3154 V FingerprintService: startAuthentication(com.android.systemui)
05-01 14:45:49.725  3154  3154 V FingerprintService: starting client AuthenticationClient(com.android.systemui), initiatedByClient = true)
05-01 14:45:49.739  3154  3154 W FingerprintService: client com.android.systemui is authenticating...
05-01 14:45:49.982  3154  3392 I DisplayPowerController: Blocking screen off
05-01 14:45:49.983  3154  3392 I DisplayPowerController: Unblocked screen off after 0 ms
05-01 14:45:49.991  3154  3870 I BatteryService: Battery level = 87; status = 3
05-01 14:45:50.024  3154  3385 I DisplayManagerService: Display device changed state: "", OFF
05-01 14:45:50.250  3154  3392 I PowerManagerService: Sleeping (uid 1000)...
05-01 14:45:50.339  3752  3752 V KeyguardStatusView: refresh statusview showing:true
05-01 14:45:50.342  3752  3752 V KeyguardDisplayManager: show
05-01 14:45:50.399  3154  3154 V FingerprintService: onAuthenticated(owner=com.android.systemui, id=24497547, gp=0)
05-01 14:45:50.400  3154  3154 V FingerprintService: Done with client: com.android.systemui
05-01 14:45:50.417  3752  3752 V KeyguardDisplayManager: hide
05-01 14:45:50.425  3154  3274 W BroadcastQueue: Background execution not allowed: receiving Intent { act=android.intent.action.USER_PRESENT flg=0x24200010 } to com.facebook.katana/com.facebook.rti.orca.FbnsLiteBroadcastReceiver
05-01 14:45:50.425  3154  3274 W BroadcastQueue: Background execution not allowed: receiving Intent { act=android.intent.action.USER_PRESENT flg=0x24200010 } to com.google.android.gms/.auth.setup.devicesignals.LockScreenReceiver
05-01 14:45:50.426  3154  3274 W BroadcastQueue: Background execution not allowed: receiving Intent { act=android.intent.action.USER_PRESENT flg=0x24200010 } to com.google.android.gms/.trustagent.UserPresentBroadcastReceiver
05-01 14:45:50.426  3154  3274 W BroadcastQueue: Background execution not allowed: receiving Intent { act=android.intent.action.USER_PRESENT flg=0x24200010 } to com.google.android.gms/.chimera.GmsIntentOperationService$PersistentTrustedReceiver
05-01 14:45:50.426  3154  3274 W BroadcastQueue: Background execution not allowed: receiving Intent { act=android.intent.action.USER_PRESENT flg=0x24200010 } to com.instagram.android/com.instagram.push.fbns.FbnsInitBroadcastReceiver
05-01 14:45:50.426  3154  3274 W BroadcastQueue: Background execution not allowed: receiving Intent { act=android.intent.action.USER_PRESENT flg=0x24200010 } to com.askey.taipeinavi/com.openlife.checkme.beaconservice.BeaconReceiver
05-01 14:45:50.437  3154  4502 W ActivityManager: Background start not allowed: service Intent { act=Orca.START cmp=com.instagram.android/com.facebook.rti.push.service.FbnsService (has extras) } to com.instagram.android/com.facebook.rti.push.service.FbnsService from pid=5933 uid=10070 pkg=com.instagram.android
05-01 14:45:50.442  3154  3874 I PowerManagerService: Waking up from sleep (uid=10038 reason=android.policy:FINGERPRINT)...
05-01 14:45:50.452  3154  3392 I DisplayPowerController: Blocking screen on until initial contents have been drawn.
05-01 14:45:50.465  3154  3385 I DisplayManagerService: Display device changed state: "", ON
05-01 14:45:50.730  3154  3392 I DisplayPowerController: Unblocked screen on after 278 ms
05-01 14:45:50.732  3154  3392 W PowerManagerService: Screen on took 291 ms
05-01 14:45:52.523  3154  3614 D NetworkStats: Resolving plan for NetworkTemplate: matchRule=MOBILE_ALL, subscriberId=466924..., matchSubscriberIds=[466924...]
05-01 14:45:52.524  3154  3614 D NetworkStats: Found active matching subId 1
05-01 14:45:52.527  3154  3614 D NetworkStats: Resolved to plan null
05-01 14:45:55.789  3154  3196 I PowerManagerService: Going to sleep by application request (uid 10038)...
05-01 14:45:55.794  3154  3154 V FingerprintService: startAuthentication(com.android.systemui)
05-01 14:45:55.794  3154  3154 V FingerprintService: starting client AuthenticationClient(com.android.systemui), initiatedByClient = true)
05-01 14:45:55.807  3154  3154 W FingerprintService: client com.android.systemui is authenticating...
05-01 14:45:56.052  3154  3392 I DisplayPowerController: Blocking screen off
05-01 14:45:56.052  3154  3392 I DisplayPowerController: Unblocked screen off after 0 ms
05-01 14:45:56.061  3154  3196 I BatteryService: Battery level = 87; status = 3
05-01 14:45:56.096  3154  3385 I DisplayManagerService: Display device changed state: "", OFF
05-01 14:45:56.337  3154  3392 I PowerManagerService: Sleeping (uid 1000)...
05-01 14:45:56.417  3752  3752 V KeyguardStatusView: refresh statusview showing:true
05-01 14:45:56.421  3752  3752 V KeyguardDisplayManager: show
05-01 14:46:07.091  3154  3614 D NetworkStats: Resolving plan for NetworkTemplate: matchRule=MOBILE_ALL, subscriberId=466924..., matchSubscriberIds=[466924...]
05-01 14:46:07.092  3154  3614 D NetworkStats: Found active matching subId 1
05-01 14:46:07.096  3154  3614 D NetworkStats: Resolved to plan null
05-01 14:46:49.983  2849  2963 E NetlinkEvent: NetlinkEvent::FindParam(): Parameter 'INTERFACE' not found
05-01 14:46:49.983  2849  2963 E NetlinkEvent: NetlinkEvent::FindParam(): Parameter 'STATE' not found
05-01 14:46:49.983  2849  2963 E NetlinkEvent: NetlinkEvent::FindParam(): Parameter 'TIME_NS' not found
05-01 14:46:49.983  2849  2963 E NetlinkEvent: NetlinkEvent::FindParam(): Parameter 'UID' not found
05-01 14:46:50.028  3154  3274 W ProcessCpuTracker: Skipping unknown process pid 11954
05-01 14:48:01.687  2849  2963 E NetlinkEvent: NetlinkEvent::FindParam(): Parameter 'INTERFACE' not found
05-01 14:48:01.687  2849  2963 E NetlinkEvent: NetlinkEvent::FindParam(): Parameter 'STATE' not found
05-01 14:48:01.687  2849  2963 E NetlinkEvent: NetlinkEvent::FindParam(): Parameter 'TIME_NS' not found
05-01 14:48:01.687  2849  2963 E NetlinkEvent: NetlinkEvent::FindParam(): Parameter 'UID' not found
05-01 14:48:01.758  9633 12015 E ActivityThread: Failed to find provider info for com.facebook.mlite.sso.MessengerLoggedInUserProvider
05-01 14:48:05.478  3154  3154 V FingerprintService: onAuthenticated(owner=com.android.systemui, id=24497547, gp=0)
05-01 14:48:05.478  3154  3154 V FingerprintService: Done with client: com.android.systemui
05-01 14:48:05.500  3752  3752 V KeyguardDisplayManager: hide
05-01 14:48:05.503  3154  3274 W BroadcastQueue: Background execution not allowed: receiving Intent { act=android.intent.action.USER_PRESENT flg=0x24200010 } to com.facebook.katana/com.facebook.rti.orca.FbnsLiteBroadcastReceiver
05-01 14:48:05.503  3154  3274 W BroadcastQueue: Background execution not allowed: receiving Intent { act=android.intent.action.USER_PRESENT flg=0x24200010 } to com.google.android.gms/.auth.setup.devicesignals.LockScreenReceiver
05-01 14:48:05.503  3154  3274 W BroadcastQueue: Background execution not allowed: receiving Intent { act=android.intent.action.USER_PRESENT flg=0x24200010 } to com.google.android.gms/.trustagent.UserPresentBroadcastReceiver
05-01 14:48:05.503  3154  3274 W BroadcastQueue: Background execution not allowed: receiving Intent { act=android.intent.action.USER_PRESENT flg=0x24200010 } to com.google.android.gms/.chimera.GmsIntentOperationService$PersistentTrustedReceiver
05-01 14:48:05.503  3154  3274 W BroadcastQueue: Background execution not allowed: receiving Intent { act=android.intent.action.USER_PRESENT flg=0x24200010 } to com.instagram.android/com.instagram.push.fbns.FbnsInitBroadcastReceiver
05-01 14:48:05.503  3154  3274 W BroadcastQueue: Background execution not allowed: receiving Intent { act=android.intent.action.USER_PRESENT flg=0x24200010 } to com.askey.taipeinavi/com.openlife.checkme.beaconservice.BeaconReceiver
05-01 14:48:05.520  3154  4502 W ActivityManager: Background start not allowed: service Intent { act=Orca.START cmp=com.instagram.android/com.facebook.rti.push.service.FbnsService (has extras) } to com.instagram.android/com.facebook.rti.push.service.FbnsService from pid=5933 uid=10070 pkg=com.instagram.android
05-01 14:48:05.538  3154 10238 I PowerManagerService: Waking up from sleep (uid=10038 reason=android.policy:FINGERPRINT)...
05-01 14:48:05.551  3154  3392 I DisplayPowerController: Blocking screen on until initial contents have been drawn.
05-01 14:48:05.555  3154  3870 I BatteryService: Battery level = 87; status = 3
05-01 14:48:05.597  3154  3385 I DisplayManagerService: Display device changed state: "", ON
05-01 14:48:05.641  3154  3392 I DisplayPowerController: Unblocked screen on after 90 ms
05-01 14:48:06.369  2855  2855 I wificond: Enters wifigbk_ageOutHistory
05-01 14:48:06.369  2855  2855 I wificond: Enters wifigbk_ageOutHistory
05-01 14:48:08.556  3154 12160 I ActivityManager: START u0 {cmp=jp.naver.line.android/.activity.chathistory.ChatHistoryActivityLaunchActivity (has extras)} from uid 10110
05-01 14:48:08.563  3154 12160 W ActivityManager: startActivity called from non-Activity context; forcing Intent.FLAG_ACTIVITY_NEW_TASK for: Intent { cmp=jp.naver.line.android/.activity.chathistory.ChatHistoryActivityLaunchActivity (has extras) }
05-01 14:48:08.574  3154 10229 E ActivityManager: applyOptionsLocked: Unknown animationType=0
05-01 14:48:08.592  3154  4504 I ActivityManager: START u0 {flg=0x4000000 cmp=jp.naver.line.android/.activity.chathistory.ChatHistoryActivity (has extras)} from uid 10110
05-01 14:48:09.303  3154  3196 I ActivityManager: Start proc 12113:com.android.chrome:sandboxed_process0/u0i596 for webview_service jp.naver.line.android/org.chromium.content.app.SandboxedProcessService0
05-01 14:48:13.669  3154  3587 I ActivityManager: START u0 {act=android.intent.action.MAIN cat=[android.intent.category.HOME] flg=0x10200000 cmp=com.android.launcher3/.NowLauncher (has extras)} from uid 1000
05-01 14:48:14.010  3154  3757 I ActivityManager: START u0 {flg=0x10804000 cmp=com.android.systemui/.recents.RecentsActivity} from uid 10038
05-01 14:48:14.635  3154  3870 I ActivityManager: START u0 {act=android.intent.action.MAIN cat=[android.intent.category.HOME] flg=0x10200000 cmp=com.android.launcher3/.NowLauncher} from uid 10038
05-01 14:48:14.651  3154 12160 I ActivityManager: Killing 11467:jp.naver.line.android/u0a110 (adj 900): remove task
05-01 14:48:14.652  3154 12160 I ActivityManager: Killing 12113:com.android.chrome:sandboxed_process0/u0a110i596 (adj 900): remove task
05-01 14:48:14.668  3154  4504 W ActivityManager: Scheduling restart of crashed service jp.naver.line.android/org.chromium.content.app.SandboxedProcessService0 in 1000ms
05-01 14:48:14.678  3154  3290 D KernelUidCpuTimeReader: Removing uids 99596-99596
05-01 14:48:14.725  3154  3757 D ConnectivityService: ConnectivityService NetworkRequestInfo binderDied(NetworkRequest [ LISTEN id=4032, [ Capabilities: INTERNET&NOT_RESTRICTED&TRUSTED] ], android.os.BinderProxy@10b9479)
05-01 14:48:14.726  3154  4795 D ConnectivityService: ConnectivityService NetworkRequestInfo binderDied(NetworkRequest [ LISTEN id=4031, [ Capabilities: INTERNET&NOT_RESTRICTED&TRUSTED&NOT_VPN&VALIDATED] ], android.os.BinderProxy@7c145be)
05-01 14:48:14.726  3154  3757 I WindowManager: WIN DEATH: Window{bc99652 u0 jp.naver.line.android/jp.naver.line.android.activity.chathistory.ChatHistoryActivity}
05-01 14:48:14.740  3154  3385 W ActivityManager: setHasOverlayUi called on unknown pid: 11467
05-01 14:48:18.234  3154  3757 D BluetoothManagerService: disable(): mBluetooth = android.bluetooth.IBluetooth$Stub$Proxy@833f696 mBinding = false
05-01 14:48:18.234  3154  3757 D BluetoothManagerService: Persisting Bluetooth Setting: 0
05-01 14:48:18.235  3154  3377 D BluetoothManagerService: MESSAGE_DISABLE: mBluetooth = android.bluetooth.IBluetooth$Stub$Proxy@833f696
05-01 14:48:18.235  3154  3377 D BluetoothManagerService: Sending off request.
05-01 14:48:18.249  3154  3154 W Telecom : BluetoothPhoneService: onServiceDisconnected: setting mBluetoothHeadet to null
05-01 14:48:18.249  3154  3154 I Telecom : BluetoothDeviceManager: Lost BluetoothHeadset service. Removing all tracked devices.: BMSL.oSD@OkQ
05-01 14:48:18.287  3154  3377 D BluetoothManagerService: MESSAGE_BLUETOOTH_STATE_CHANGE: ON > TURNING_OFF
05-01 14:48:18.287  3154  3377 D BluetoothManagerService: Sending BLE State Change: ON > TURNING_OFF
05-01 14:48:18.290  3154  3377 D BluetoothManagerService: MESSAGE_BLUETOOTH_STATE_CHANGE: TURNING_OFF > BLE_ON
05-01 14:48:18.290  3154  3377 D BluetoothManagerService: Intermediate off, back to LE only mode
05-01 14:48:18.290  3154  3377 D BluetoothManagerService: Sending BLE State Change: TURNING_OFF > BLE_ON
05-01 14:48:18.295  3154  3377 D BluetoothManagerService: Broadcasting onBluetoothStateChange(false) to 12 receivers.
05-01 14:48:18.298  3154  3154 I Telecom : BluetoothDeviceManager: Lost BluetoothHeadset service. Removing all tracked devices.: BMSL.oSD@OkU
05-01 14:48:18.299  3154  3377 D BluetoothManagerService: Calling sendBrEdrDownCallback callbacks
05-01 14:48:18.299  3154  3377 D BluetoothManagerService: isBleAppPresent() count: 1
05-01 14:48:20.803  3154 11154 I PowerManagerService: Going to sleep by application request (uid 10038)...
05-01 14:48:20.808  3154  3154 V FingerprintService: startAuthentication(com.android.systemui)
05-01 14:48:20.808  3154  3154 V FingerprintService: starting client AuthenticationClient(com.android.systemui), initiatedByClient = true)
05-01 14:48:20.822  3154  3154 W FingerprintService: client com.android.systemui is authenticating...
05-01 14:48:21.070  3154  3392 I DisplayPowerController: Blocking screen off
05-01 14:48:21.070  3154  3392 I DisplayPowerController: Unblocked screen off after 0 ms
05-01 14:48:21.078  3154 11154 I BatteryService: Battery level = 87; status = 3
05-01 14:48:21.080  3154  3392 E KernelUidCpuTimeReader: Malformed cpu data for UID=10110!
05-01 14:48:21.080  3154  3392 E KernelUidCpuTimeReader: Time between reads: +6s407ms
05-01 14:48:21.080  3154  3392 E KernelUidCpuTimeReader: Previous times: u=+3h35m5s910ms s=+1h0m26s60ms
05-01 14:48:21.080  3154  3392 E KernelUidCpuTimeReader: Current times: u=+3h35m4s850ms s=+1h0m25s870ms
05-01 14:48:21.080  3154  3392 E KernelUidCpuTimeReader: Delta: u=-1s60ms s=-190ms
05-01 14:48:21.113  3154  3385 I DisplayManagerService: Display device changed state: "", OFF
05-01 14:48:21.340  3154  3392 I PowerManagerService: Sleeping (uid 1000)...
05-01 14:48:21.434  3752  3752 V KeyguardStatusView: refresh statusview showing:true
05-01 14:48:21.438  3752  3752 V KeyguardDisplayManager: show
05-01 14:48:21.449  3154  4485 D BluetoothManagerService: Unregistered for death of com.google.android.gms
05-01 14:48:21.449  3154  4485 D BluetoothManagerService: 0 registered Ble Apps
05-01 14:48:21.449  3154  4485 D BluetoothManagerService: Move to BT state OFF
05-01 14:48:21.449  3154  4485 D BluetoothManagerService: Calling sendBrEdrDownCallback callbacks
05-01 14:48:21.449  3154  4485 D BluetoothManagerService: isBleAppPresent() count: 0
05-01 14:48:21.450  3154  3377 D BluetoothManagerService: MESSAGE_BLUETOOTH_STATE_CHANGE: BLE_ON > BLE_TURNING_OFF
05-01 14:48:21.450  3154  3377 D BluetoothManagerService: Sending BLE State Change: BLE_ON > BLE_TURNING_OFF
05-01 14:48:21.824  3154  3377 D BluetoothManagerService: MESSAGE_BLUETOOTH_STATE_CHANGE: BLE_TURNING_OFF > OFF
05-01 14:48:21.824  3154  3377 D BluetoothManagerService: Bluetooth is complete send Service Down
05-01 14:48:21.824  3154  3377 D BluetoothManagerService: Broadcasting onBluetoothServiceDown() to 17 receivers.
05-01 14:48:21.825  3154  3377 D BluetoothManagerService: unbindAndFinish(): android.bluetooth.IBluetooth$Stub$Proxy@833f696 mBinding = false mUnbinding = false
05-01 14:48:21.828  3154  3377 D BluetoothManagerService: Sending BLE State Change: BLE_TURNING_OFF > OFF
05-01 14:48:21.870  3154  7016 I ActivityManager: Process com.android.bluetooth (pid 10588) has died: fore SVC 
05-01 14:48:21.870  3154  7016 W ActivityManager: Scheduling restart of crashed service org.codeaurora.bluetooth/.dun.BluetoothDunService in 1000ms
05-01 14:48:28.988  9633 12217 E ActivityThread: Failed to find provider info for com.facebook.mlite.sso.MessengerLoggedInUserProvider
05-01 14:48:36.610  3154  3274 W ActivityManager: Stopping service due to app idle: u0a60 -19m56s39ms com.facebook.katana/com.facebook.rti.push.service.FbnsService
05-01 14:48:36.610  3154  3274 W ActivityManager: Stopping service due to app idle: u0a60 -3m11s803ms com.facebook.katana/com.facebook.mqttlite.MqttService
05-01 14:48:44.320  9633 12297 E ActivityThread: Failed to find provider info for com.facebook.mlite.sso.MessengerLoggedInUserProvider
05-01 14:49:50.071  2855  2855 I wificond: Enters wifigbk_ageOutHistory
05-01 14:49:50.071  2855  2855 I wificond: Enters wifigbk_ageOutHistory
05-01 14:49:50.154  2849  2963 E NetlinkEvent: NetlinkEvent::FindParam(): Parameter 'INTERFACE' not found
05-01 14:49:50.154  2849  2963 E NetlinkEvent: NetlinkEvent::FindParam(): Parameter 'STATE' not found
05-01 14:49:50.154  2849  2963 E NetlinkEvent: NetlinkEvent::FindParam(): Parameter 'TIME_NS' not found
05-01 14:49:50.154  2849  2963 E NetlinkEvent: NetlinkEvent::FindParam(): Parameter 'UID' not found
05-01 14:51:21.330  2849  2963 E NetlinkEvent: NetlinkEvent::FindParam(): Parameter 'INTERFACE' not found
05-01 14:51:21.330  2849  2963 E NetlinkEvent: NetlinkEvent::FindParam(): Parameter 'STATE' not found
05-01 14:51:21.330  2849  2963 E NetlinkEvent: NetlinkEvent::FindParam(): Parameter 'TIME_NS' not found
05-01 14:51:21.330  2849  2963 E NetlinkEvent: NetlinkEvent::FindParam(): Parameter 'UID' not found
05-01 14:51:23.082  3154  3274 I ActivityManager: Waited long enough for: ServiceRecord{e07dc18 u0 com.facebook.katana/com.facebook.rti.push.service.FbnsService}
05-01 14:51:24.449  9633 12476 E ActivityThread: Failed to find provider info for com.facebook.mlite.sso.MessengerLoggedInUserProvider
05-01 14:51:50.579  3154 14135 D ConnectivityService: Returning BLOCKED NetworkInfo to uid=10060
05-01 14:51:50.579  3154  4510 D ConnectivityService: Returning BLOCKED NetworkInfo to uid=10108
05-01 14:51:51.432  2849  2963 E NetlinkEvent: NetlinkEvent::FindParam(): Parameter 'INTERFACE' not found
05-01 14:51:51.432  2849  2963 E NetlinkEvent: NetlinkEvent::FindParam(): Parameter 'STATE' not found
05-01 14:51:51.432  2849  2963 E NetlinkEvent: NetlinkEvent::FindParam(): Parameter 'TIME_NS' not found
05-01 14:51:51.432  2849  2963 E NetlinkEvent: NetlinkEvent::FindParam(): Parameter 'UID' not found
05-01 14:53:03.658  3154  3154 V FingerprintService: onAuthenticated(owner=com.android.systemui, id=24497547, gp=0)
05-01 14:53:03.658  3154  3154 V FingerprintService: Done with client: com.android.systemui
05-01 14:53:03.681  3752  3752 V KeyguardDisplayManager: hide
05-01 14:53:03.684  3154  3274 W BroadcastQueue: Background execution not allowed: receiving Intent { act=android.intent.action.USER_PRESENT flg=0x24200010 } to com.facebook.katana/com.facebook.rti.orca.FbnsLiteBroadcastReceiver
05-01 14:53:03.684  3154  3274 W BroadcastQueue: Background execution not allowed: receiving Intent { act=android.intent.action.USER_PRESENT flg=0x24200010 } to com.google.android.gms/.auth.setup.devicesignals.LockScreenReceiver
05-01 14:53:03.684  3154  3274 W BroadcastQueue: Background execution not allowed: receiving Intent { act=android.intent.action.USER_PRESENT flg=0x24200010 } to com.google.android.gms/.trustagent.UserPresentBroadcastReceiver
05-01 14:53:03.684  3154  3274 W BroadcastQueue: Background execution not allowed: receiving Intent { act=android.intent.action.USER_PRESENT flg=0x24200010 } to com.google.android.gms/.chimera.GmsIntentOperationService$PersistentTrustedReceiver
05-01 14:53:03.684  3154  3274 W BroadcastQueue: Background execution not allowed: receiving Intent { act=android.intent.action.USER_PRESENT flg=0x24200010 } to com.instagram.android/com.instagram.push.fbns.FbnsInitBroadcastReceiver
05-01 14:53:03.684  3154  3274 W BroadcastQueue: Background execution not allowed: receiving Intent { act=android.intent.action.USER_PRESENT flg=0x24200010 } to com.askey.taipeinavi/com.openlife.checkme.beaconservice.BeaconReceiver
05-01 14:53:03.694  3154  6597 W ActivityManager: Background start not allowed: service Intent { act=Orca.START cmp=com.instagram.android/com.facebook.rti.push.service.FbnsService (has extras) } to com.instagram.android/com.facebook.rti.push.service.FbnsService from pid=5933 uid=10070 pkg=com.instagram.android
05-01 14:53:03.708  3154  6597 D ConnectivityService: Returning BLOCKED NetworkInfo to uid=10070
05-01 14:53:03.710  3154 14135 I PowerManagerService: Waking up from sleep (uid=10038 reason=android.policy:FINGERPRINT)...
05-01 14:53:03.728  3154 10238 I BatteryService: Battery level = 87; status = 3
05-01 14:53:03.729  3154  3392 I DisplayPowerController: Blocking screen on until initial contents have been drawn.
05-01 14:53:03.766  3154  3385 I DisplayManagerService: Display device changed state: "", ON
05-01 14:53:03.838  3154  4510 D ConnectivityService: Returning UNBLOCKED NetworkInfo to uid=10108
05-01 14:53:03.893  3154  3614 D NetworkStats: Resolving plan for NetworkTemplate: matchRule=MOBILE_ALL, subscriberId=466924..., matchSubscriberIds=[466924...]
05-01 14:53:03.897  3154  3614 D NetworkStats: Found active matching subId 1
05-01 14:53:03.909  3154  3614 D NetworkStats: Resolved to plan null
05-01 14:53:03.959  3154  3392 I DisplayPowerController: Unblocked screen on after 230 ms
05-01 14:53:03.964  3154  3392 W PowerManagerService: Screen on took 255 ms
05-01 14:53:04.061  2849  2963 E NetlinkEvent: NetlinkEvent::FindParam(): Parameter 'INTERFACE' not found
05-01 14:53:04.061  2849  2963 E NetlinkEvent: NetlinkEvent::FindParam(): Parameter 'STATE' not found
05-01 14:53:04.061  2849  2963 E NetlinkEvent: NetlinkEvent::FindParam(): Parameter 'TIME_NS' not found
05-01 14:53:04.061  2849  2963 E NetlinkEvent: NetlinkEvent::FindParam(): Parameter 'UID' not found
05-01 14:53:04.214  3154  4482 D BluetoothManagerService: Registered for death of com.google.android.gms
05-01 14:53:04.214  3154  4482 D BluetoothManagerService: 1 registered Ble Apps
05-01 14:53:04.215  3154  4485 D BluetoothManagerService: enable(com.google.android.gms):  mBluetooth =null mBinding = false mState = OFF
05-01 14:53:04.215  3154  4485 D BluetoothManagerService: enable returning
05-01 14:53:04.215  3154  3377 D BluetoothManagerService: MESSAGE_ENABLE(0): mBluetooth = null
05-01 14:53:04.236  3154  3377 I ActivityManager: Start proc 12657:com.android.bluetooth/1002 for service com.android.bluetooth/.btservice.AdapterService
05-01 14:53:04.347  3154  3154 D BluetoothManagerService: Bluetooth Adapter name changed to ASUS_X01BDA
05-01 14:53:04.347  3154  3154 D BluetoothManagerService: Stored Bluetooth name: ASUS_X01BDA
05-01 14:53:04.358  3154  3154 D BluetoothManagerService: BluetoothServiceConnection: com.android.bluetooth.btservice.AdapterService
05-01 14:53:04.358  3154  3377 D BluetoothManagerService: MESSAGE_BLUETOOTH_SERVICE_CONNECTED: 1
05-01 14:53:04.359  3154  3377 D BluetoothManagerService: Broadcasting onBluetoothServiceUp() to 17 receivers.
05-01 14:53:04.362  3154  3377 D BluetoothManagerService: MESSAGE_BLUETOOTH_STATE_CHANGE: OFF > BLE_TURNING_ON
05-01 14:53:04.362  3154  3377 D BluetoothManagerService: Sending BLE State Change: OFF > BLE_TURNING_ON
05-01 14:53:05.536  3154  3154 D BluetoothManagerService: Bluetooth Adapter address changed to 40:B0:76:B2:24:E9
05-01 14:53:05.536  3154  3154 D BluetoothManagerService: Stored Bluetoothaddress: 40:B0:76:B2:24:E9
05-01 14:53:05.536  3154  3154 D BluetoothManagerService: Bluetooth Adapter name changed to ASUS_X01BDA
05-01 14:53:05.536  3154  3154 D BluetoothManagerService: Stored Bluetooth name: ASUS_X01BDA
05-01 14:53:05.544  3154  3377 D BluetoothManagerService: MESSAGE_BLUETOOTH_STATE_CHANGE: BLE_TURNING_ON > BLE_ON
05-01 14:53:05.544  3154  3377 D BluetoothManagerService: Bluetooth is in LE only mode
05-01 14:53:05.544  3154  3377 D BluetoothManagerService: Binding Bluetooth GATT service
05-01 14:53:05.544  3154  3377 D BluetoothManagerService: Sending BLE State Change: BLE_TURNING_ON > BLE_ON
05-01 14:53:05.547  3154  3154 D BluetoothManagerService: BluetoothServiceConnection: com.android.bluetooth.gatt.GattService
05-01 14:53:05.547  3154  3377 D BluetoothManagerService: MESSAGE_BLUETOOTH_SERVICE_CONNECTED: 2
05-01 14:53:05.547  3154  3377 D BluetoothManagerService: BluetoothGatt Service is Up
05-01 14:53:09.260  3154  3274 W ActivityManager: Stopping service due to app idle: u0a60 -4m24s979ms com.facebook.katana/com.facebook.rti.push.service.FbnsService
05-01 14:53:09.261  3154  3274 W ActivityManager: Stopping service due to app idle: u0a60 -7m44s453ms com.facebook.katana/com.facebook.mqttlite.MqttService
05-01 14:53:09.265  3154  6597 D ConnectivityService: Returning UNBLOCKED NetworkInfo to uid=10060
05-01 14:53:12.671  3154  6597 I ActivityManager: START u0 {act=android.intent.action.MAIN cat=[android.intent.category.LAUNCHER] flg=0x10200000 cmp=com.facebook.orca/.auth.StartScreenActivity bnds=[739,1340][960,1595]} from uid 10026
05-01 14:53:13.971  3154  4510 I ActivityManager: Start proc 12763:com.facebook.orca:videoplayer/u0a61 for service com.facebook.orca/com.facebook.video.heroplayer.service.HeroService
05-01 14:53:14.025  3154  4485 D BluetoothManagerService: Unregistered for death of com.google.android.gms
05-01 14:53:14.025  3154  4485 D BluetoothManagerService: 0 registered Ble Apps
05-01 14:53:14.027  3154  4485 D BluetoothManagerService: Reseting the mEnable flag for clean disable
05-01 14:53:14.027  3154  4485 D BluetoothManagerService: Move to BT state OFF
05-01 14:53:14.027  3154  4485 D BluetoothManagerService: Calling sendBrEdrDownCallback callbacks
05-01 14:53:14.027  3154  4485 D BluetoothManagerService: isBleAppPresent() count: 0
05-01 14:53:14.028  3154  3377 D BluetoothManagerService: MESSAGE_BLUETOOTH_STATE_CHANGE: BLE_ON > BLE_TURNING_OFF
05-01 14:53:14.028  3154  3377 D BluetoothManagerService: Sending BLE State Change: BLE_ON > BLE_TURNING_OFF
05-01 14:53:14.201  3154  4485 I ActivityManager: Start proc 12790:com.android.chrome:sandboxed_process0/u0i597 for webview_service com.facebook.orca/org.chromium.content.app.SandboxedProcessService0
05-01 14:53:14.400  3154  3377 D BluetoothManagerService: MESSAGE_BLUETOOTH_STATE_CHANGE: BLE_TURNING_OFF > OFF
05-01 14:53:14.401  3154  3377 D BluetoothManagerService: Bluetooth is complete send Service Down
05-01 14:53:14.401  3154  3377 D BluetoothManagerService: Broadcasting onBluetoothServiceDown() to 17 receivers.
05-01 14:53:14.401  3154  3377 D BluetoothManagerService: unbindAndFinish(): android.bluetooth.IBluetooth$Stub$Proxy@b6b9a04 mBinding = false mUnbinding = false
05-01 14:53:14.405  3154  3377 D BluetoothManagerService: Sending BLE State Change: BLE_TURNING_OFF > OFF
05-01 14:53:14.454  3154  6597 I ActivityManager: Process com.android.bluetooth (pid 12657) has died: fore SVC 
05-01 14:53:19.769  3154  6597 I ActivityManager: Start proc 12885:com.android.bluetooth/1002 for broadcast org.codeaurora.bt_wipower/.a4wp.BTEventHandler
05-01 14:53:19.861  3154  6597 I ActivityManager: Start proc 12899:jp.naver.line.android/u0a110 for broadcast jp.naver.line.android/.alarm.LineAlarmReceiver
05-01 14:53:20.199  3154  6597 W ActivityManager: Background start not allowed: service Intent { cmp=jp.naver.line.android/com.linecorp.linekeep.uploadservice.KeepNetworkService } to jp.naver.line.android/com.linecorp.linekeep.uploadservice.KeepNetworkService from pid=12899 uid=10110 pkg=jp.naver.line.android
05-01 14:53:21.661  3154  3587 I ActivityManager: START u0 {act=android.intent.action.MAIN cat=[android.intent.category.HOME] flg=0x10200000 cmp=com.android.launcher3/.NowLauncher (has extras)} from uid 1000
05-01 14:53:21.945  3154  6597 I ActivityManager: START u0 {flg=0x10804000 cmp=com.android.systemui/.recents.RecentsActivity} from uid 10038
05-01 14:53:22.101  3154  7016 D BluetoothManagerService: Registered for death of com.google.android.gms
05-01 14:53:22.101  3154  7016 D BluetoothManagerService: 1 registered Ble Apps
05-01 14:53:22.101  3154  7016 D BluetoothManagerService: enable(com.google.android.gms):  mBluetooth =null mBinding = false mState = OFF
05-01 14:53:22.101  3154  7016 D BluetoothManagerService: enable returning
05-01 14:53:22.102  3154  3377 D BluetoothManagerService: MESSAGE_ENABLE(0): mBluetooth = null
05-01 14:53:22.203  3154  3154 D BluetoothManagerService: Bluetooth Adapter name changed to ASUS_X01BDA
05-01 14:53:22.203  3154  3154 D BluetoothManagerService: Stored Bluetooth name: ASUS_X01BDA
05-01 14:53:22.229  3154  3154 D BluetoothManagerService: BluetoothServiceConnection: com.android.bluetooth.btservice.AdapterService
05-01 14:53:22.229  3154  3377 D BluetoothManagerService: MESSAGE_BLUETOOTH_SERVICE_CONNECTED: 1
05-01 14:53:22.231  3154  3377 D BluetoothManagerService: Broadcasting onBluetoothServiceUp() to 17 receivers.
05-01 14:53:22.234  3154  3377 D BluetoothManagerService: MESSAGE_BLUETOOTH_STATE_CHANGE: OFF > BLE_TURNING_ON
05-01 14:53:22.235  3154  3377 D BluetoothManagerService: Sending BLE State Change: OFF > BLE_TURNING_ON
05-01 14:53:23.085  3154  9208 I ActivityManager: START u0 {act=android.intent.action.MAIN cat=[android.intent.category.HOME] flg=0x10200000 cmp=com.android.launcher3/.NowLauncher} from uid 10038
05-01 14:53:23.165  3154  4485 I ActivityManager: Killing 9633:com.facebook.orca/u0a61 (adj 1001): remove task
05-01 14:53:23.167  3154  4485 I ActivityManager: Killing 12790:com.android.chrome:sandboxed_process0/u0a61i597 (adj 900): remove task
05-01 14:53:23.167  3154  4485 I ActivityManager: Killing 12763:com.facebook.orca:videoplayer/u0a61 (adj 900): remove task
05-01 14:53:23.195  3154  9208 W ActivityManager: Scheduling restart of crashed service com.facebook.orca/org.chromium.content.app.SandboxedProcessService0 in 1000ms
05-01 14:53:23.210  3154  3290 D KernelUidCpuTimeReader: Removing uids 99597-99597
05-01 14:53:23.236  3154  4485 W ActivityManager: Scheduling restart of crashed service com.facebook.orca/com.facebook.video.heroplayer.service.HeroService in 10959ms
05-01 14:53:23.278  3154 10238 D ConnectivityService: ConnectivityService NetworkRequestInfo binderDied(NetworkRequest [ LISTEN id=4033, [ Capabilities: INTERNET&NOT_RESTRICTED&TRUSTED] ], android.os.BinderProxy@de5eb16)
05-01 14:53:23.279  3154  3757 W ActivityManager: Scheduling restart of crashed service com.facebook.orca/com.facebook.mqttlite.MqttService in 1000ms
05-01 14:53:23.281  3154  3385 W ActivityManager: setHasOverlayUi called on unknown pid: 9633
05-01 14:53:23.418  3154  3154 D BluetoothManagerService: Bluetooth Adapter address changed to 40:B0:76:B2:24:E9
05-01 14:53:23.418  3154  3154 D BluetoothManagerService: Stored Bluetoothaddress: 40:B0:76:B2:24:E9
05-01 14:53:23.418  3154  3154 D BluetoothManagerService: Bluetooth Adapter name changed to ASUS_X01BDA
05-01 14:53:23.418  3154  3154 D BluetoothManagerService: Stored Bluetooth name: ASUS_X01BDA
05-01 14:53:23.427  3154  3377 D BluetoothManagerService: MESSAGE_BLUETOOTH_STATE_CHANGE: BLE_TURNING_ON > BLE_ON
05-01 14:53:23.427  3154  3377 D BluetoothManagerService: Bluetooth is in LE only mode
05-01 14:53:23.427  3154  3377 D BluetoothManagerService: Binding Bluetooth GATT service
05-01 14:53:23.427  3154  3377 D BluetoothManagerService: Sending BLE State Change: BLE_TURNING_ON > BLE_ON
05-01 14:53:23.429  3154  3154 D BluetoothManagerService: BluetoothServiceConnection: com.android.bluetooth.gatt.GattService
05-01 14:53:23.429  3154  3377 D BluetoothManagerService: MESSAGE_BLUETOOTH_SERVICE_CONNECTED: 2
05-01 14:53:23.429  3154  3377 D BluetoothManagerService: BluetoothGatt Service is Up
05-01 14:53:23.817  3154  3757 I PowerManagerService: Going to sleep by application request (uid 10038)...
05-01 14:53:23.821  3154  3154 V FingerprintService: startAuthentication(com.android.systemui)
05-01 14:53:23.821  3154  3154 V FingerprintService: starting client AuthenticationClient(com.android.systemui), initiatedByClient = true)
05-01 14:53:23.833  3154  3154 W FingerprintService: client com.android.systemui is authenticating...
05-01 14:53:24.061  3154  3392 I DisplayPowerController: Blocking screen off
05-01 14:53:24.061  3154  3392 I DisplayPowerController: Unblocked screen off after 0 ms
05-01 14:53:24.069  3154  4485 I BatteryService: Battery level = 87; status = 3
05-01 14:53:24.070  3154  3392 E KernelUidCpuTimeReader: Malformed cpu data for UID=10061!
05-01 14:53:24.070  3154  3392 E KernelUidCpuTimeReader: Time between reads: +869ms
05-01 14:53:24.070  3154  3392 E KernelUidCpuTimeReader: Previous times: u=+3h29m0s560ms s=+33m59s180ms
05-01 14:53:24.070  3154  3392 E KernelUidCpuTimeReader: Current times: u=+3h28m57s320ms s=+33m58s390ms
05-01 14:53:24.070  3154  3392 E KernelUidCpuTimeReader: Delta: u=-3s240ms s=-790ms
05-01 14:53:24.104  3154  3385 I DisplayManagerService: Display device changed state: "", OFF
05-01 14:53:24.291  3154  3274 I ActivityManager: Start proc 13044:com.facebook.orca/u0a61 for service com.facebook.orca/com.facebook.mqttlite.MqttService
05-01 14:53:24.303  3154  6597 W ActivityManager: Stopping service due to app idle: u0a61 -38m39s218ms com.facebook.orca/com.facebook.mqttlite.MqttService
05-01 14:53:24.324  3154  3392 I PowerManagerService: Sleeping (uid 1000)...
05-01 14:53:24.405  3752  3752 V KeyguardStatusView: refresh statusview showing:true
05-01 14:53:24.408  3752  3752 V KeyguardDisplayManager: show
05-01 14:53:25.108 13044 13044 I ActivityThread: handleStopService: token=android.os.BinderProxy@cee0950 not found.
05-01 14:53:25.252  3154  3757 W ActivityManager: Service done with onDestroy, but executeNesting=2: ServiceRecord{ae3044f u0 com.facebook.orca/com.facebook.mqttlite.MqttService}
05-01 14:53:29.250  3154  6597 W ActivityManager: Background start not allowed: service Intent { act=Orca.START cmp=com.facebook.orca/com.facebook.mqttlite.MqttService } to com.facebook.orca/com.facebook.mqttlite.MqttService from pid=13044 uid=10061 pkg=com.facebook.orca
05-01 14:53:29.401  3154  6597 D BluetoothManagerService: Unregistered for death of com.google.android.gms
05-01 14:53:29.401  3154  6597 D BluetoothManagerService: 0 registered Ble Apps
05-01 14:53:29.401  3154  6597 D BluetoothManagerService: Reseting the mEnable flag for clean disable
05-01 14:53:29.402  3154  6597 D BluetoothManagerService: Move to BT state OFF
05-01 14:53:29.402  3154  6597 D BluetoothManagerService: Calling sendBrEdrDownCallback callbacks
05-01 14:53:29.402  3154  6597 D BluetoothManagerService: isBleAppPresent() count: 0
05-01 14:53:29.403  3154  3377 D BluetoothManagerService: MESSAGE_BLUETOOTH_STATE_CHANGE: BLE_ON > BLE_TURNING_OFF
05-01 14:53:29.403  3154  3377 D BluetoothManagerService: Sending BLE State Change: BLE_ON > BLE_TURNING_OFF
05-01 14:53:29.555  3154  3274 W BroadcastQueue: Permission Denial: broadcasting Intent { act=android.net.conn.CONNECTIVITY_CHANGE flg=0x4000010 (has extras) } from null (pid=-1, uid=-1) requires com.facebook.permission.prod.FB_APP_COMMUNICATION due to registered receiver BroadcastFilter{ae7477d u0 ReceiverList{7ab99d4 13044 com.facebook.orca/10061/u0 remote:b94f327}}
05-01 14:53:29.555  3154  3274 W BroadcastQueue: Permission Denial: broadcasting Intent { act=android.net.conn.INET_CONDITION_ACTION flg=0x4000010 (has extras) } from null (pid=-1, uid=-1) requires com.facebook.permission.prod.FB_APP_COMMUNICATION due to registered receiver BroadcastFilter{ae7477d u0 ReceiverList{7ab99d4 13044 com.facebook.orca/10061/u0 remote:b94f327}}
05-01 14:53:29.593  3154  3274 W BroadcastQueue: Permission Denial: broadcasting Intent { act=android.net.conn.CONNECTIVITY_CHANGE flg=0x4000010 (has extras) } from null (pid=-1, uid=-1) requires com.facebook.permission.prod.FB_APP_COMMUNICATION due to registered receiver BroadcastFilter{ccb201f u0 ReceiverList{77ec7be 13044 com.facebook.orca/10061/u0 remote:f25de79}}
05-01 14:53:29.769  3154  3377 D BluetoothManagerService: MESSAGE_BLUETOOTH_STATE_CHANGE: BLE_TURNING_OFF > OFF
05-01 14:53:29.769  3154  3377 D BluetoothManagerService: Bluetooth is complete send Service Down
05-01 14:53:29.769  3154  3377 D BluetoothManagerService: Broadcasting onBluetoothServiceDown() to 18 receivers.
05-01 14:53:29.770  3154  3377 D BluetoothManagerService: unbindAndFinish(): android.bluetooth.IBluetooth$Stub$Proxy@afa3890 mBinding = false mUnbinding = false
05-01 14:53:29.773  3154  3377 D BluetoothManagerService: Sending BLE State Change: BLE_TURNING_OFF > OFF
05-01 14:53:29.839  3154 11154 I ActivityManager: Process com.android.bluetooth (pid 12885) has died: fore RCVR
05-01 14:53:47.103  3154  3614 D NetworkStats: Resolving plan for NetworkTemplate: matchRule=MOBILE_ALL, subscriberId=466924..., matchSubscriberIds=[466924...]
05-01 14:53:47.105  3154  3614 D NetworkStats: Found active matching subId 1
05-01 14:53:47.109  3154  3614 D NetworkStats: Resolved to plan null
05-01 14:53:51.262  3154  3274 I ActivityManager: Start proc 13169:com.google.android.apps.maps/u0a75 for broadcast com.google.android.apps.maps/com.google.android.apps.gmm.transit.TransitStationService
05-01 14:53:51.340  2849  2963 E NetlinkEvent: NetlinkEvent::FindParam(): Parameter 'INTERFACE' not found
05-01 14:53:51.340  2849  2963 E NetlinkEvent: NetlinkEvent::FindParam(): Parameter 'STATE' not found
05-01 14:53:51.340  2849  2963 E NetlinkEvent: NetlinkEvent::FindParam(): Parameter 'TIME_NS' not found
05-01 14:53:51.340  2849  2963 E NetlinkEvent: NetlinkEvent::FindParam(): Parameter 'UID' not found
05-01 14:53:51.921  3154 12160 I ActivityManager: Start proc 13216:com.google.process.gapps/u0a19 for content provider com.google.android.gsf/.settings.GoogleSettingsProvider
05-01 14:53:51.977  3154  3757 I ActivityManager: Killing 8056:com.google.android.partnersetup/u0a25 (adj 906): empty #31
05-01 14:53:52.587  3154  3274 W BroadcastQueue: Background execution not allowed: receiving Intent { act=android.intent.action.DROPBOX_ENTRY_ADDED flg=0x10 (has extras) } to com.google.android.gms/.stats.service.DropBoxEntryAddedReceiver
05-01 14:53:52.587  3154  3274 W BroadcastQueue: Background execution not allowed: receiving Intent { act=android.intent.action.DROPBOX_ENTRY_ADDED flg=0x10 (has extras) } to com.google.android.gms/.chimera.GmsIntentOperationService$PersistentTrustedReceiver
05-01 14:54:28.669  3154  3614 D NetworkStats: Resolving plan for NetworkTemplate: matchRule=MOBILE_ALL, subscriberId=466924..., matchSubscriberIds=[466924...]
05-01 14:54:28.673  3154  3614 D NetworkStats: Found active matching subId 1
05-01 14:54:28.678  3154  3614 D NetworkStats: Resolved to plan null
05-01 14:54:38.033  3154  3274 W ProcessCpuTracker: Skipping unknown process pid 13290
05-01 14:54:38.051  2849  2963 E NetlinkEvent: NetlinkEvent::FindParam(): Parameter 'INTERFACE' not found
05-01 14:54:38.052  2849  2963 E NetlinkEvent: NetlinkEvent::FindParam(): Parameter 'STATE' not found
05-01 14:54:38.052  2849  2963 E NetlinkEvent: NetlinkEvent::FindParam(): Parameter 'TIME_NS' not found
05-01 14:54:38.052  2849  2963 E NetlinkEvent: NetlinkEvent::FindParam(): Parameter 'UID' not found
05-01 14:54:38.069  3154  3633 D ConnectivityService: NetworkAgentInfo [MOBILE (UNKNOWN) - 443] EVENT_NETWORK_INFO_CHANGED, going from CONNECTED to SUSPENDED
05-01 14:54:38.069  3154  3633 D ConnectivityService: Sending SUSPENDED broadcast for type 0 NetworkAgentInfo [MOBILE (UNKNOWN) - 443] isDefaultNetwork=true
05-01 14:54:38.072  3154  3633 D ConnectivityService: Invalid tcpBufferSizes string: null, using defaults
05-01 14:54:38.108  3154  3614 D NetworkStats: Resolving plan for NetworkTemplate: matchRule=MOBILE_ALL, subscriberId=466924..., matchSubscriberIds=[466924...]
05-01 14:54:38.109  3154  3614 D NetworkStats: Found active matching subId 1
05-01 14:54:38.113  3154  3614 D NetworkStats: Resolved to plan null
05-01 14:54:38.121  3154  3614 D NetworkStats: Resolving plan for NetworkTemplate: matchRule=MOBILE_ALL, subscriberId=466924..., matchSubscriberIds=[466924...]
05-01 14:54:38.123  3154  3614 D NetworkStats: Found active matching subId 1
05-01 14:54:38.126  3154  3614 D NetworkStats: Resolved to plan null
05-01 14:54:38.157  3154  3633 D ConnectivityService: reportNetworkConnectivity(443, false) by 10019
05-01 14:54:38.159  3154 12531 W ActivityManager: Background start not allowed: service Intent { act=Orca.START cmp=com.facebook.katana/com.facebook.rti.push.service.FbnsService (has extras) } to com.facebook.katana/com.facebook.rti.push.service.FbnsService from pid=30114 uid=10060 pkg=com.facebook.katana
05-01 14:54:38.175  3154  3633 D ConnectivityService: NetworkAgentInfo [MOBILE (LTE) - 443] EVENT_NETWORK_INFO_CHANGED, going from SUSPENDED to CONNECTED
05-01 14:54:38.175  3154  3633 D ConnectivityService: Sending CONNECTED broadcast for type 0 NetworkAgentInfo [MOBILE (LTE) - 443] isDefaultNetwork=true
05-01 14:54:38.177  3154  4466 D ConnectivityService: Returning UNBLOCKED NetworkInfo to uid=10070
05-01 14:54:38.205  3154  3614 D NetworkStats: Resolving plan for NetworkTemplate: matchRule=MOBILE_ALL, subscriberId=466924..., matchSubscriberIds=[466924...]
05-01 14:54:38.208  3154  3614 D NetworkStats: Found active matching subId 1
05-01 14:54:38.216  3154  3614 D NetworkStats: Resolved to plan null
05-01 14:54:38.237  3154  3976 W ActivityManager: Background start not allowed: service Intent { act=Orca.START cmp=com.facebook.katana/com.facebook.rti.push.service.FbnsService (has extras) } to com.facebook.katana/com.facebook.rti.push.service.FbnsService from pid=30114 uid=10060 pkg=com.facebook.katana
05-01 14:54:38.258  3154  3614 D NetworkStats: Resolving plan for NetworkTemplate: matchRule=MOBILE_ALL, subscriberId=466924..., matchSubscriberIds=[466924...]
05-01 14:54:38.259  3154  3614 D NetworkStats: Found active matching subId 1
05-01 14:54:38.263  3154  3614 D NetworkStats: Resolved to plan null
