05-01 15:17:10.212  3154  3274 W BroadcastQueue: Background execution not allowed: receiving Intent { act=android.intent.action.USER_PRESENT flg=0x24200010 } to com.instagram.android/com.instagram.push.fbns.FbnsInitBroadcastReceiver
05-01 15:17:10.212  3154  3274 W BroadcastQueue: Background execution not allowed: receiving Intent { act=android.intent.action.USER_PRESENT flg=0x24200010 } to com.askey.taipeinavi/com.openlife.checkme.beaconservice.BeaconReceiver
05-01 15:17:10.213  4400  4400 I GsaVoiceInteractionSrv: O received Intent { act=android.intent.action.USER_PRESENT flg=0x24200010 }
05-01 15:17:10.213  4468  4468 E LibSecureUISvc: svc_sock_send_message(suisvc): invalid remote socket suilst
05-01 15:17:10.214   729   729 D qdlights: set_speaker_light_locked mode=0, colorRGB=00000000, onMS=0, offMS=0, rc=0
05-01 15:17:10.221  3154  4504 I chatty  : uid=1000(system) Binder:3154_D expire 11 lines
05-01 15:17:10.221  3154  3874 W ActivityManager: Background start not allowed: service Intent { act=Orca.START cmp=com.facebook.katana/com.facebook.rti.push.service.FbnsService (has extras) } to com.facebook.katana/com.facebook.rti.push.service.FbnsService from pid=30114 uid=10060 pkg=com.facebook.katana
05-01 15:17:10.223  3154  9344 W ActivityManager: Background start not allowed: service Intent { act=Orca.START cmp=com.instagram.android/com.facebook.rti.push.service.FbnsService (has extras) } to com.instagram.android/com.facebook.rti.push.service.FbnsService from pid=5933 uid=10070 pkg=com.instagram.android
05-01 15:17:10.224 10779 10779 I TrustAgent: [HomeAddressChangeTracker] User Present. Maybe fetch home.
05-01 15:17:10.226  3154  8274 I chatty  : uid=1000(system) Binder:3154_15 expire 3 lines
05-01 15:17:10.227 10779 10779 I TrustAgent: [HomeAddressChangeTracker] fetch for account yongshun1705@gmail.com
05-01 15:17:10.227 10779 10779 I TrustAgent: [HomeFetcher] return existing home address!
05-01 15:17:10.228  2880  3428 D cdfingerTA: qsee_spi_open spi id 2 ,retval = 0
05-01 15:17:10.228  2880  3428 D cdfingerTA: Run on ChipID[0X88]
05-01 15:17:10.228  2880  3428 D cdfingerTA: CFP_NZ: FP_REQUEST_DETECT_FINGER [1]
05-01 15:17:10.228  2880  3428 D cdfingerTA: configAGC agc = 0xec, spend 9 ms, ret = 0
05-01 15:17:10.228  2880  3428 D cdfingerTA: get image success 1650318432
05-01 15:17:10.228  2880  3428 D cdfingerTA: readOneFrame spend 19 ms, ret = 0
05-01 15:17:10.228  2880  3428 D cdfingerTA: isFingerUp retval = 135 
05-01 15:17:10.228  2880  3428 D cdfingerTA: extra preProcess frame num 30 , image Similarity 90
05-01 15:17:10.228  2880  3428 D cdfingerTA: cfp_is_finger isFingerDown = 0, count = 6313
05-01 15:17:10.228  2880  3428 D cdfingerTA: CFP_NZ: FP_REQUEST_DETECT_FINGER, result = 0
05-01 15:17:10.228  2880  3428 D cdfingerTA: qsee_spi_open retval = 0
05-01 15:17:10.228  2880  3428 D cdfinger: Detected: up_count = 0
05-01 15:17:10.228  2880  3428 D cdfinger: Detected: up_count = 1, 0:up 1:down, ret = 144
05-01 15:17:10.234  3154  8274 I PowerManagerService: Waking up from sleep (uid=10038 reason=android.policy:FINGERPRINT)...
05-01 15:17:10.241  3154  9344 I BatteryService: Battery level = 86; status = 3
05-01 15:17:10.244   758   758 D SurfaceFlinger: duplicate layer name: changing com.android.launcher3/com.android.launcher3.NowLauncher to com.android.launcher3/com.android.launcher3.NowLauncher#1
05-01 15:17:10.245  3154  3392 I DisplayPowerController: Blocking screen on until initial contents have been drawn.
05-01 15:17:10.248  3154  3290 I chatty  : uid=1000(system) batterystats-wo expire 15 lines
05-01 15:17:10.259 10074 10074 I SearchServiceCore: Event Bus thread is enabled
05-01 15:17:10.268   731   731 I QTI PowerHAL: Got set_interactive hint
05-01 15:17:10.268  3752 18496 I chatty  : uid=10038(com.android.systemui) Binder:3752_9 expire 7 lines
05-01 15:17:10.273   758   758 D SurfaceFlinger: Set power mode=2, type=0 flinger=0x7de0c5c000
05-01 15:17:10.273   727   841 I SDM     : DisplayBase::SetDisplayState: Set state = 1, display 0
05-01 15:17:10.273  2987  3028 I Dpps    : ProcessAbaEvents():521 in resume state return
05-01 15:17:10.280  3154  3385 I DisplayManagerService: Display device changed state: "", ON
05-01 15:17:10.290 10074 10074 W ThreadPoolDumper: Queue length for executor EventBus is now 11. Perhaps some tasks are too long, or the pool is too small.
05-01 15:17:10.312 10074 10194 W SessionLifecycleManager: Handover failed. Creating new session controller.
05-01 15:17:10.324  3154  4795 W ActivityManager: Background start not allowed: service Intent { act=Orca.PERSISTENT_KICK_SKIP_PING cmp=com.facebook.orca/com.facebook.mqttlite.MqttService (has extras) } to com.facebook.orca/com.facebook.mqttlite.MqttService from pid=15207 uid=10061 pkg=com.facebook.orca
05-01 15:17:10.328   719 25192 D audio_hw_primary: adev_set_parameters: enter: screen_state=on
05-01 15:17:10.328   719 25192 D msm8916_platform: platform_set_parameters:google_ret: -2
05-01 15:17:10.328   719 25192 D audio_hw_extn: audio_extn_set_anc_parameters: anc_enabled:0
05-01 15:17:10.328   719 25192 D audio_hw_spkr_prot: audio_extn_fbsp_set_parameters: Speaker protection disabled
05-01 15:17:10.339  2849  2963 E NetlinkEvent: NetlinkEvent::FindParam(): Parameter 'INTERFACE' not found
05-01 15:17:10.340  2849  2963 E NetlinkEvent: NetlinkEvent::FindParam(): Parameter 'STATE' not found
05-01 15:17:10.340  2849  2963 E NetlinkEvent: NetlinkEvent::FindParam(): Parameter 'TIME_NS' not found
05-01 15:17:10.340  2849  2963 E NetlinkEvent: NetlinkEvent::FindParam(): Parameter 'UID' not found
05-01 15:17:10.354  4134  4156 I QcrilOemhookMsgTunnel: [0]processOemHookIndication length=22
05-01 15:17:10.356 10074 10194 I StreamController: registerScope: nowcards-15-74807967-a2e8
05-01 15:17:10.359  3154  3392 I DisplayPowerController: Unblocked screen on after 114 ms
05-01 15:17:10.380  3752  3904 I chatty  : uid=10038(com.android.systemui) SysUiBg expire 78 lines
05-01 15:17:10.391  2880  3428 D cdfingerTA: qsee_spi_open spi id 2 ,retval = 0
05-01 15:17:10.391  2880  3428 D cdfingerTA: Run on ChipID[0X88]
05-01 15:17:10.391  2880  3428 D cdfingerTA: CFP_NZ: FP_REQUEST_DETECT_FINGER [1]
05-01 15:17:10.391  2880  3428 D cdfingerTA: configAGC agc = 0xec, spend 29 ms, ret = 0
05-01 15:17:10.391  2880  3428 D cdfingerTA: get image success 1648318432
05-01 15:17:10.391  2880  3428 D cdfingerTA: readOneFrame spend 19 ms, ret = 0
05-01 15:17:10.391  2880  3428 D cdfingerTA: isFingerUp retval = 0 
05-01 15:17:10.391  2880  3428 D cdfingerTA: CFP_NZ: FP_REQUEST_DETECT_FINGER, result = 128
05-01 15:17:10.391  2880  3428 D cdfingerTA: qsee_spi_open retval = 0
05-01 15:17:10.391  2880  3428 D cdfinger: got up=================
05-01 15:17:10.391  2880  3428 D cdfinger: Enter Switch Status, mCurStatus = 7
05-01 15:17:10.391  2880  3428 D cdfinger: mCurStatus = 7 , nextStatus = 13
05-01 15:17:10.391  2880  3428 D cdfinger: EventProcessThread end,then check status 13 and global status 1
05-01 15:17:10.393  2880  3428 D cdfinger: fnCa_update_template:index = 1
05-01 15:17:10.395  4134  4156 I QcrilOemhookMsgTunnel: [0]processOemHookIndication length=21
05-01 15:17:10.395  4134  4134 D QcrilMsgTunnelIfaceManager: handleMessage what = 0
05-01 15:17:10.396  2987  3028 E libnav  : CablComputeBacklightLevel(): UpdateType = DifferentSceneUpdate
05-01 15:17:10.413  2987  3028 E libnav  : CablComputeBacklightLevel(): UpdateType = DifferentSceneUpdate
05-01 15:17:10.416  2880  3428 D cdfingerTA: qsee_spi_open spi id 2 ,retval = 0
05-01 15:17:10.416  2880  3428 D cdfingerTA: Run on ChipID[0X88]
05-01 15:17:10.416  2880  3428 D cdfingerTA: CFP_HS: FP_REQUEST_UPDATE_TEMPLATE, idx = 1, gCurrTemplatCnts[1]
05-01 15:17:10.416  2880  3428 D cdfingerTA: glimmerLearn: index[0] , g_whichOnePatch[38], g_update[0]
05-01 15:17:10.416  2880  3428 D cdfingerTA: CFP_ALGO_T glimmerLearn time = 19ms
05-01 15:17:10.416  2880  3428 D cdfingerTA: qsee_spi_open retval = 0
05-01 15:17:10.416  2880  3428 D cdfinger: Update spend 23 ms
05-01 15:17:10.416  2880  3428 D cdfinger: EventProcessThread wait hal_Down! status:13
05-01 15:17:10.416  2880  3428 D cdfinger: fingerprint wait for finger .
05-01 15:17:10.416  2880  3428 D cdfinger: device_waitForFinger enter
05-01 15:17:10.427  3975  4109 I chatty  : uid=1000(system) MainEventThread expire 11 lines
05-01 15:17:10.432  2779  2844 I ThermalEngine: Sensor:msm_therm:28000 mC
05-01 15:17:10.442  3154  4662 I chatty  : uid=1000(system) IzatProvider expire 3 lines
05-01 15:17:10.442   740   740 V LocSvc_HIDL_IzatSubscription: [screenStatusUpdate][575] [HS] <<<<= [HC]
05-01 15:17:10.446  4468  4468 E LibSecureUISvc: svc_sock_send_message(suisvc): invalid remote socket suilst
05-01 15:17:10.459  9916  9916 I DeviceStatusMonitor: crx: onReceive() : Action = android.intent.action.SCREEN_ON
05-01 15:17:10.460  4000  4000 D ServiceStateProvider: subId=1
05-01 15:17:10.461   732  1971 D Sensors : activate called handle:2 enable:0
05-01 15:17:10.461   732  1971 D Sensors : stk3x3x-proximity calling driver disable
05-01 15:17:10.461   732  1971 D Sensors : ProximitySensor: set EVIOCSCLOCKID = 1
05-01 15:17:10.462 20860 20860 D CellBroadcastReceiver: onReceive Intent { act=android.intent.action.SERVICE_STATE flg=0x1000010 cmp=com.android.cellbroadcastreceiver/.CellBroadcastReceiver (has extras) }
05-01 15:17:10.476 20225 20225 I CarrierServices: [2] ServiceStateReceiver.onReceive: Received SERVICE_STATE intent.
05-01 15:17:10.481  4000  4000 D TelephonyProvider: subIdString = 1 subId = 1
05-01 15:17:10.497 10074  5794 W LocationOracle: No location history returned by ContextManager
05-01 15:17:10.499  4000  4000 D TelephonyProvider: subIdString = 1 subId = 1
05-01 15:17:10.520  4000  4000 D TelephonyProvider: subIdString = 1 subId = 1
05-01 15:17:10.529  4000  4000 D TelephonyProvider: subIdString = 1 subId = 1
05-01 15:17:10.536  2880  3428 D cdfingerTA: qsee_spi_open spi id 2 ,retval = 0
05-01 15:17:10.536  2880  3428 D cdfingerTA: Run on ChipID[0X88]
05-01 15:17:10.536  2880  3428 D cdfingerTA: qsee_spi_open retval = 0
05-01 15:17:10.541  4000  4000 D TelephonyProvider: subIdString = 1 subId = 1
05-01 15:17:10.543  2880  3428 D cdfingerTA: qsee_spi_open spi id 2 ,retval = 0
05-01 15:17:10.543  2880  3428 D cdfingerTA: Run on ChipID[0X88]
05-01 15:17:10.543  2880  3428 D cdfingerTA: CFP_NZ: FP_REQUEST_SETMODE
05-01 15:17:10.543  2880  3428 D cdfingerTA: qsee_spi_open retval = 0
05-01 15:17:10.543  2880  3428 D cdfingerTA: interrupt build time 0
05-01 15:17:10.543  2880  3428 D cdfingerTA: CFP_NZ: FP_REQUEST_SETMODE [3] ret[0]
05-01 15:17:10.543  2880  3428 D cdfinger: misc_data: 27 27 0 0 2
05-01 15:17:10.543  2880  3428 D cdfinger: device_waitForFinger ret = -128
05-01 15:17:10.543  2880  3428 W cdfinger: EventProcessThread wait hal_Down error!goto waitting!
05-01 15:17:10.543  2880  3428 D cdfinger: RawDataProcessLoop waiting signal!
05-01 15:17:10.553  4000  4000 D TelephonyProvider: subIdString = 1 subId = 1
05-01 15:17:10.556 10779 10779 I GeofencerStateMachine: removeGeofences: removeRequest=RemoveGeofencingRequest[REMOVE_BY_PENDING_INTENT pendingIntent=PendingIntent[creatorPackage=com.google.android.gms], packageName=com.google.android.gms]
05-01 15:17:10.558 10779 10779 I GeofencerStateMachine: removeGeofences: removeRequest=RemoveGeofencingRequest[REMOVE_BY_PENDING_INTENT pendingIntent=PendingIntent[creatorPackage=com.google.android.gms], packageName=com.google.android.gms]
05-01 15:17:10.565  4000  4000 D TelephonyProvider: subIdString = 1 subId = 1
05-01 15:17:10.571 10779 16454 W ctxmgr  : [AclManager]No 3 for (accnt=account#-1869309031#, com.google.android.gms(10019):UserVelocityProducer, vrsn=16091021, 0, 3pPkg = null ,  3pMdlId = null ,  pid = 10779). Was: 2 for 1, account#-1869309031# [CONTEXT service_id=47 ]
05-01 15:17:10.575  4000  4000 D TelephonyProvider: subIdString = 1 subId = 1
05-01 15:17:10.575 10779 10779 I GeofencerStateMachine: removeGeofences: removeRequest=RemoveGeofencingRequest[REMOVE_BY_PENDING_INTENT pendingIntent=PendingIntent[creatorPackage=com.google.android.gms], packageName=com.google.android.gms]
05-01 15:17:10.585  4000  4000 D TelephonyProvider: subIdString = 1 subId = 1
05-01 15:17:10.605 10779 16454 E ctxmgr  : [ProducerStatusImpl]updateStateForNewContextData: inactive, contextName=7 [CONTEXT service_id=47 ]
05-01 15:17:10.615 10779 10779 I GeofencerStateMachine: removeGeofences: removeRequest=RemoveGeofencingRequest[REMOVE_BY_PENDING_INTENT pendingIntent=PendingIntent[creatorPackage=com.google.android.gms], packageName=com.google.android.gms]
05-01 15:17:10.618 10779 10779 I GeofencerStateMachine: removeGeofences: removeRequest=RemoveGeofencingRequest[REMOVE_BY_PENDING_INTENT pendingIntent=PendingIntent[creatorPackage=com.google.android.gms], packageName=com.google.android.gms]
05-01 15:17:10.631 10779 16455 I PlaceInferenceEngine: [anon] Changed inference mode: 0
05-01 15:17:10.641 10779 16455 I PlaceInferenceEngine: [account#-1869309031] Changed inference mode: 0
05-01 15:17:10.657 10779 16455 I Places  : ?: PlacesBleScanner start() with priority 2
05-01 15:17:10.657 10779 16455 I PlaceInferenceEngine: [anon] Changed inference mode: 1
05-01 15:17:10.657 10779 16455 I PlaceInferenceEngine: [account#-1869309031] Changed inference mode: 1
05-01 15:17:10.661  3154  4466 I chatty  : uid=1000(system) Binder:3154_9 expire 31 lines
05-01 15:17:10.664 10779 10779 I BeaconBle: Using BLE 'L' hardware layer
05-01 15:17:10.668 10779 16455 I Places  : Converted 6 out of 6 WiFi scans
05-01 15:17:10.673 10779 16455 I PlaceInferenceEngine: [account#-1869309031] Changed inference mode: 1
05-01 15:17:10.673 10779 16455 I PlaceInferenceEngine: [anon] Changed inference mode: 1
05-01 15:17:10.691 10779 10779 I BeaconBle: Client requested scan, settings=BleSettings [scanMode=ZERO_POWER, callbackType=ALL_MATCHES, reportDelayMillis=0, 1 filters, 0 clients, callingClientName=Places]
05-01 15:17:10.695  3154 12160 D BluetoothManagerService: Registered for death of com.google.android.gms
05-01 15:17:10.695  3154 12160 D BluetoothManagerService: 1 registered Ble Apps
05-01 15:17:10.695 10779 10779 D BluetoothAdapter: isLeEnabled(): OFF
05-01 15:17:10.695 10779 10779 D BluetoothAdapter: enableBLE(): Calling enable
05-01 15:17:10.696  3154 12160 D BluetoothManagerService: enable(com.google.android.gms):  mBluetooth =null mBinding = false mState = OFF
05-01 15:17:10.696  3154 12160 D BluetoothManagerService: enable returning
05-01 15:17:10.696  3154  3377 D BluetoothManagerService: MESSAGE_ENABLE(0): mBluetooth = null
05-01 15:17:10.698 10779 10779 I BeaconBle: 'L' hardware scan: 1 filters, scanMode=-1, reportdelay=0, callback type=1, #clients=1, workSource=WorkSource{}
05-01 15:17:10.698 10779 10779 I BeaconBle: Resetting - new scanner available: false
05-01 15:17:10.698 10779 10779 I BeaconBle: Delegate scanner is not available - startScan ignored
05-01 15:17:10.698 10779 10779 I BeaconBle: OS scanner could not start
05-01 15:17:10.709  3154  3377 I ActivityManager: Start proc 16459:com.android.bluetooth/1002 for service com.android.bluetooth/.btservice.AdapterService
05-01 15:17:10.739 16459 16459 I chatty  : uid=1002(bluetooth) expire 86 lines
05-01 15:17:10.768 10779 16454 I PlaceInferenceEngine: No beacon scan available - ignoring candidates.
05-01 15:17:10.788 16459 16472 I chatty  : uid=1002(bluetooth) expire 35 lines
05-01 15:17:10.789 16459 16473 I chatty  : uid=1002(bluetooth) expire 216 lines
05-01 15:17:10.790 16459 16476 I chatty  : uid=1002(bluetooth) expire 2 lines
05-01 15:17:10.791 16459 16477 I chatty  : uid=1002(bluetooth) expire 3 lines
05-01 15:17:10.797 16459 16478 I chatty  : uid=1002(bluetooth) expire 37 lines
05-01 15:17:10.798  4525  4632 W OpenGLRenderer: Incorrectly called buildLayer on View: ShortcutAndWidgetContainer, destroying layer...
05-01 15:17:10.798  4525  4632 W OpenGLRenderer: Incorrectly called buildLayer on View: ShortcutAndWidgetContainer, destroying layer...
05-01 15:17:10.802  3154  3154 D BluetoothManagerService: Bluetooth Adapter name changed to ASUS_X01BDA
05-01 15:17:10.802  3154  3154 D BluetoothManagerService: Stored Bluetooth name: ASUS_X01BDA
05-01 15:17:10.809 16459 16479 I chatty  : uid=1002(bluetooth) expire 1 line
05-01 15:17:10.813  3154  3154 D BluetoothManagerService: BluetoothServiceConnection: com.android.bluetooth.btservice.AdapterService
05-01 15:17:10.813  3154  3377 D BluetoothManagerService: MESSAGE_BLUETOOTH_SERVICE_CONNECTED: 1
05-01 15:17:10.814  3154  3377 D BluetoothManagerService: Broadcasting onBluetoothServiceUp() to 17 receivers.
05-01 15:17:10.814  4000 13852 D BluetoothAdapter: onBluetoothServiceUp: android.bluetooth.IBluetooth$Stub$Proxy@19e8aff
05-01 15:17:10.815 30114  5679 D BluetoothAdapter: onBluetoothServiceUp: android.bluetooth.IBluetooth$Stub$Proxy@4183774
05-01 15:17:10.815  4400  4783 D BluetoothAdapter: onBluetoothServiceUp: android.bluetooth.IBluetooth$Stub$Proxy@eb8a499
05-01 15:17:10.815 15988 16345 D BluetoothAdapter: onBluetoothServiceUp: android.bluetooth.IBluetooth$Stub$Proxy@5d9b4d2
05-01 15:17:10.815  4446  4467 D BluetoothAdapter: onBluetoothServiceUp: android.bluetooth.IBluetooth$Stub$Proxy@2dbdb84
05-01 15:17:10.815 10885 13932 D BluetoothAdapter: onBluetoothServiceUp: android.bluetooth.IBluetooth$Stub$Proxy@b6f0541
05-01 15:17:10.815 28831 28929 D BluetoothAdapter: onBluetoothServiceUp: android.bluetooth.IBluetooth$Stub$Proxy@f125758
05-01 15:17:10.815 10074 15873 D BluetoothAdapter: onBluetoothServiceUp: android.bluetooth.IBluetooth$Stub$Proxy@c30e231
05-01 15:17:10.815 24666 29579 D BluetoothAdapter: onBluetoothServiceUp: android.bluetooth.IBluetooth$Stub$Proxy@7f58610
05-01 15:17:10.815 20647 21623 D BluetoothAdapter: onBluetoothServiceUp: android.bluetooth.IBluetooth$Stub$Proxy@9e9d9f0
05-01 15:17:10.816 20895 21075 D BluetoothAdapter: onBluetoothServiceUp: android.bluetooth.IBluetooth$Stub$Proxy@c2dec1d
05-01 15:17:10.816 10779 10791 D BluetoothAdapter: onBluetoothServiceUp: android.bluetooth.IBluetooth$Stub$Proxy@de0a0c9
05-01 15:17:10.816  4427 18369 D BluetoothAdapter: onBluetoothServiceUp: android.bluetooth.IBluetooth$Stub$Proxy@4824fe5
05-01 15:17:10.816 16459 16471 I chatty  : uid=1002(bluetooth) expire 1 line
05-01 15:17:10.817 16459 16470 I chatty  : uid=1002(bluetooth) expire 2 lines
05-01 15:17:10.817  3154  3377 D BluetoothManagerService: MESSAGE_BLUETOOTH_STATE_CHANGE: OFF > BLE_TURNING_ON
05-01 15:17:10.817  3154  3377 D BluetoothManagerService: Sending BLE State Change: OFF > BLE_TURNING_ON
05-01 15:17:10.829 10779 16454 I PlaceInferenceEngine: No beacon scan available - ignoring candidates.
05-01 15:17:10.839 16459 16488 I chatty  : uid=1002(bluetooth) expire 5 lines
05-01 15:17:10.841   720   720 I chatty  : uid=1002 bluetooth@1.0-s expire 35 lines
05-01 15:17:10.842   720 16491 I chatty  : uid=1002 bluetooth@1.0-s expire 159 lines
05-01 15:17:11.039  4134  4156 I QcrilOemhookMsgTunnel: [0]processOemHookIndication length=21
05-01 15:17:11.040  4134  4134 D QcrilMsgTunnelIfaceManager: handleMessage what = 0
05-01 15:17:11.044  4134  4156 I QcrilOemhookMsgTunnel: [0]processOemHookIndication length=21
05-01 15:17:11.044  4134  4134 D QcrilMsgTunnelIfaceManager: handleMessage what = 0
05-01 15:17:11.101  4134  4156 I QcrilOemhookMsgTunnel: [0]processOemHookIndication length=22
05-01 15:17:11.107  4000  4000 D ServiceStateProvider: subId=1
05-01 15:17:11.108 20860 20860 D CellBroadcastReceiver: onReceive Intent { act=android.intent.action.SERVICE_STATE flg=0x1000010 cmp=com.android.cellbroadcastreceiver/.CellBroadcastReceiver (has extras) }
05-01 15:17:11.111 20225 20225 I CarrierServices: [2] ServiceStateReceiver.onReceive: Received SERVICE_STATE intent.
05-01 15:17:11.143  4000  4000 D ServiceStateProvider: subId=1
05-01 15:17:11.145 20860 20860 D CellBroadcastReceiver: onReceive Intent { act=android.intent.action.SERVICE_STATE flg=0x1000010 cmp=com.android.cellbroadcastreceiver/.CellBroadcastReceiver (has extras) }
05-01 15:17:11.148 20225 20225 I CarrierServices: [2] ServiceStateReceiver.onReceive: Received SERVICE_STATE intent.
05-01 15:17:11.280  2987  3028 E libnav  : CablComputeBacklightLevel(): UpdateType = DifferentSceneUpdate
05-01 15:17:11.434  2779  2844 I ThermalEngine: Sensor:msm_therm:29000 mC
05-01 15:17:11.588  3154 12160 I ActivityManager: START u0 {cmp=jp.naver.line.android/.activity.chathistory.ChatHistoryActivityLaunchActivity (has extras)} from uid 10110
05-01 15:17:11.588  3154 12160 W ActivityManager: startActivity called from non-Activity context; forcing Intent.FLAG_ACTIVITY_NEW_TASK for: Intent { cmp=jp.naver.line.android/.activity.chathistory.ChatHistoryActivityLaunchActivity (has extras) }
05-01 15:17:11.605  3154  4466 E ActivityManager: applyOptionsLocked: Unknown animationType=0
05-01 15:17:11.631  3154  6597 I chatty  : uid=1000(system) Binder:3154_11 expire 21 lines
05-01 15:17:11.649  3154  4466 I ActivityManager: START u0 {flg=0x4000000 cmp=jp.naver.line.android/.activity.chathistory.ChatHistoryActivity (has extras)} from uid 10110
05-01 15:17:11.722 10074 11813 I PBSessionCacheImpl: Deleted sessionId[840200671136] from persistence.
05-01 15:17:11.736 10074 10194 W SearchServiceCore: Abort, client detached.
05-01 15:17:11.738 10074 10194 I StreamController: cleanUpControllerScope(nowcards-15-74807967-a2e8)
05-01 15:17:11.740  3154 12160 I chatty  : uid=1000(system) Binder:3154_1C expire 11 lines
05-01 15:17:11.834   720 16531 I chatty  : uid=1002 bluetooth@1.0-s expire 11 lines
05-01 15:17:11.836 16459 16532 I chatty  : uid=1002(bluetooth) expire 17 lines
05-01 15:17:11.839 16459 16533 I chatty  : uid=1002(bluetooth) expire 11 lines
05-01 15:17:11.840 16459 16534 I chatty  : uid=1002(bluetooth) expire 7 lines
05-01 15:17:11.941   578   578 W /system/bin/hwservicemanager: getTransport: Cannot find entry vendor.qti.hardware.iop@1.0::IIop/default in either framework or device manifest.
05-01 15:17:11.946 16459 16489 I chatty  : uid=1002(bluetooth) expire 98 lines
05-01 15:17:11.995 15988 15988 E ConstraintLayout: layout_constraintWidth_default="wrap" is deprecated.
05-01 15:17:11.995 15988 15988 E ConstraintLayout: Use layout_width="WRAP_CONTENT" and layout_constrainedWidth="true" instead.
05-01 15:17:11.998  3154  3154 D BluetoothManagerService: Bluetooth Adapter address changed to 40:B0:76:B2:24:E9
05-01 15:17:11.998  3154  3154 D BluetoothManagerService: Stored Bluetoothaddress: 40:B0:76:B2:24:E9
05-01 15:17:12.003  3154  3154 D BluetoothManagerService: Bluetooth Adapter name changed to ASUS_X01BDA
05-01 15:17:12.004  3154  3154 D BluetoothManagerService: Stored Bluetooth name: ASUS_X01BDA
05-01 15:17:12.011 15988 15988 E ConstraintLayout: layout_constraintWidth_default="wrap" is deprecated.
05-01 15:17:12.011 15988 15988 E ConstraintLayout: Use layout_width="WRAP_CONTENT" and layout_constrainedWidth="true" instead.
05-01 15:17:12.023 15988 15988 E ConstraintLayout: layout_constraintWidth_default="wrap" is deprecated.
05-01 15:17:12.023 15988 15988 E ConstraintLayout: Use layout_width="WRAP_CONTENT" and layout_constrainedWidth="true" instead.
05-01 15:17:12.028  3154  3196 I chatty  : uid=1000(system) Binder:3154_2 expire 24 lines
05-01 15:17:12.032 16459 16484 I chatty  : uid=1002(bluetooth) expire 1 line
05-01 15:17:12.035 16459 16540 I chatty  : uid=1002(bluetooth) expire 2 lines
05-01 15:17:12.040  3154  3377 D BluetoothManagerService: MESSAGE_BLUETOOTH_STATE_CHANGE: BLE_TURNING_ON > BLE_ON
05-01 15:17:12.040  3154  3377 D BluetoothManagerService: Bluetooth is in LE only mode
05-01 15:17:12.040  3154  3377 D BluetoothManagerService: Binding Bluetooth GATT service
05-01 15:17:12.041  3154  3377 D BluetoothManagerService: Sending BLE State Change: BLE_TURNING_ON > BLE_ON
05-01 15:17:12.042  3154  3274 I chatty  : uid=1000(system) ActivityManager expire 55 lines
05-01 15:17:12.044  3154  3154 D BluetoothManagerService: BluetoothServiceConnection: com.android.bluetooth.gatt.GattService
05-01 15:17:12.044  3154  3377 D BluetoothManagerService: MESSAGE_BLUETOOTH_SERVICE_CONNECTED: 2
05-01 15:17:12.044  3154  3377 D BluetoothManagerService: BluetoothGatt Service is Up
05-01 15:17:12.045 15988 15998 I zygote  : Background concurrent copying GC freed 32723(1998KB) AllocSpace objects, 20(1168KB) LOS objects, 49% free, 12MB/25MB, paused 256us total 107.902ms
05-01 15:17:12.050 10779 10779 I BeaconBle: Resetting - new scanner available: true
05-01 15:17:12.054 15988 15988 E ConstraintLayout: layout_constraintWidth_default="wrap" is deprecated.
05-01 15:17:12.054 15988 15988 E ConstraintLayout: Use layout_width="WRAP_CONTENT" and layout_constrainedWidth="true" instead.
05-01 15:17:12.056 10779 10779 I BeaconBle: 'L' hardware scan: 1 filters, scanMode=-1, reportdelay=0, callback type=1, #clients=1, workSource=WorkSource{}
05-01 15:17:12.057 10779 10779 I BeaconBle: Starting scan on OS scanner. BT state: 15
05-01 15:17:12.058 10779 10779 D BluetoothAdapter: isLeEnabled(): BLE_ON
05-01 15:17:12.063 10779 10791 D BluetoothLeScanner: onScannerRegistered() - status=0 scannerId=4 mScannerId=0
05-01 15:17:12.071 16459 16486 I chatty  : uid=1002(bluetooth) expire 1 line
05-01 15:17:12.073 15988 15988 E ConstraintLayout: layout_constraintWidth_default="wrap" is deprecated.
05-01 15:17:12.073 15988 15988 E ConstraintLayout: Use layout_width="WRAP_CONTENT" and layout_constrainedWidth="true" instead.
05-01 15:17:12.089 15988 15988 E ConstraintLayout: layout_constraintWidth_default="wrap" is deprecated.
05-01 15:17:12.089 15988 15988 E ConstraintLayout: Use layout_width="WRAP_CONTENT" and layout_constrainedWidth="true" instead.
05-01 15:17:12.113  2987  3028 E libnav  : CablComputeBacklightLevel(): UpdateType = DifferentSceneUpdate
05-01 15:17:12.435  2779  2844 I ThermalEngine: Sensor:msm_therm:29000 mC
05-01 15:17:12.988  3154  6597 I ActivityManager: START u0 {flg=0x34000000 cmp=jp.naver.line.android/.activity.main.MainActivity (has extras)} from uid 10110
05-01 15:17:12.993  3154  9344 W ActivityManager: Duplicate finish request for ActivityRecord{2e1d859 u0 jp.naver.line.android/.activity.chathistory.ChatHistoryActivity t3303 f}
05-01 15:17:13.029  3154  9344 I chatty  : uid=1000(system) Binder:3154_18 expire 18 lines
05-01 15:17:13.039   720 16536 I chatty  : uid=1002 bluetooth@1.0-s expire 2 lines
05-01 15:17:13.190   720 16490 I chatty  : uid=1002 bluetooth@1.0-s expire 1 line
05-01 15:17:13.297  2987  3028 E libnav  : CablComputeBacklightLevel(): UpdateType = DifferentSceneUpdate
05-01 15:17:13.437  2779  2844 I ThermalEngine: Sensor:msm_therm:30000 mC
05-01 15:17:14.440  2779  2844 I ThermalEngine: Sensor:msm_therm:30000 mC
05-01 15:17:14.805  3154  3196 I ActivityManager: START u0 {cmp=jp.naver.line.android/.activity.chathistory.ChatHistoryActivityLaunchActivity (has extras)} from uid 10110
05-01 15:17:14.841  3154  3196 I ActivityManager: START u0 {flg=0x4000000 cmp=jp.naver.line.android/.activity.chathistory.ChatHistoryActivity (has extras)} from uid 10110
05-01 15:17:15.017  3154  3385 I chatty  : uid=1000(system) android.display expire 4 lines
05-01 15:17:15.018   578   578 W /system/bin/hwservicemanager: getTransport: Cannot find entry vendor.qti.hardware.iop@1.0::IIop/default in either framework or device manifest.
05-01 15:17:15.091 15988 15988 E ConstraintLayout: layout_constraintWidth_default="wrap" is deprecated.
05-01 15:17:15.091 15988 15988 E ConstraintLayout: Use layout_width="WRAP_CONTENT" and layout_constrainedWidth="true" instead.
05-01 15:17:15.125 15988 15988 I chatty  : uid=10110(jp.naver.line.android) identical 3 lines
05-01 15:17:15.175 15988 15988 E ConstraintLayout: layout_constraintWidth_default="wrap" is deprecated.
05-01 15:17:15.175 15988 15988 E ConstraintLayout: Use layout_width="WRAP_CONTENT" and layout_constrainedWidth="true" instead.
05-01 15:17:15.181  2987  3028 E libnav  : CablComputeBacklightLevel(): UpdateType = DifferentSceneUpdate
05-01 15:17:15.189 15988 15988 E ConstraintLayout: layout_constraintWidth_default="wrap" is deprecated.
05-01 15:17:15.189 15988 15988 E ConstraintLayout: Use layout_width="WRAP_CONTENT" and layout_constrainedWidth="true" instead.
05-01 15:17:15.348  2987  3028 E libnav  : CablComputeBacklightLevel(): UpdateType = DifferentSceneUpdate
05-01 15:17:15.441  2779  2844 I ThermalEngine: Sensor:msm_therm:30000 mC
05-01 15:17:15.513 10074  5794 I EventLogSendingHelper: Sending log events.
05-01 15:17:16.446  2779  2844 I ThermalEngine: Sensor:msm_therm:30000 mC
05-01 15:17:16.769 10779 16455 I Places  : ?: PlacesBleScanner stop()
05-01 15:17:16.770 10779 10779 D BluetoothAdapter: disableBLE(): de-registering com.google.android.gms
05-01 15:17:16.771  3154  6597 D BluetoothManagerService: Unregistered for death of com.google.android.gms
05-01 15:17:16.771  3154  6597 D BluetoothManagerService: 0 registered Ble Apps
05-01 15:17:16.771  3154  6597 D BluetoothManagerService: Reseting the mEnable flag for clean disable
05-01 15:17:16.772  3154  6597 D BluetoothManagerService: Move to BT state OFF
05-01 15:17:16.772  3154  6597 D BluetoothManagerService: Calling sendBrEdrDownCallback callbacks
05-01 15:17:16.772  3154  6597 D BluetoothManagerService: isBleAppPresent() count: 0
05-01 15:17:16.772 10779 16455 I PlaceInferenceEngine: [anon] Changed inference mode: 0
05-01 15:17:16.772 10779 16455 I PlaceInferenceEngine: [account#-1869309031] Changed inference mode: 0
05-01 15:17:16.773  3154  3377 D BluetoothManagerService: MESSAGE_BLUETOOTH_STATE_CHANGE: BLE_ON > BLE_TURNING_OFF
05-01 15:17:16.773  3154  3377 D BluetoothManagerService: Sending BLE State Change: BLE_ON > BLE_TURNING_OFF
05-01 15:17:16.778 10779 10779 I BeaconBle: Stopping scan on delegate scanner. BT state: 16
05-01 15:17:16.779 10779 10779 D BluetoothAdapter: isLeEnabled(): BLE_TURNING_OFF
05-01 15:17:16.779 10779 10779 I BeaconBle: Exception caught calling mLeScanner.stopScan() java.lang.IllegalStateException: BT Adapter is not turned ON
05-01 15:17:16.779 10779 10779 I BeaconBle: Delegate scanner is not available. stopScan ignored
05-01 15:17:16.780 10779 10779 I BeaconBle: Resetting - new scanner available: false
05-01 15:17:16.780 10779 10779 I BeaconBle: 'L' hardware scan: scan stopped, no clients
05-01 15:17:16.780 10779 10779 I BeaconBle: Places requested to stop scan
05-01 15:17:16.780 10779 10779 I BeaconBle: Scan canceled successfully.
05-01 15:17:16.805 10779 10779 I GeofencerStateMachine: removeGeofences: removeRequest=RemoveGeofencingRequest[REMOVE_BY_PENDING_INTENT pendingIntent=PendingIntent[creatorPackage=com.google.android.gms], packageName=com.google.android.gms]
05-01 15:17:16.993  3154  9344 I ActivityManager: START u0 {flg=0x20000000 cmp=jp.naver.line.android/jp.naver.gallery.android.activity.ChatGalleryActivity (has extras)} from uid 10110
05-01 15:17:17.141  3154  3377 D BluetoothManagerService: MESSAGE_BLUETOOTH_STATE_CHANGE: BLE_TURNING_OFF > OFF
05-01 15:17:17.141  3154  3377 D BluetoothManagerService: Bluetooth is complete send Service Down
05-01 15:17:17.141  3154  3377 D BluetoothManagerService: Broadcasting onBluetoothServiceDown() to 17 receivers.
05-01 15:17:17.141  3154  3377 I chatty  : uid=1000(system) android.io expire 3 lines
05-01 15:17:17.141  4000 13852 D BluetoothAdapter: onBluetoothServiceDown: android.bluetooth.IBluetooth$Stub$Proxy@19e8aff
05-01 15:17:17.141  4000 13852 D BluetoothAdapter: onBluetoothServiceDown: Sending callbacks to 0 clients
05-01 15:17:17.141  4000 13852 D BluetoothAdapter: onBluetoothServiceDown: Finished sending callbacks to registered clients
05-01 15:17:17.141 10074 11503 D BluetoothAdapter: onBluetoothServiceDown: android.bluetooth.IBluetooth$Stub$Proxy@c30e231
05-01 15:17:17.141 10074 11503 D BluetoothAdapter: onBluetoothServiceDown: Sending callbacks to 1 clients
05-01 15:17:17.141 10074 11503 D BluetoothAdapter: onBluetoothServiceDown: Finished sending callbacks to registered clients
05-01 15:17:17.141  4427 18369 D BluetoothAdapter: onBluetoothServiceDown: android.bluetooth.IBluetooth$Stub$Proxy@4824fe5
05-01 15:17:17.142  4427 18369 D BluetoothAdapter: onBluetoothServiceDown: Sending callbacks to 0 clients
05-01 15:17:17.142  4400 16250 D BluetoothAdapter: onBluetoothServiceDown: android.bluetooth.IBluetooth$Stub$Proxy@eb8a499
05-01 15:17:17.142  4427 18369 D BluetoothAdapter: onBluetoothServiceDown: Finished sending callbacks to registered clients
05-01 15:17:17.142  4400 16250 D BluetoothAdapter: onBluetoothServiceDown: Sending callbacks to 1 clients
05-01 15:17:17.142  4400 16250 D BluetoothAdapter: onBluetoothServiceDown: Finished sending callbacks to registered clients
05-01 15:17:17.142 15988 15999 D BluetoothAdapter: onBluetoothServiceDown: android.bluetooth.IBluetooth$Stub$Proxy@5d9b4d2
05-01 15:17:17.142 24666 29579 D BluetoothAdapter: onBluetoothServiceDown: android.bluetooth.IBluetooth$Stub$Proxy@7f58610
05-01 15:17:17.142 15988 15999 D BluetoothAdapter: onBluetoothServiceDown: Sending callbacks to 0 clients
05-01 15:17:17.142  4446  4467 D BluetoothAdapter: onBluetoothServiceDown: android.bluetooth.IBluetooth$Stub$Proxy@2dbdb84
05-01 15:17:17.142 15988 15999 D BluetoothAdapter: onBluetoothServiceDown: Finished sending callbacks to registered clients
05-01 15:17:17.142 24666 29579 D BluetoothAdapter: onBluetoothServiceDown: Sending callbacks to 0 clients
05-01 15:17:17.142 30114  5679 D BluetoothAdapter: onBluetoothServiceDown: android.bluetooth.IBluetooth$Stub$Proxy@4183774
05-01 15:17:17.142  3154  3377 D BluetoothManagerService: unbindAndFinish(): android.bluetooth.IBluetooth$Stub$Proxy@9c004b mBinding = false mUnbinding = false
05-01 15:17:17.142 24666 29579 D BluetoothAdapter: onBluetoothServiceDown: Finished sending callbacks to registered clients
05-01 15:17:17.142  4446  4467 D BluetoothAdapter: onBluetoothServiceDown: Sending callbacks to 0 clients
05-01 15:17:17.142  4446  4467 D BluetoothAdapter: onBluetoothServiceDown: Finished sending callbacks to registered clients
05-01 15:17:17.142 30114  5679 D BluetoothAdapter: onBluetoothServiceDown: Sending callbacks to 0 clients
05-01 15:17:17.142 30114  5679 D BluetoothAdapter: onBluetoothServiceDown: Finished sending callbacks to registered clients
05-01 15:17:17.142 28831   702 D BluetoothAdapter: onBluetoothServiceDown: android.bluetooth.IBluetooth$Stub$Proxy@f125758
05-01 15:17:17.142 28831   702 D BluetoothAdapter: onBluetoothServiceDown: Sending callbacks to 1 clients
05-01 15:17:17.142 28831   702 D BluetoothAdapter: onBluetoothServiceDown: Finished sending callbacks to registered clients
05-01 15:17:17.142 10779  1319 D BluetoothAdapter: onBluetoothServiceDown: android.bluetooth.IBluetooth$Stub$Proxy@de0a0c9
05-01 15:17:17.142 10779  1319 D BluetoothAdapter: onBluetoothServiceDown: Sending callbacks to 1 clients
05-01 15:17:17.142 10779  1319 D BluetoothAdapter: onBluetoothServiceDown: Finished sending callbacks to registered clients
05-01 15:17:17.142 16459 16541 I chatty  : uid=1002(bluetooth) expire 3 lines
05-01 15:17:17.142 20647 28342 D BluetoothAdapter: onBluetoothServiceDown: android.bluetooth.IBluetooth$Stub$Proxy@9e9d9f0
05-01 15:17:17.142 20647 28342 D BluetoothAdapter: onBluetoothServiceDown: Sending callbacks to 1 clients
05-01 15:17:17.142 20647 28342 D BluetoothAdapter: onBluetoothServiceDown: Finished sending callbacks to registered clients
05-01 15:17:17.142 20895 21075 D BluetoothAdapter: onBluetoothServiceDown: android.bluetooth.IBluetooth$Stub$Proxy@c2dec1d
05-01 15:17:17.142 20895 21075 D BluetoothAdapter: onBluetoothServiceDown: Sending callbacks to 0 clients
05-01 15:17:17.143 20895 21075 D BluetoothAdapter: onBluetoothServiceDown: Finished sending callbacks to registered clients
05-01 15:17:17.143 10885 13932 D BluetoothAdapter: onBluetoothServiceDown: android.bluetooth.IBluetooth$Stub$Proxy@b6f0541
05-01 15:17:17.143 10885 13932 D BluetoothAdapter: onBluetoothServiceDown: Sending callbacks to 1 clients
05-01 15:17:17.143 10885 13932 D BluetoothAdapter: onBluetoothServiceDown: Finished sending callbacks to registered clients
05-01 15:17:17.144  3154  3377 D BluetoothManagerService: Sending BLE State Change: BLE_TURNING_OFF > OFF
05-01 15:17:17.182  3154  4466 I ActivityManager: Process com.android.bluetooth (pid 16459) has died: fore RCVR
05-01 15:17:17.183  3154  3278 I chatty  : uid=1000(system) ActivityManager expire 2 lines
05-01 15:17:17.275   578   578 W /system/bin/hwservicemanager: getTransport: Cannot find entry vendor.qti.hardware.iop@1.0::IIop/default in either framework or device manifest.
05-01 15:17:17.447  2779  2844 I ThermalEngine: Sensor:msm_therm:30000 mC
05-01 15:17:17.448  2987  3028 E libnav  : CablComputeBacklightLevel(): UpdateType = DifferentSceneUpdate
05-01 15:17:18.449  2779  2844 I ThermalEngine: Sensor:msm_therm:30000 mC
05-01 15:17:19.452  2779  2844 I ThermalEngine: Sensor:msm_therm:30000 mC
05-01 15:17:20.456  2779  2844 I ThermalEngine: Sensor:msm_therm:30000 mC
05-01 15:17:20.512 10074 14934 I EventLogSendingHelper: Sending log events.
05-01 15:17:20.516 10074 10194 I WorkerManager: dispose()
05-01 15:17:20.516 10074 10194 W ThreadPoolDumper: Queue length for executor EventBus is now 11. Perhaps some tasks are too long, or the pool is too small.
05-01 15:17:21.460  2779  2844 I ThermalEngine: Sensor:msm_therm:30000 mC
05-01 15:17:21.792 10779 10779 I BeaconBle: 'L' hardware scan: scan stopped, no clients
05-01 15:17:22.462  2779  2844 I ThermalEngine: Sensor:msm_therm:30000 mC
05-01 15:17:23.466  2779  2844 I chatty  : uid=0(root) /system/vendor/bin/thermal-engine identical 10 lines
05-01 15:17:24.468  2779  2844 I ThermalEngine: Sensor:msm_therm:30000 mC
05-01 15:17:25.273  3154  3582 I chatty  : uid=1000(system) AlarmManager expire 3 lines
05-01 15:17:25.289 28831 16577 I Authzen : [DeviceStateSyncManager] The server is in sync with current state. Nothing to do
05-01 15:17:25.470  2779  2844 I ThermalEngine: Sensor:msm_therm:30000 mC
05-01 15:17:28.479  2779  2844 I ThermalEngine: Sensor:msm_therm:30000 mC
05-01 15:17:28.481  3752  3904 I chatty  : uid=10038(com.android.systemui) SysUiBg expire 31 lines
05-01 15:17:28.491  3752  3752 I chatty  : uid=10038(com.android.systemui) expire 28 lines
05-01 15:17:29.482  2779  2844 I ThermalEngine: Sensor:msm_therm:30000 mC
05-01 15:17:30.485  2779  2844 I ThermalEngine: Sensor:msm_therm:30000 mC
05-01 15:17:33.494  2779  2844 I ThermalEngine: Sensor:msm_therm:30000 mC
05-01 15:17:34.496  2779  2844 I ThermalEngine: Sensor:msm_therm:30000 mC
05-01 15:17:35.499  2779  2844 I ThermalEngine: Sensor:msm_therm:30000 mC
05-01 15:17:35.515  4814  4833 I Finsky  : [16558] iet.run(3): Stats for Executor: BlockingExecutor iga@3ee2bde[Running, pool size = 0, active threads = 0, queued tasks = 0, completed tasks = 9]
05-01 15:17:35.515  4814  4833 I Finsky  : [16558] iet.run(3): Stats for Executor: LightweightExecutor iga@97a81bf[Running, pool size = 4, active threads = 0, queued tasks = 0, completed tasks = 63]
05-01 15:17:35.515  4814  4833 I Finsky  : [16558] iet.run(3): Stats for Executor: bgExecutor iga@56ba08c[Running, pool size = 4, active threads = 0, queued tasks = 0, completed tasks = 33]
05-01 15:17:36.502  2779  2844 I ThermalEngine: Sensor:msm_therm:30000 mC
05-01 15:17:37.504  2779  2844 I ThermalEngine: Sensor:msm_therm:30000 mC
05-01 15:17:38.390  4134  4156 I QcrilOemhookMsgTunnel: [0]processOemHookIndication length=21
05-01 15:17:38.390  4134  4134 D QcrilMsgTunnelIfaceManager: handleMessage what = 0
05-01 15:17:38.420  4000  4000 D ServiceStateProvider: subId=1
05-01 15:17:38.422 20860 20860 D CellBroadcastReceiver: onReceive Intent { act=android.intent.action.SERVICE_STATE flg=0x1000010 cmp=com.android.cellbroadcastreceiver/.CellBroadcastReceiver (has extras) }
05-01 15:17:38.425 20225 20225 I CarrierServices: [2] ServiceStateReceiver.onReceive: Received SERVICE_STATE intent.
05-01 15:17:38.431  4000  4000 D TelephonyProvider: subIdString = 1 subId = 1
05-01 15:17:38.432  3975  4109 I chatty  : uid=1000(system) MainEventThread expire 5 lines
05-01 15:17:38.439  4000  4000 D TelephonyProvider: subIdString = 1 subId = 1
05-01 15:17:38.447  4000  4000 D TelephonyProvider: subIdString = 1 subId = 1
05-01 15:17:38.489  4000  4000 D TelephonyProvider: subIdString = 1 subId = 1
05-01 15:17:38.506  2779  2844 I ThermalEngine: Sensor:msm_therm:30000 mC
05-01 15:17:39.138  3752  3904 I chatty  : uid=10038(com.android.systemui) SysUiBg expire 72 lines
05-01 15:17:39.508  2779  2844 I ThermalEngine: Sensor:msm_therm:30000 mC
05-01 15:17:41.514  2779  2844 I ThermalEngine: Sensor:msm_therm:30000 mC
05-01 15:17:41.945  4134  4156 I QcrilOemhookMsgTunnel: [0]processOemHookIndication length=22
05-01 15:17:41.969  3752  3752 I chatty  : uid=10038(com.android.systemui) expire 85 lines
05-01 15:17:41.969  4000  4000 D ServiceStateProvider: subId=1
05-01 15:17:41.970 20860 20860 D CellBroadcastReceiver: onReceive Intent { act=android.intent.action.SERVICE_STATE flg=0x1000010 cmp=com.android.cellbroadcastreceiver/.CellBroadcastReceiver (has extras) }
05-01 15:17:41.972  3154  4466 I chatty  : uid=1000(system) Binder:3154_9 expire 11 lines
05-01 15:17:41.973 20225 20225 I CarrierServices: [2] ServiceStateReceiver.onReceive: Received SERVICE_STATE intent.
05-01 15:17:42.516  2779  2844 I ThermalEngine: Sensor:msm_therm:30000 mC
05-01 15:17:43.234  3154  4485 I chatty  : uid=1000(system) Binder:3154_B expire 3 lines
05-01 15:17:43.517  2779  2844 I ThermalEngine: Sensor:msm_therm:30000 mC
05-01 15:17:43.523  2987  3028 E libnav  : CablComputeBacklightLevel(): UpdateType = DifferentSceneUpdate
05-01 15:17:44.290  2987  3028 E libnav  : CablComputeBacklightLevel(): UpdateType = DifferentSceneUpdate
05-01 15:17:44.520  2779  2844 I ThermalEngine: Sensor:msm_therm:30000 mC
05-01 15:17:46.525  2779  2844 I ThermalEngine: Sensor:msm_therm:30000 mC
05-01 15:17:46.745 10074 11818 W GmsLocationProvider: Error removing location updates: 16
05-01 15:17:47.382  3154  3614 I chatty  : uid=1000(system) NetworkPolicy expire 9 lines
05-01 15:17:47.385  3154  3614 D NetworkStats: Resolving plan for NetworkTemplate: matchRule=MOBILE_ALL, subscriberId=466924..., matchSubscriberIds=[466924...]
05-01 15:17:47.386  3154  3614 D NetworkStats: Found active matching subId 1
05-01 15:17:47.392  3154  3614 D NetworkStats: Resolved to plan null
05-01 15:17:47.410  2849  2963 E NetlinkEvent: NetlinkEvent::FindParam(): Parameter 'INTERFACE' not found
05-01 15:17:47.411  2849  2963 E NetlinkEvent: NetlinkEvent::FindParam(): Parameter 'STATE' not found
05-01 15:17:47.411  2849  2963 E NetlinkEvent: NetlinkEvent::FindParam(): Parameter 'TIME_NS' not found
05-01 15:17:47.411  2849  2963 E NetlinkEvent: NetlinkEvent::FindParam(): Parameter 'UID' not found
05-01 15:17:47.482  4134  4156 I QcrilOemhookMsgTunnel: [0]processOemHookIndication length=21
05-01 15:17:47.482  4134  4134 D QcrilMsgTunnelIfaceManager: handleMessage what = 0
05-01 15:17:47.520  4000  4000 D ServiceStateProvider: subId=1
05-01 15:17:47.521  3154  3274 I chatty  : uid=1000(system) ActivityManager expire 12 lines
05-01 15:17:47.522 20860 20860 D CellBroadcastReceiver: onReceive Intent { act=android.intent.action.SERVICE_STATE flg=0x1000010 cmp=com.android.cellbroadcastreceiver/.CellBroadcastReceiver (has extras) }
05-01 15:17:47.523  3154  3196 I chatty  : uid=1000(system) Binder:3154_2 expire 6 lines
05-01 15:17:47.524 20225 20225 I CarrierServices: [2] ServiceStateReceiver.onReceive: Received SERVICE_STATE intent.
05-01 15:17:47.527  2779  2844 I ThermalEngine: Sensor:msm_therm:30000 mC
05-01 15:17:47.527  3975  3975 I chatty  : uid=1000(system) .dataservices expire 2 lines
05-01 15:17:47.529  4000  4000 D TelephonyProvider: subIdString = 1 subId = 1
05-01 15:17:47.530  3975  4109 I chatty  : uid=1000(system) MainEventThread expire 10 lines
05-01 15:17:47.537  4000  4000 D TelephonyProvider: subIdString = 1 subId = 1
05-01 15:17:47.590  4000  4000 D TelephonyProvider: subIdString = 1 subId = 1
05-01 15:17:48.354  4134  4156 I QcrilOemhookMsgTunnel: [0]processOemHookIndication length=21
05-01 15:17:48.354  4134  4134 D QcrilMsgTunnelIfaceManager: handleMessage what = 0
05-01 15:17:48.358  4134  4156 I QcrilOemhookMsgTunnel: [0]processOemHookIndication length=21
05-01 15:17:48.358  4134  4134 D QcrilMsgTunnelIfaceManager: handleMessage what = 0
05-01 15:17:48.388  4000  4000 D ServiceStateProvider: subId=1
05-01 15:17:48.389 20860 20860 D CellBroadcastReceiver: onReceive Intent { act=android.intent.action.SERVICE_STATE flg=0x1000010 cmp=com.android.cellbroadcastreceiver/.CellBroadcastReceiver (has extras) }
05-01 15:17:48.392 20225 20225 I CarrierServices: [2] ServiceStateReceiver.onReceive: Received SERVICE_STATE intent.
05-01 15:17:48.415  4134  4156 I QcrilOemhookMsgTunnel: [0]processOemHookIndication length=22
05-01 15:17:48.439  4000  4000 D ServiceStateProvider: subId=1
05-01 15:17:48.441 20860 20860 D CellBroadcastReceiver: onReceive Intent { act=android.intent.action.SERVICE_STATE flg=0x1000010 cmp=com.android.cellbroadcastreceiver/.CellBroadcastReceiver (has extras) }
05-01 15:17:48.444  3154  4504 I chatty  : uid=1000(system) Binder:3154_D expire 15 lines
05-01 15:17:48.445 20225 20225 I CarrierServices: [2] ServiceStateReceiver.onReceive: Received SERVICE_STATE intent.
05-01 15:17:48.529  2779  2844 I ThermalEngine: Sensor:msm_therm:30000 mC
05-01 15:17:49.530  2779  2844 I ThermalEngine: Sensor:msm_therm:30000 mC
05-01 15:17:53.540  2779  2844 I ThermalEngine: Sensor:msm_therm:30000 mC
05-01 15:17:53.761  3752  3904 I chatty  : uid=10038(com.android.systemui) SysUiBg expire 26 lines
05-01 15:17:54.544  2779  2844 I ThermalEngine: Sensor:msm_therm:30000 mC
05-01 15:17:55.547  2779  2844 I ThermalEngine: Sensor:msm_therm:30000 mC
05-01 15:17:57.553  2779  2844 I chatty  : uid=0(root) /system/vendor/bin/thermal-engine identical 17 lines
05-01 15:17:58.557  2779  2844 I ThermalEngine: Sensor:msm_therm:30000 mC
05-01 15:17:58.634  4134  4156 I QcrilOemhookMsgTunnel: [0]processOemHookIndication length=21
05-01 15:17:58.634  4134  4134 D QcrilMsgTunnelIfaceManager: handleMessage what = 0
05-01 15:17:58.668  3154  3614 D NetworkStats: Resolving plan for NetworkTemplate: matchRule=MOBILE_ALL, subscriberId=466924..., matchSubscriberIds=[466924...]
05-01 15:17:58.668  3752  3752 I chatty  : uid=10038(com.android.systemui) expire 43 lines
05-01 15:17:58.669  4000  4000 D ServiceStateProvider: subId=1
05-01 15:17:58.670  3154  3614 D NetworkStats: Found active matching subId 1
05-01 15:17:58.670 20860 20860 D CellBroadcastReceiver: onReceive Intent { act=android.intent.action.SERVICE_STATE flg=0x1000010 cmp=com.android.cellbroadcastreceiver/.CellBroadcastReceiver (has extras) }
05-01 15:17:58.672 20225 20225 I CarrierServices: [2] ServiceStateReceiver.onReceive: Received SERVICE_STATE intent.
05-01 15:17:58.674  3154  3614 D NetworkStats: Resolved to plan null
05-01 15:17:58.677  3975  3975 I chatty  : uid=1000(system) .dataservices expire 6 lines
05-01 15:17:58.680  4000  4000 D TelephonyProvider: subIdString = 1 subId = 1
05-01 15:17:58.688  4000  4000 D TelephonyProvider: subIdString = 1 subId = 1
05-01 15:17:58.728  4000  4000 I chatty  : uid=1001(radio) com.android.phone identical 12 lines
05-01 15:17:58.735  4000  4000 D TelephonyProvider: subIdString = 1 subId = 1
05-01 15:17:59.562  2779  2844 I ThermalEngine: Sensor:msm_therm:30000 mC
05-01 15:18:00.564  2779  2844 I ThermalEngine: Sensor:msm_therm:30000 mC
05-01 15:18:01.568  2779  2844 I ThermalEngine: Sensor:msm_therm:30000 mC
05-01 15:18:02.402  4134  4156 I QcrilOemhookMsgTunnel: [0]processOemHookIndication length=22
05-01 15:18:02.428  4000  4000 D ServiceStateProvider: subId=1
05-01 15:18:02.430  3154  3274 I chatty  : uid=1000(system) ActivityManager expire 24 lines
05-01 15:18:02.431 20860 20860 D CellBroadcastReceiver: onReceive Intent { act=android.intent.action.SERVICE_STATE flg=0x1000010 cmp=com.android.cellbroadcastreceiver/.CellBroadcastReceiver (has extras) }
05-01 15:18:02.432  3154  4466 I chatty  : uid=1000(system) Binder:3154_9 expire 12 lines
05-01 15:18:02.433 20225 20225 I CarrierServices: [2] ServiceStateReceiver.onReceive: Received SERVICE_STATE intent.
05-01 15:18:02.569  2779  2844 I ThermalEngine: Sensor:msm_therm:30000 mC
05-01 15:18:03.572  2779  2844 I ThermalEngine: Sensor:msm_therm:30000 mC
05-01 15:18:05.579  2779  2844 I ThermalEngine: Sensor:msm_therm:30000 mC
05-01 15:18:06.037  3752  3904 I chatty  : uid=10038(com.android.systemui) SysUiBg expire 80 lines
05-01 15:18:06.582  2779  2844 I ThermalEngine: Sensor:msm_therm:30000 mC
05-01 15:18:09.592  2779  2844 I ThermalEngine: Sensor:msm_therm:30000 mC
05-01 15:18:10.594  2779  2844 I ThermalEngine: Sensor:msm_therm:30000 mC
05-01 15:18:13.604  2779  2844 I ThermalEngine: Sensor:msm_therm:30000 mC
05-01 15:18:13.873  4134  4156 I QcrilOemhookMsgTunnel: [0]processOemHookIndication length=21
05-01 15:18:13.873  4134  4134 D QcrilMsgTunnelIfaceManager: handleMessage what = 0
05-01 15:18:13.905  4000  4000 D ServiceStateProvider: subId=1
05-01 15:18:13.906  3752  3752 I chatty  : uid=10038(com.android.systemui) expire 109 lines
05-01 15:18:13.906 20860 20860 D CellBroadcastReceiver: onReceive Intent { act=android.intent.action.SERVICE_STATE flg=0x1000010 cmp=com.android.cellbroadcastreceiver/.CellBroadcastReceiver (has extras) }
05-01 15:18:13.909 20225 20225 I CarrierServices: [2] ServiceStateReceiver.onReceive: Received SERVICE_STATE intent.
05-01 15:18:13.910  3975  4109 I chatty  : uid=1000(system) MainEventThread expire 9 lines
05-01 15:18:13.912  3154  3614 D NetworkStats: Resolving plan for NetworkTemplate: matchRule=MOBILE_ALL, subscriberId=466924..., matchSubscriberIds=[466924...]
05-01 15:18:13.914  4000  4000 D TelephonyProvider: subIdString = 1 subId = 1
05-01 15:18:13.914  3154  3614 D NetworkStats: Found active matching subId 1
05-01 15:18:13.918  3154  3614 D NetworkStats: Resolved to plan null
