05-01 13:51:17.852  2849  2963 E NetlinkEvent: NetlinkEvent::FindParam(): Parameter 'TIME_NS' not found
05-01 13:51:17.852  2849  2963 E NetlinkEvent: NetlinkEvent::FindParam(): Parameter 'UID' not found
05-01 13:51:22.389  3154  3392 I chatty  : uid=1000(system) PowerManagerSer expire 5 lines
05-01 13:51:22.397  3752  3752 V KeyguardDisplayManager: hide
05-01 13:51:22.411  3154  3290 I chatty  : uid=1000(system) batterystats-wo expire 1 line
05-01 13:51:22.429  3154 14173 I chatty  : uid=1000(system) Binder:3154_1F expire 7 lines
05-01 13:51:22.486  2849  2963 E NetlinkEvent: NetlinkEvent::FindParam(): Parameter 'INTERFACE' not found
05-01 13:51:22.486  2849  2963 E NetlinkEvent: NetlinkEvent::FindParam(): Parameter 'STATE' not found
05-01 13:51:22.486  2849  2963 E NetlinkEvent: NetlinkEvent::FindParam(): Parameter 'TIME_NS' not found
05-01 13:51:22.486  2849  2963 E NetlinkEvent: NetlinkEvent::FindParam(): Parameter 'UID' not found
05-01 13:51:22.887  3154  3377 I chatty  : uid=1000(system) android.io expire 19 lines
05-01 13:51:23.013  2855  2855 I wificond: Enters wifigbk_ageOutHistory
05-01 13:51:23.014  2855  2855 I wificond: Enters wifigbk_ageOutHistory
05-01 13:51:27.643  2849  2963 E NetlinkEvent: NetlinkEvent::FindParam(): Parameter 'INTERFACE' not found
05-01 13:51:27.643  2849  2963 E NetlinkEvent: NetlinkEvent::FindParam(): Parameter 'STATE' not found
05-01 13:51:27.643  2849  2963 E NetlinkEvent: NetlinkEvent::FindParam(): Parameter 'TIME_NS' not found
05-01 13:51:27.643  2849  2963 E NetlinkEvent: NetlinkEvent::FindParam(): Parameter 'UID' not found
05-01 13:51:31.105  3154  3274 I chatty  : uid=1000(system) ActivityManager expire 3 lines
05-01 13:51:31.163  6119  6119 W ContextImpl: Calling a method in the system process without a qualified user: android.app.ContextImpl.startService:1476 android.content.ContextWrapper.startService:650 com.qualcomm.qcrilhook.QcRilHook.<init>:114 com.qualcomm.qti.modemtestmode.MbnAppGlobals.onCreate:32 android.app.Instrumentation.callApplicationOnCreate:1120 
05-01 13:51:31.165  6119  6119 W ContextImpl: Calling a method in the system process without a qualified user: android.app.ContextImpl.bindService:1556 android.content.ContextWrapper.bindService:684 com.qualcomm.qcrilhook.QcRilHook.<init>:116 com.qualcomm.qti.modemtestmode.MbnAppGlobals.onCreate:32 android.app.Instrumentation.callApplicationOnCreate:1120 
05-01 13:51:31.170  6119  6119 W ContextImpl: Calling a method in the system process without a qualified user: android.app.ContextImpl.bindService:1556 android.content.ContextWrapper.bindService:684 com.qualcomm.qti.modemtestmode.MbnSystemService.onCreate:101 android.app.ActivityThread.handleCreateService:3342 android.app.ActivityThread.-wrap4:0 
05-01 13:51:35.686  2849  2963 E NetlinkEvent: NetlinkEvent::FindParam(): Parameter 'INTERFACE' not found
05-01 13:51:35.686  2849  2963 E NetlinkEvent: NetlinkEvent::FindParam(): Parameter 'STATE' not found
05-01 13:51:35.686  2849  2963 E NetlinkEvent: NetlinkEvent::FindParam(): Parameter 'TIME_NS' not found
05-01 13:51:35.686  2849  2963 E NetlinkEvent: NetlinkEvent::FindParam(): Parameter 'UID' not found
05-01 13:51:40.765  2849  2963 E NetlinkEvent: NetlinkEvent::FindParam(): Parameter 'INTERFACE' not found
05-01 13:51:40.765  2849  2963 E NetlinkEvent: NetlinkEvent::FindParam(): Parameter 'STATE' not found
05-01 13:51:40.765  2849  2963 E NetlinkEvent: NetlinkEvent::FindParam(): Parameter 'TIME_NS' not found
05-01 13:51:40.765  2849  2963 E NetlinkEvent: NetlinkEvent::FindParam(): Parameter 'UID' not found
05-01 13:52:04.175  3154  3614 I chatty  : uid=1000(system) NetworkPolicy expire 12 lines
05-01 13:52:04.195  2849  2963 E NetlinkEvent: NetlinkEvent::FindParam(): Parameter 'INTERFACE' not found
05-01 13:52:04.195  2849  2963 E NetlinkEvent: NetlinkEvent::FindParam(): Parameter 'STATE' not found
05-01 13:52:04.195  2849  2963 E NetlinkEvent: NetlinkEvent::FindParam(): Parameter 'TIME_NS' not found
05-01 13:52:04.195  2849  2963 E NetlinkEvent: NetlinkEvent::FindParam(): Parameter 'UID' not found
05-01 13:52:28.694  2849  2963 E NetlinkEvent: NetlinkEvent::FindParam(): Parameter 'INTERFACE' not found
05-01 13:52:28.694  2849  2963 E NetlinkEvent: NetlinkEvent::FindParam(): Parameter 'STATE' not found
05-01 13:52:28.694  2849  2963 E NetlinkEvent: NetlinkEvent::FindParam(): Parameter 'TIME_NS' not found
05-01 13:52:28.694  2849  2963 E NetlinkEvent: NetlinkEvent::FindParam(): Parameter 'UID' not found
05-01 13:52:42.946  3154  3587 I chatty  : uid=1000(system) InputDispatcher expire 1 line
05-01 13:52:42.950 30226 30226 E SchedPolicy: set_timerslack_ns write failed: Operation not permitted
05-01 13:52:43.358  3154  3377 I chatty  : uid=1000(system) android.io expire 12 lines
05-01 13:52:43.456  3154  3154 I chatty  : uid=1000 system_server expire 11 lines
05-01 13:52:44.557  3752  3752 V KeyguardStatusView: refresh statusview showing:true
05-01 13:52:44.560  3752  3752 V KeyguardDisplayManager: show
05-01 13:53:28.718  2849  2963 E NetlinkEvent: NetlinkEvent::FindParam(): Parameter 'INTERFACE' not found
05-01 13:53:28.718  2849  2963 E NetlinkEvent: NetlinkEvent::FindParam(): Parameter 'STATE' not found
05-01 13:53:28.718  2849  2963 E NetlinkEvent: NetlinkEvent::FindParam(): Parameter 'TIME_NS' not found
05-01 13:53:28.718  2849  2963 E NetlinkEvent: NetlinkEvent::FindParam(): Parameter 'UID' not found
05-01 13:53:30.598  3154  3377 I chatty  : uid=1000(system) android.io expire 7 lines
05-01 13:54:00.691  2849  2963 E NetlinkEvent: NetlinkEvent::FindParam(): Parameter 'INTERFACE' not found
05-01 13:54:00.691  2849  2963 E NetlinkEvent: NetlinkEvent::FindParam(): Parameter 'STATE' not found
05-01 13:54:00.691  2849  2963 E NetlinkEvent: NetlinkEvent::FindParam(): Parameter 'TIME_NS' not found
05-01 13:54:00.691  2849  2963 E NetlinkEvent: NetlinkEvent::FindParam(): Parameter 'UID' not found
05-01 13:54:02.441  3154  3195 I chatty  : uid=1000(system) Binder:3154_1 expire 4 lines
05-01 13:54:03.964  3154  3274 I chatty  : uid=1000(system) ActivityManager expire 10 lines
05-01 13:54:35.287  2849  2963 E NetlinkEvent: NetlinkEvent::FindParam(): Parameter 'INTERFACE' not found
05-01 13:54:35.287  2849  2963 E NetlinkEvent: NetlinkEvent::FindParam(): Parameter 'STATE' not found
05-01 13:54:35.287  2849  2963 E NetlinkEvent: NetlinkEvent::FindParam(): Parameter 'TIME_NS' not found
05-01 13:54:35.287  2849  2963 E NetlinkEvent: NetlinkEvent::FindParam(): Parameter 'UID' not found
05-01 13:54:42.830  2849  2963 E NetlinkEvent: NetlinkEvent::FindParam(): Parameter 'INTERFACE' not found
05-01 13:54:42.830  2849  2963 E NetlinkEvent: NetlinkEvent::FindParam(): Parameter 'STATE' not found
05-01 13:54:42.830  2849  2963 E NetlinkEvent: NetlinkEvent::FindParam(): Parameter 'TIME_NS' not found
05-01 13:54:42.830  2849  2963 E NetlinkEvent: NetlinkEvent::FindParam(): Parameter 'UID' not found
05-01 13:54:44.781  3154  3154 I chatty  : uid=1000 system_server expire 10 lines
05-01 13:54:44.809  3752  3752 V KeyguardDisplayManager: hide
05-01 13:54:44.824  3154  7198 I chatty  : uid=1000(system) Binder:3154_13 expire 1 line
05-01 13:54:44.834  3154 12160 I chatty  : uid=1000(system) Binder:3154_1C expire 1 line
05-01 13:54:44.844  3154  3392 I chatty  : uid=1000(system) PowerManagerSer expire 10 lines
05-01 13:54:44.883  3154  3385 I chatty  : uid=1000(system) android.display expire 5 lines
05-01 13:54:45.256  3154  3196 I chatty  : uid=1000(system) Binder:3154_2 expire 11 lines
05-01 13:54:45.257  3154  3377 I chatty  : uid=1000(system) android.io expire 19 lines
05-01 13:54:47.979  3154 14173 I chatty  : uid=1000(system) Binder:3154_1F expire 2 lines
05-01 13:54:48.009  3154  4558 I chatty  : uid=1000(system) Binder:3154_F expire 11 lines
05-01 13:54:48.836  3154  3869 I chatty  : uid=1000(system) Binder:3154_4 expire 10 lines
05-01 13:54:49.322  2855  2855 I wificond: Enters wifigbk_ageOutHistory
05-01 13:54:49.323  2855  2855 I wificond: Enters wifigbk_ageOutHistory
05-01 13:54:50.169  3154 10229 I chatty  : uid=1000(system) Binder:3154_19 expire 1 line
05-01 13:55:02.893  2849  2963 E NetlinkEvent: NetlinkEvent::FindParam(): Parameter 'INTERFACE' not found
05-01 13:55:02.894  2849  2963 E NetlinkEvent: NetlinkEvent::FindParam(): Parameter 'STATE' not found
05-01 13:55:02.894  2849  2963 E NetlinkEvent: NetlinkEvent::FindParam(): Parameter 'TIME_NS' not found
05-01 13:55:02.894  2849  2963 E NetlinkEvent: NetlinkEvent::FindParam(): Parameter 'UID' not found
05-01 13:55:03.639  6793  6793 W ContextImpl: Calling a method in the system process without a qualified user: android.app.ContextImpl.bindService:1556 android.content.ContextWrapper.bindService:684 com.qualcomm.qti.callenhancement.BinderTelecomCallService.bindService:46 com.qualcomm.qti.callenhancement.BinderTelecomCallService.-wrap0:0 com.qualcomm.qti.callenhancement.BinderTelecomCallService$BinderTarget.bind:33 
05-01 13:55:03.647  6793  6793 I chatty  : uid=1000(system) com.qualcomm.qti.callenhancement identical 2 lines
05-01 13:55:03.649  6793  6793 W ContextImpl: Calling a method in the system process without a qualified user: android.app.ContextImpl.bindService:1556 android.content.ContextWrapper.bindService:684 com.qualcomm.qti.callenhancement.BinderTelecomCallService.bindService:46 com.qualcomm.qti.callenhancement.BinderTelecomCallService.-wrap0:0 com.qualcomm.qti.callenhancement.BinderTelecomCallService$BinderTarget.bind:33 
05-01 13:55:07.974  2849  2963 E NetlinkEvent: NetlinkEvent::FindParam(): Parameter 'INTERFACE' not found
05-01 13:55:07.974  2849  2963 E NetlinkEvent: NetlinkEvent::FindParam(): Parameter 'STATE' not found
05-01 13:55:07.974  2849  2963 E NetlinkEvent: NetlinkEvent::FindParam(): Parameter 'TIME_NS' not found
05-01 13:55:07.974  2849  2963 E NetlinkEvent: NetlinkEvent::FindParam(): Parameter 'UID' not found
05-01 13:55:09.904  3154  3614 I chatty  : uid=1000(system) NetworkPolicy expire 12 lines
05-01 13:55:17.696  2849  2963 E NetlinkEvent: NetlinkEvent::FindParam(): Parameter 'INTERFACE' not found
05-01 13:55:17.696  2849  2963 E NetlinkEvent: NetlinkEvent::FindParam(): Parameter 'STATE' not found
05-01 13:55:17.696  2849  2963 E NetlinkEvent: NetlinkEvent::FindParam(): Parameter 'TIME_NS' not found
05-01 13:55:17.696  2849  2963 E NetlinkEvent: NetlinkEvent::FindParam(): Parameter 'UID' not found
05-01 13:55:43.675  3154  3587 I chatty  : uid=1000(system) InputDispatcher expire 1 line
05-01 13:55:44.252  3154  3377 I chatty  : uid=1000(system) android.io expire 19 lines
05-01 13:55:44.366  3154  3154 I chatty  : uid=1000 system_server expire 11 lines
05-01 13:55:45.096  3154 10238 I chatty  : uid=1000(system) Binder:3154_1A expire 1 line
05-01 13:55:45.098  3154  4795 I chatty  : uid=1000(system) Binder:3154_10 expire 12 lines
05-01 13:55:45.102  3154  9208 I chatty  : uid=1000(system) Binder:3154_16 expire 3 lines
05-01 13:55:45.624  3154  3757 I chatty  : uid=1000(system) Binder:3154_3 expire 1 line
05-01 13:55:45.649  3154  3290 I chatty  : uid=1000(system) batterystats-wo expire 1 line
05-01 13:55:45.673  3154  3874 I chatty  : uid=1000(system) Binder:3154_6 expire 1 line
05-01 13:55:45.682  3154 14385 I chatty  : uid=1000(system) Binder:3154_20 expire 8 lines
05-01 13:55:45.734  3154  4482 I chatty  : uid=1000(system) Binder:3154_A expire 2 lines
05-01 13:55:45.818  2849  2963 E NetlinkEvent: NetlinkEvent::FindParam(): Parameter 'INTERFACE' not found
05-01 13:55:45.818  2849  2963 E NetlinkEvent: NetlinkEvent::FindParam(): Parameter 'STATE' not found
05-01 13:55:45.818  2849  2963 E NetlinkEvent: NetlinkEvent::FindParam(): Parameter 'TIME_NS' not found
05-01 13:55:45.818  2849  2963 E NetlinkEvent: NetlinkEvent::FindParam(): Parameter 'UID' not found
05-01 13:55:46.596  3154  4510 I chatty  : uid=1000(system) Binder:3154_E expire 9 lines
05-01 13:55:47.214  3752  3752 V KeyguardStatusView: refresh statusview showing:true
05-01 13:55:47.219  3752  3752 V KeyguardDisplayManager: show
05-01 13:55:52.638  3154  3196 I chatty  : uid=1000(system) Binder:3154_2 expire 2 lines
05-01 13:56:16.347  2849  2963 E NetlinkEvent: NetlinkEvent::FindParam(): Parameter 'INTERFACE' not found
05-01 13:56:16.347  2849  2963 E NetlinkEvent: NetlinkEvent::FindParam(): Parameter 'STATE' not found
05-01 13:56:16.347  2849  2963 E NetlinkEvent: NetlinkEvent::FindParam(): Parameter 'TIME_NS' not found
05-01 13:56:16.347  2849  2963 E NetlinkEvent: NetlinkEvent::FindParam(): Parameter 'UID' not found
05-01 13:57:08.855  2849  2963 E NetlinkEvent: NetlinkEvent::FindParam(): Parameter 'INTERFACE' not found
05-01 13:57:08.855  2849  2963 E NetlinkEvent: NetlinkEvent::FindParam(): Parameter 'STATE' not found
05-01 13:57:08.855  2849  2963 E NetlinkEvent: NetlinkEvent::FindParam(): Parameter 'TIME_NS' not found
05-01 13:57:08.855  2849  2963 E NetlinkEvent: NetlinkEvent::FindParam(): Parameter 'UID' not found
05-01 13:57:56.467  2849  2963 E NetlinkEvent: NetlinkEvent::FindParam(): Parameter 'INTERFACE' not found
05-01 13:57:56.467  2849  2963 E NetlinkEvent: NetlinkEvent::FindParam(): Parameter 'STATE' not found
05-01 13:57:56.467  2849  2963 E NetlinkEvent: NetlinkEvent::FindParam(): Parameter 'TIME_NS' not found
05-01 13:57:56.467  2849  2963 E NetlinkEvent: NetlinkEvent::FindParam(): Parameter 'UID' not found
05-01 13:58:46.148  2849  2963 E NetlinkEvent: NetlinkEvent::FindParam(): Parameter 'INTERFACE' not found
05-01 13:58:46.149  2849  2963 E NetlinkEvent: NetlinkEvent::FindParam(): Parameter 'STATE' not found
05-01 13:58:46.149  2849  2963 E NetlinkEvent: NetlinkEvent::FindParam(): Parameter 'TIME_NS' not found
05-01 13:58:46.149  2849  2963 E NetlinkEvent: NetlinkEvent::FindParam(): Parameter 'UID' not found
05-01 13:58:47.603  3154  4485 I chatty  : uid=1000(system) Binder:3154_B expire 1 line
05-01 13:58:47.603  3154  8180 I chatty  : uid=1000(system) Binder:3154_14 expire 3 lines
05-01 13:58:47.977  2855  2855 I wificond: Enters wifigbk_ageOutHistory
05-01 13:58:47.978  2855  2855 I wificond: Enters wifigbk_ageOutHistory
05-01 13:59:01.121  2849  2963 E NetlinkEvent: NetlinkEvent::FindParam(): Parameter 'INTERFACE' not found
05-01 13:59:01.121  2849  2963 E NetlinkEvent: NetlinkEvent::FindParam(): Parameter 'STATE' not found
05-01 13:59:01.121  2849  2963 E NetlinkEvent: NetlinkEvent::FindParam(): Parameter 'TIME_NS' not found
05-01 13:59:01.121  2849  2963 E NetlinkEvent: NetlinkEvent::FindParam(): Parameter 'UID' not found
05-01 14:02:49.313  3154  3274 I chatty  : uid=1000(system) ActivityManager expire 10 lines
05-01 14:02:49.348  2849  2963 E NetlinkEvent: NetlinkEvent::FindParam(): Parameter 'INTERFACE' not found
05-01 14:02:49.348  2849  2963 E NetlinkEvent: NetlinkEvent::FindParam(): Parameter 'STATE' not found
05-01 14:02:49.348  2849  2963 E NetlinkEvent: NetlinkEvent::FindParam(): Parameter 'TIME_NS' not found
05-01 14:02:49.348  2849  2963 E NetlinkEvent: NetlinkEvent::FindParam(): Parameter 'UID' not found
05-01 14:04:03.603  3154  3976 I chatty  : uid=1000(system) Binder:3154_7 expire 7 lines
05-01 14:04:53.328  3154  3614 I chatty  : uid=1000(system) NetworkPolicy expire 26 lines
05-01 14:09:28.557  2855  2855 I wificond: Enters wifigbk_ageOutHistory
05-01 14:09:28.557  2855  2855 I wificond: Enters wifigbk_ageOutHistory
05-01 14:14:14.009  2849  2963 E NetlinkEvent: NetlinkEvent::FindParam(): Parameter 'INTERFACE' not found
05-01 14:14:14.009  2849  2963 E NetlinkEvent: NetlinkEvent::FindParam(): Parameter 'STATE' not found
05-01 14:14:14.009  2849  2963 E NetlinkEvent: NetlinkEvent::FindParam(): Parameter 'TIME_NS' not found
05-01 14:14:14.009  2849  2963 E NetlinkEvent: NetlinkEvent::FindParam(): Parameter 'UID' not found
05-01 14:14:39.853  3154  3154 I chatty  : uid=1000 system_server expire 11 lines
05-01 14:14:39.874  3752  3752 V KeyguardDisplayManager: hide
05-01 14:14:40.393  2849  2963 E NetlinkEvent: NetlinkEvent::FindParam(): Parameter 'INTERFACE' not found
05-01 14:14:40.393  2849  2963 E NetlinkEvent: NetlinkEvent::FindParam(): Parameter 'STATE' not found
05-01 14:14:40.393  2849  2963 E NetlinkEvent: NetlinkEvent::FindParam(): Parameter 'TIME_NS' not found
05-01 14:14:40.393  2849  2963 E NetlinkEvent: NetlinkEvent::FindParam(): Parameter 'UID' not found
05-01 14:14:40.498  3154  3377 I chatty  : uid=1000(system) android.io expire 19 lines
05-01 14:14:41.351  3154  3869 I chatty  : uid=1000(system) Binder:3154_4 expire 5 lines
05-01 14:16:26.839  3154  3614 I chatty  : uid=1000(system) NetworkPolicy expire 10 lines
05-01 14:16:29.737  3154  3587 I chatty  : uid=1000(system) InputDispatcher expire 1 line
05-01 14:16:30.366  3154  9273 I chatty  : uid=1000(system) Binder:3154_17 expire 11 lines
05-01 14:16:30.367  3154  3377 I chatty  : uid=1000(system) android.io expire 19 lines
05-01 14:16:30.472  3154  3154 I chatty  : uid=1000 system_server expire 11 lines
05-01 14:16:30.948  3154 14385 I chatty  : uid=1000(system) Binder:3154_20 expire 10 lines
05-01 14:16:30.971  3154  4482 I chatty  : uid=1000(system) Binder:3154_A expire 1 line
05-01 14:16:30.980  3154  3290 I chatty  : uid=1000(system) batterystats-wo expire 4 lines
05-01 14:16:31.048  3154  3196 I chatty  : uid=1000(system) Binder:3154_2 expire 4 lines
05-01 14:16:31.048  3154  4502 I chatty  : uid=1000(system) Binder:3154_C expire 9 lines
05-01 14:16:31.050  3154  8274 I chatty  : uid=1000(system) Binder:3154_15 expire 4 lines
05-01 14:16:31.050  3154 10229 I chatty  : uid=1000(system) Binder:3154_19 expire 6 lines
05-01 14:16:31.053  3154  9344 I chatty  : uid=1000(system) Binder:3154_18 expire 12 lines
05-01 14:16:31.069  3154  3385 I chatty  : uid=1000(system) android.display expire 3 lines
05-01 14:16:31.798  3154  7016 I chatty  : uid=1000(system) Binder:3154_12 expire 6 lines
05-01 14:16:32.046  3154  3392 I chatty  : uid=1000(system) PowerManagerSer expire 6 lines
05-01 14:16:32.413  3752  3752 V KeyguardStatusView: refresh statusview showing:true
05-01 14:16:32.416  3752  3752 V KeyguardDisplayManager: show
05-01 14:16:43.187  3154  4485 I chatty  : uid=1000(system) Binder:3154_B expire 6 lines
05-01 14:17:10.807  2849  2963 E NetlinkEvent: NetlinkEvent::FindParam(): Parameter 'INTERFACE' not found
05-01 14:17:10.807  2849  2963 E NetlinkEvent: NetlinkEvent::FindParam(): Parameter 'STATE' not found
05-01 14:17:10.807  2849  2963 E NetlinkEvent: NetlinkEvent::FindParam(): Parameter 'TIME_NS' not found
05-01 14:17:10.807  2849  2963 E NetlinkEvent: NetlinkEvent::FindParam(): Parameter 'UID' not found
05-01 14:18:12.021  2849  2963 E NetlinkEvent: NetlinkEvent::FindParam(): Parameter 'INTERFACE' not found
05-01 14:18:12.021  2849  2963 E NetlinkEvent: NetlinkEvent::FindParam(): Parameter 'STATE' not found
05-01 14:18:12.022  2849  2963 E NetlinkEvent: NetlinkEvent::FindParam(): Parameter 'TIME_NS' not found
05-01 14:18:12.022  2849  2963 E NetlinkEvent: NetlinkEvent::FindParam(): Parameter 'UID' not found
05-01 14:18:48.689  3154  3154 I chatty  : uid=1000 system_server expire 15 lines
05-01 14:18:48.710  3752  3752 V KeyguardDisplayManager: hide
05-01 14:18:48.712  3154  3274 I chatty  : uid=1000(system) ActivityManager expire 14 lines
05-01 14:18:48.752  3154  7198 I chatty  : uid=1000(system) Binder:3154_13 expire 1 line
05-01 14:18:49.186  3154  3377 I chatty  : uid=1000(system) android.io expire 12 lines
05-01 14:19:00.874  3154  3376 I chatty  : uid=1000(system) android.fg expire 3 lines
05-01 14:19:01.327  2849  2963 E NetlinkEvent: NetlinkEvent::FindParam(): Parameter 'INTERFACE' not found
05-01 14:19:01.327  2849  2963 E NetlinkEvent: NetlinkEvent::FindParam(): Parameter 'STATE' not found
05-01 14:19:01.327  2849  2963 E NetlinkEvent: NetlinkEvent::FindParam(): Parameter 'TIME_NS' not found
05-01 14:19:01.327  2849  2963 E NetlinkEvent: NetlinkEvent::FindParam(): Parameter 'UID' not found
05-01 14:19:01.426  3154  3154 I chatty  : uid=1000 system_server expire 2 lines
05-01 14:19:03.432  3154  3274 I chatty  : uid=1000(system) ActivityManager expire 11 lines
05-01 14:19:03.592  8343  8343 E ActivityThread: Failed to find provider info for com.tencent.mm.coolassist.debugprovider
05-01 14:19:10.792  3154  4466 I chatty  : uid=1000(system) Binder:3154_9 expire 1 line
05-01 14:19:30.523  3154  3377 I chatty  : uid=1000(system) android.io expire 7 lines
05-01 14:19:34.889  3154  3614 I chatty  : uid=1000(system) NetworkPolicy expire 12 lines
05-01 14:19:53.262  2855  2855 I wificond: Enters wifigbk_ageOutHistory
05-01 14:19:53.263  2855  2855 I wificond: Enters wifigbk_ageOutHistory
05-01 14:20:20.212  2849  2963 E NetlinkEvent: NetlinkEvent::FindParam(): Parameter 'INTERFACE' not found
05-01 14:20:20.212  2849  2963 E NetlinkEvent: NetlinkEvent::FindParam(): Parameter 'STATE' not found
05-01 14:20:20.212  2849  2963 E NetlinkEvent: NetlinkEvent::FindParam(): Parameter 'TIME_NS' not found
05-01 14:20:20.212  2849  2963 E NetlinkEvent: NetlinkEvent::FindParam(): Parameter 'UID' not found
05-01 14:20:46.663  3154  3274 I chatty  : uid=1000(system) ActivityManager expire 11 lines
05-01 14:20:46.893  3154  9344 I chatty  : uid=1000(system) Binder:3154_18 expire 3 lines
05-01 14:20:46.940  2849  2963 E NetlinkEvent: NetlinkEvent::FindParam(): Parameter 'INTERFACE' not found
05-01 14:20:46.940  2849  2963 E NetlinkEvent: NetlinkEvent::FindParam(): Parameter 'STATE' not found
05-01 14:20:46.940  2849  2963 E NetlinkEvent: NetlinkEvent::FindParam(): Parameter 'TIME_NS' not found
05-01 14:20:46.940  2849  2963 E NetlinkEvent: NetlinkEvent::FindParam(): Parameter 'UID' not found
05-01 14:20:58.466  3154  3614 I chatty  : uid=1000(system) NetworkPolicy expire 12 lines
05-01 14:21:08.049  2849  2963 E NetlinkEvent: NetlinkEvent::FindParam(): Parameter 'INTERFACE' not found
05-01 14:21:08.049  2849  2963 E NetlinkEvent: NetlinkEvent::FindParam(): Parameter 'STATE' not found
05-01 14:21:08.049  2849  2963 E NetlinkEvent: NetlinkEvent::FindParam(): Parameter 'TIME_NS' not found
05-01 14:21:08.049  2849  2963 E NetlinkEvent: NetlinkEvent::FindParam(): Parameter 'UID' not found
05-01 14:21:30.084  3154  4558 I chatty  : uid=1000(system) Binder:3154_F expire 3 lines
05-01 14:21:30.118  2849  2963 E NetlinkEvent: NetlinkEvent::FindParam(): Parameter 'INTERFACE' not found
05-01 14:21:30.119  2849  2963 E NetlinkEvent: NetlinkEvent::FindParam(): Parameter 'STATE' not found
05-01 14:21:30.119  2849  2963 E NetlinkEvent: NetlinkEvent::FindParam(): Parameter 'TIME_NS' not found
05-01 14:21:30.119  2849  2963 E NetlinkEvent: NetlinkEvent::FindParam(): Parameter 'UID' not found
05-01 14:21:43.882  7235  8776 E ActivityThread: Failed to find provider info for com.facebook.mlite.sso.MessengerLoggedInUserProvider
05-01 14:22:01.067  3154  3614 I chatty  : uid=1000(system) NetworkPolicy expire 12 lines
05-01 14:22:25.779  2849  2963 E NetlinkEvent: NetlinkEvent::FindParam(): Parameter 'INTERFACE' not found
05-01 14:22:25.780  2849  2963 E NetlinkEvent: NetlinkEvent::FindParam(): Parameter 'STATE' not found
05-01 14:22:25.780  2849  2963 E NetlinkEvent: NetlinkEvent::FindParam(): Parameter 'TIME_NS' not found
05-01 14:22:25.780  2849  2963 E NetlinkEvent: NetlinkEvent::FindParam(): Parameter 'UID' not found
05-01 14:22:46.630  3154 14385 I chatty  : uid=1000(system) Binder:3154_20 expire 3 lines
05-01 14:23:03.823  3154  3274 I chatty  : uid=1000(system) ActivityManager expire 3 lines
05-01 14:23:03.976  2849  2963 E NetlinkEvent: NetlinkEvent::FindParam(): Parameter 'INTERFACE' not found
05-01 14:23:03.976  2849  2963 E NetlinkEvent: NetlinkEvent::FindParam(): Parameter 'STATE' not found
05-01 14:23:03.976  2849  2963 E NetlinkEvent: NetlinkEvent::FindParam(): Parameter 'TIME_NS' not found
05-01 14:23:03.976  2849  2963 E NetlinkEvent: NetlinkEvent::FindParam(): Parameter 'UID' not found
05-01 14:23:15.165  3154  3614 I chatty  : uid=1000(system) NetworkPolicy expire 10 lines
05-01 14:24:03.536  2849  2963 E NetlinkEvent: NetlinkEvent::FindParam(): Parameter 'INTERFACE' not found
05-01 14:24:03.536  2849  2963 E NetlinkEvent: NetlinkEvent::FindParam(): Parameter 'STATE' not found
05-01 14:24:03.536  2849  2963 E NetlinkEvent: NetlinkEvent::FindParam(): Parameter 'TIME_NS' not found
05-01 14:24:03.536  2849  2963 E NetlinkEvent: NetlinkEvent::FindParam(): Parameter 'UID' not found
05-01 14:24:24.092  3154  4504 I chatty  : uid=1000(system) Binder:3154_D expire 5 lines
05-01 14:24:24.097  3154 14385 I chatty  : uid=1000(system) Binder:3154_20 expire 5 lines
05-01 14:24:24.099  3154  3274 I chatty  : uid=1000(system) ActivityManager expire 13 lines
05-01 14:24:24.105  3154  3290 I chatty  : uid=1000(system) batterystats-wo expire 4 lines
05-01 14:24:25.090  3154  3376 I chatty  : uid=1000(system) android.fg expire 1 line
05-01 14:24:26.138  3154  3587 I chatty  : uid=1000(system) InputDispatcher expire 2 lines
05-01 14:24:26.542  3154  3377 I chatty  : uid=1000(system) android.io expire 19 lines
05-01 14:24:26.693  3154  3154 I chatty  : uid=1000 system_server expire 11 lines
05-01 14:24:27.305  3154  3874 I chatty  : uid=1000(system) Binder:3154_6 expire 5 lines
05-01 14:24:27.309  3154  3869 I chatty  : uid=1000(system) Binder:3154_4 expire 10 lines
05-01 14:24:27.339  3154  4502 I chatty  : uid=1000(system) Binder:3154_C expire 5 lines
05-01 14:24:27.357  3154  4465 I chatty  : uid=1000(system) Binder:3154_8 expire 14 lines
05-01 14:24:27.361  3154  3385 I chatty  : uid=1000(system) android.display expire 5 lines
05-01 14:24:27.811  3154  3196 I chatty  : uid=1000(system) Binder:3154_2 expire 3 lines
05-01 14:24:28.074  3154  3392 I chatty  : uid=1000(system) PowerManagerSer expire 13 lines
05-01 14:24:28.457  3752  3752 V KeyguardStatusView: refresh statusview showing:true
05-01 14:24:28.461  3752  3752 V KeyguardDisplayManager: show
05-01 14:24:36.217  2849  2963 E NetlinkEvent: NetlinkEvent::FindParam(): Parameter 'INTERFACE' not found
05-01 14:24:36.217  2849  2963 E NetlinkEvent: NetlinkEvent::FindParam(): Parameter 'STATE' not found
05-01 14:24:36.217  2849  2963 E NetlinkEvent: NetlinkEvent::FindParam(): Parameter 'TIME_NS' not found
05-01 14:24:36.217  2849  2963 E NetlinkEvent: NetlinkEvent::FindParam(): Parameter 'UID' not found
05-01 14:28:05.067  2849  2963 E NetlinkEvent: NetlinkEvent::FindParam(): Parameter 'INTERFACE' not found
05-01 14:28:05.067  2849  2963 E NetlinkEvent: NetlinkEvent::FindParam(): Parameter 'STATE' not found
05-01 14:28:05.067  2849  2963 E NetlinkEvent: NetlinkEvent::FindParam(): Parameter 'TIME_NS' not found
05-01 14:28:05.067  2849  2963 E NetlinkEvent: NetlinkEvent::FindParam(): Parameter 'UID' not found
05-01 14:28:40.538  3154  3154 I chatty  : uid=1000 system_server expire 10 lines
05-01 14:28:40.560  3752  3752 V KeyguardDisplayManager: hide
05-01 14:28:40.572  3154 10229 I chatty  : uid=1000(system) Binder:3154_19 expire 2 lines
05-01 14:28:40.825  2849  2963 E NetlinkEvent: NetlinkEvent::FindParam(): Parameter 'INTERFACE' not found
05-01 14:28:40.825  2849  2963 E NetlinkEvent: NetlinkEvent::FindParam(): Parameter 'STATE' not found
05-01 14:28:40.825  2849  2963 E NetlinkEvent: NetlinkEvent::FindParam(): Parameter 'TIME_NS' not found
05-01 14:28:40.825  2849  2963 E NetlinkEvent: NetlinkEvent::FindParam(): Parameter 'UID' not found
05-01 14:28:40.826  3154  3614 I chatty  : uid=1000(system) NetworkPolicy expire 14 lines
05-01 14:28:41.113  3154  3377 I chatty  : uid=1000(system) android.io expire 19 lines
05-01 14:28:43.111  3154 14135 I chatty  : uid=1000(system) Binder:3154_1E expire 8 lines
05-01 14:28:44.419  3154  9344 I chatty  : uid=1000(system) Binder:3154_18 expire 1 line
05-01 14:29:07.724  2849  2963 E NetlinkEvent: NetlinkEvent::FindParam(): Parameter 'INTERFACE' not found
05-01 14:29:07.724  2849  2963 E NetlinkEvent: NetlinkEvent::FindParam(): Parameter 'STATE' not found
05-01 14:29:07.724  2849  2963 E NetlinkEvent: NetlinkEvent::FindParam(): Parameter 'TIME_NS' not found
05-01 14:29:07.724  2849  2963 E NetlinkEvent: NetlinkEvent::FindParam(): Parameter 'UID' not found
05-01 14:29:08.364  3154  3377 I chatty  : uid=1000(system) android.io expire 12 lines
05-01 14:29:08.483  3154  3154 I chatty  : uid=1000 system_server expire 11 lines
05-01 14:29:10.742  3154  3757 I chatty  : uid=1000(system) Binder:3154_3 expire 1 line
05-01 14:29:11.755  3154  3274 I chatty  : uid=1000(system) ActivityManager expire 9 lines
05-01 14:29:42.037  3154  3389 I chatty  : uid=1000(system) CpuTracker expire 2 lines
05-01 14:29:42.048  2849  2963 E NetlinkEvent: NetlinkEvent::FindParam(): Parameter 'INTERFACE' not found
05-01 14:29:42.048  2849  2963 E NetlinkEvent: NetlinkEvent::FindParam(): Parameter 'STATE' not found
05-01 14:29:42.048  2849  2963 E NetlinkEvent: NetlinkEvent::FindParam(): Parameter 'TIME_NS' not found
05-01 14:29:42.048  2849  2963 E NetlinkEvent: NetlinkEvent::FindParam(): Parameter 'UID' not found
05-01 14:29:53.222  3154  3614 I chatty  : uid=1000(system) NetworkPolicy expire 12 lines
05-01 14:29:53.274  2855  2855 I wificond: Enters wifigbk_ageOutHistory
05-01 14:29:53.275  2855  2855 I wificond: Enters wifigbk_ageOutHistory
05-01 14:30:25.281  2849  2963 E NetlinkEvent: NetlinkEvent::FindParam(): Parameter 'INTERFACE' not found
05-01 14:30:25.281  2849  2963 E NetlinkEvent: NetlinkEvent::FindParam(): Parameter 'STATE' not found
05-01 14:30:25.281  2849  2963 E NetlinkEvent: NetlinkEvent::FindParam(): Parameter 'TIME_NS' not found
05-01 14:30:25.281  2849  2963 E NetlinkEvent: NetlinkEvent::FindParam(): Parameter 'UID' not found
05-01 14:30:36.338  3154  3614 I chatty  : uid=1000(system) NetworkPolicy expire 12 lines
05-01 14:30:44.071  2849  2963 E NetlinkEvent: NetlinkEvent::FindParam(): Parameter 'INTERFACE' not found
05-01 14:30:44.071  2849  2963 E NetlinkEvent: NetlinkEvent::FindParam(): Parameter 'STATE' not found
05-01 14:30:44.071  2849  2963 E NetlinkEvent: NetlinkEvent::FindParam(): Parameter 'TIME_NS' not found
05-01 14:30:44.071  2849  2963 E NetlinkEvent: NetlinkEvent::FindParam(): Parameter 'UID' not found
05-01 14:32:48.992  2849  2963 E NetlinkEvent: NetlinkEvent::FindParam(): Parameter 'INTERFACE' not found
05-01 14:32:48.992  2849  2963 E NetlinkEvent: NetlinkEvent::FindParam(): Parameter 'STATE' not found
05-01 14:32:48.992  2849  2963 E NetlinkEvent: NetlinkEvent::FindParam(): Parameter 'TIME_NS' not found
05-01 14:32:48.992  2849  2963 E NetlinkEvent: NetlinkEvent::FindParam(): Parameter 'UID' not found
05-01 14:33:00.074  3154  3614 I chatty  : uid=1000(system) NetworkPolicy expire 15 lines
05-01 14:33:48.704  2849  2963 E NetlinkEvent: NetlinkEvent::FindParam(): Parameter 'INTERFACE' not found
05-01 14:33:48.704  2849  2963 E NetlinkEvent: NetlinkEvent::FindParam(): Parameter 'STATE' not found
05-01 14:33:48.704  2849  2963 E NetlinkEvent: NetlinkEvent::FindParam(): Parameter 'TIME_NS' not found
05-01 14:33:48.704  2849  2963 E NetlinkEvent: NetlinkEvent::FindParam(): Parameter 'UID' not found
05-01 14:34:00.062  3154  3614 I chatty  : uid=1000(system) NetworkPolicy expire 3 lines
05-01 14:34:15.419  3752  3752 V KeyguardStatusView: refresh statusview showing:true
05-01 14:34:15.424  3752  3752 V KeyguardDisplayManager: show
05-01 14:34:15.452  3154  3870 I chatty  : uid=1000(system) Binder:3154_5 expire 13 lines
05-01 14:34:15.454  3154  3377 I chatty  : uid=1000(system) android.io expire 13 lines
05-01 14:34:16.172  3154  4502 I chatty  : uid=1000(system) Binder:3154_C expire 9 lines
05-01 14:34:52.783  2849  2963 E NetlinkEvent: NetlinkEvent::FindParam(): Parameter 'INTERFACE' not found
05-01 14:34:52.783  2849  2963 E NetlinkEvent: NetlinkEvent::FindParam(): Parameter 'STATE' not found
05-01 14:34:52.783  2849  2963 E NetlinkEvent: NetlinkEvent::FindParam(): Parameter 'TIME_NS' not found
05-01 14:34:52.783  2849  2963 E NetlinkEvent: NetlinkEvent::FindParam(): Parameter 'UID' not found
05-01 14:35:32.885  2849  2963 E NetlinkEvent: NetlinkEvent::FindParam(): Parameter 'INTERFACE' not found
05-01 14:35:32.885  2849  2963 E NetlinkEvent: NetlinkEvent::FindParam(): Parameter 'STATE' not found
05-01 14:35:32.885  2849  2963 E NetlinkEvent: NetlinkEvent::FindParam(): Parameter 'TIME_NS' not found
05-01 14:35:32.885  2849  2963 E NetlinkEvent: NetlinkEvent::FindParam(): Parameter 'UID' not found
05-01 14:37:11.326  3154  3874 I chatty  : uid=1000(system) Binder:3154_6 expire 16 lines
05-01 14:37:11.366  3154 10238 I chatty  : uid=1000(system) Binder:3154_1A expire 4 lines
05-01 14:37:11.378  2849  2963 E NetlinkEvent: NetlinkEvent::FindParam(): Parameter 'INTERFACE' not found
05-01 14:37:11.378  2849  2963 E NetlinkEvent: NetlinkEvent::FindParam(): Parameter 'STATE' not found
05-01 14:37:11.378  2849  2963 E NetlinkEvent: NetlinkEvent::FindParam(): Parameter 'TIME_NS' not found
05-01 14:37:11.378  2849  2963 E NetlinkEvent: NetlinkEvent::FindParam(): Parameter 'UID' not found
05-01 14:38:24.795  3154  3154 I chatty  : uid=1000 system_server expire 21 lines
05-01 14:38:24.819  3752  3752 V KeyguardDisplayManager: hide
05-01 14:38:24.822  3154  3274 I chatty  : uid=1000(system) ActivityManager expire 26 lines
05-01 14:38:24.850  3154  3976 I chatty  : uid=1000(system) Binder:3154_7 expire 7 lines
05-01 14:38:24.850  3154  3392 I chatty  : uid=1000(system) PowerManagerSer expire 8 lines
05-01 14:38:24.875  3154  3385 I chatty  : uid=1000(system) android.display expire 4 lines
05-01 14:38:24.892  3154 14173 I chatty  : uid=1000(system) Binder:3154_1F expire 8 lines
05-01 14:38:24.954  3154  4510 I chatty  : uid=1000(system) Binder:3154_E expire 2 lines
05-01 14:38:25.032  3154  3614 I chatty  : uid=1000(system) NetworkPolicy expire 18 lines
05-01 14:38:26.008  2849  2963 E NetlinkEvent: NetlinkEvent::FindParam(): Parameter 'INTERFACE' not found
05-01 14:38:26.008  2849  2963 E NetlinkEvent: NetlinkEvent::FindParam(): Parameter 'STATE' not found
05-01 14:38:26.008  2849  2963 E NetlinkEvent: NetlinkEvent::FindParam(): Parameter 'TIME_NS' not found
05-01 14:38:26.008  2849  2963 E NetlinkEvent: NetlinkEvent::FindParam(): Parameter 'UID' not found
05-01 14:38:26.217  3154  3757 I chatty  : uid=1000(system) Binder:3154_3 expire 10 lines
05-01 14:38:26.236  3154 12531 I chatty  : uid=1000(system) Binder:3154_1D expire 3 lines
05-01 14:38:26.661  3154  3377 I chatty  : uid=1000(system) android.io expire 25 lines
05-01 14:38:40.068  3154  3587 I chatty  : uid=1000(system) InputDispatcher expire 1 line
05-01 14:38:41.043  3154  3290 I chatty  : uid=1000(system) batterystats-wo expire 1 line
05-01 14:38:41.671  3154  4466 I chatty  : uid=1000(system) Binder:3154_9 expire 7 lines
05-01 14:38:42.271  3752  3752 V KeyguardStatusView: refresh statusview showing:true
05-01 14:38:42.274  3752  3752 V KeyguardDisplayManager: show
05-01 14:38:51.562  3154  3377 I chatty  : uid=1000(system) android.io expire 19 lines
05-01 14:39:07.509  3154  3154 I chatty  : uid=1000 system_server expire 16 lines
05-01 14:39:07.529  3752  3752 V KeyguardDisplayManager: hide
05-01 14:39:07.549  3154  3874 I chatty  : uid=1000(system) Binder:3154_6 expire 2 lines
05-01 14:39:13.543  2849  2963 E NetlinkEvent: NetlinkEvent::FindParam(): Parameter 'INTERFACE' not found
05-01 14:39:13.544  2849  2963 E NetlinkEvent: NetlinkEvent::FindParam(): Parameter 'STATE' not found
05-01 14:39:13.544  2849  2963 E NetlinkEvent: NetlinkEvent::FindParam(): Parameter 'TIME_NS' not found
05-01 14:39:13.544  2849  2963 E NetlinkEvent: NetlinkEvent::FindParam(): Parameter 'UID' not found
05-01 14:39:13.796  2855  2855 I wificond: Enters wifigbk_ageOutHistory
05-01 14:39:13.796  2855  2855 I wificond: Enters wifigbk_ageOutHistory
05-01 14:39:13.813  3154  3377 I chatty  : uid=1000(system) android.io expire 8 lines
05-01 14:39:14.131  3154  3274 I chatty  : uid=1000(system) ActivityManager expire 9 lines
05-01 14:39:24.674  3154  3870 I chatty  : uid=1000(system) Binder:3154_5 expire 1 line
05-01 14:39:26.444  3154 10229 I chatty  : uid=1000(system) Binder:3154_19 expire 4 lines
05-01 14:39:26.509  3154  3376 I chatty  : uid=1000(system) android.fg expire 1 line
05-01 14:39:34.458  3154 12160 I chatty  : uid=1000(system) Binder:3154_1C expire 2 lines
05-01 14:39:34.481  3154  6597 I chatty  : uid=1000(system) Binder:3154_11 expire 1 line
05-01 14:39:58.991  3154  3757 I ActivityManager: START u0 {flg=0x10000 cmp=no.nordicsemi.android.nrfmeshprovisioner/.MainActivity} from uid 10131
05-01 14:40:09.818  3154  3273 I UsageStatsService: User[0] Flushing usage stats to disk
05-01 14:40:12.784  3154 12160 I ActivityManager: START u0 {cmp=no.nordicsemi.android.nrfmeshprovisioner/.MeshProvisionerActivity (has extras)} from uid 10131
05-01 14:40:13.049 10885 10885 E ActivityThread: Failed to find provider info for no.nordicsemi.android.log
05-01 14:40:14.389  3154  3757 I ActivityManager: Start proc 10950:com.spotify.music/u0a107 for broadcast com.spotify.music/com.spotify.mobile.android.service.bluetooth.BluetoothBroadcastReceiver
05-01 14:40:14.832  3154  3614 D NetworkStats: Resolving plan for NetworkTemplate: matchRule=MOBILE_ALL, subscriberId=466924..., matchSubscriberIds=[466924...]
05-01 14:40:14.834  3154  3614 D NetworkStats: Found active matching subId 1
05-01 14:40:14.838  3154  3614 D NetworkStats: Resolved to plan null
05-01 14:40:14.852  2849  2963 E NetlinkEvent: NetlinkEvent::FindParam(): Parameter 'INTERFACE' not found
05-01 14:40:14.852  2849  2963 E NetlinkEvent: NetlinkEvent::FindParam(): Parameter 'STATE' not found
05-01 14:40:14.852  2849  2963 E NetlinkEvent: NetlinkEvent::FindParam(): Parameter 'TIME_NS' not found
05-01 14:40:14.852  2849  2963 E NetlinkEvent: NetlinkEvent::FindParam(): Parameter 'UID' not found
05-01 14:40:15.631  3154  6597 D ConnectivityService: Returning BLOCKED NetworkInfo to uid=10107
05-01 14:40:15.795  3154  6597 W ActivityManager: Permission Denial: Accessing service ComponentInfo{com.google.android.music/com.google.android.music.dial.DialMediaRouteProviderService} from pid=10950, uid=10107 that is not exported from uid 10076
05-01 14:40:15.973  3154 12160 W ActivityManager: Permission Denial: Accessing service ComponentInfo{com.google.android.music/com.google.android.music.dial.DialMediaRouteProviderService} from pid=10950, uid=10107 that is not exported from uid 10076
05-01 14:40:16.405  2855  2855 I wificond: Enters wifigbk_ageOutHistory
05-01 14:40:16.405  2855  2855 I wificond: Enters wifigbk_ageOutHistory
05-01 14:40:22.446 10885 10885 E ActivityThread: Failed to find provider info for no.nordicsemi.android.log
05-01 14:40:26.369  3154 12160 I BatteryService: Battery level = 87; status = 2
05-01 14:40:35.376  3154 10229 I ActivityManager: START u0 {cmp=no.nordicsemi.android.nrfmeshprovisioner/.NodeConfigurationActivity (has extras)} from uid 10131
05-01 14:40:38.207  3154 10229 I ActivityManager: START u0 {cmp=no.nordicsemi.android.nrfmeshprovisioner/.VendorModelActivity (has extras)} from uid 10131
05-01 14:40:39.361  3154 14173 I ActivityManager: START u0 {cmp=no.nordicsemi.android.nrfmeshprovisioner/.BindAppKeysActivity (has extras)} from uid 10131
05-01 14:40:41.825  3154  3614 D NetworkStats: Resolving plan for NetworkTemplate: matchRule=MOBILE_ALL, subscriberId=466924..., matchSubscriberIds=[466924...]
05-01 14:40:41.826  3154  3614 D NetworkStats: Found active matching subId 1
05-01 14:40:41.835  3154  3614 D NetworkStats: Resolved to plan null
05-01 14:40:42.145  3154 10229 I ActivityManager: START u0 {cmp=no.nordicsemi.android.nrfmeshprovisioner/.PublicationSettingsActivity (has extras)} from uid 10131
05-01 14:40:44.930  3154  3614 D NetworkStats: Resolving plan for NetworkTemplate: matchRule=MOBILE_ALL, subscriberId=466924..., matchSubscriberIds=[466924...]
05-01 14:40:44.932  3154  3614 D NetworkStats: Found active matching subId 1
05-01 14:40:44.935  3154  3614 D NetworkStats: Resolved to plan null
05-01 14:40:57.143  3154  3290 E BatteryExternalStatsWorker: modem info is invalid: ModemActivityInfo{ mTimestamp=1953529588 mSleepTimeMs=11299 mIdleTimeMs=-108 mTxTimeMs[]=[105, 41, 74, 29, 1] mRxTimeMs=4077 mEnergyUsed=0}
05-01 14:40:57.461  3154  3614 D NetworkStats: Resolving plan for NetworkTemplate: matchRule=MOBILE_ALL, subscriberId=466924..., matchSubscriberIds=[466924...]
05-01 14:40:57.463  3154  3614 D NetworkStats: Found active matching subId 1
05-01 14:40:57.467  3154  3614 D NetworkStats: Resolved to plan null
05-01 14:41:00.841  3154 10229 I ActivityManager: START u0 {cmp=no.nordicsemi.android.nrfmeshprovisioner/.GenericOnOffServerActivity (has extras)} from uid 10131
05-01 14:41:02.017  3154  4482 I ActivityManager: START u0 {cmp=no.nordicsemi.android.nrfmeshprovisioner/.BindAppKeysActivity (has extras)} from uid 10131
05-01 14:41:14.931  3154  3154 I ActivityManager: Start proc 11216:com.asus.sysdiagnostic/1000 for service com.asus.sysdiagnostic/com.asus.abcdatasdk.service.SDFetchJobService
05-01 14:41:17.138  3154  3614 D NetworkStats: Resolving plan for NetworkTemplate: matchRule=MOBILE_ALL, subscriberId=466924..., matchSubscriberIds=[466924...]
05-01 14:41:17.140  3154  3614 D NetworkStats: Found active matching subId 1
05-01 14:41:17.145  3154  3614 D NetworkStats: Resolved to plan null
05-01 14:41:17.162  2849  2963 E NetlinkEvent: NetlinkEvent::FindParam(): Parameter 'INTERFACE' not found
05-01 14:41:17.162  2849  2963 E NetlinkEvent: NetlinkEvent::FindParam(): Parameter 'STATE' not found
05-01 14:41:17.162  2849  2963 E NetlinkEvent: NetlinkEvent::FindParam(): Parameter 'TIME_NS' not found
05-01 14:41:17.162  2849  2963 E NetlinkEvent: NetlinkEvent::FindParam(): Parameter 'UID' not found
05-01 14:41:26.371  3154 10229 I BatteryService: Battery level = 87; status = 2
05-01 14:41:26.984  3154 10229 I chatty  : uid=1000(system) Binder:3154_19 identical 1 line
05-01 14:41:27.189  3154 10229 I BatteryService: Battery level = 87; status = 2
05-01 14:41:40.956  3154  3614 D NetworkStats: Resolving plan for NetworkTemplate: matchRule=MOBILE_ALL, subscriberId=466924..., matchSubscriberIds=[466924...]
05-01 14:41:40.958  3154  3614 D NetworkStats: Found active matching subId 1
05-01 14:41:40.962  3154  3614 D NetworkStats: Resolved to plan null
05-01 14:41:49.082  3154  3614 D NetworkStats: Resolving plan for NetworkTemplate: matchRule=MOBILE_ALL, subscriberId=466924..., matchSubscriberIds=[466924...]
05-01 14:41:49.083  3154  3614 D NetworkStats: Found active matching subId 1
05-01 14:41:49.087  3154  3614 D NetworkStats: Resolved to plan null
05-01 14:41:49.103  2849  2963 E NetlinkEvent: NetlinkEvent::FindParam(): Parameter 'INTERFACE' not found
05-01 14:41:49.103  2849  2963 E NetlinkEvent: NetlinkEvent::FindParam(): Parameter 'STATE' not found
05-01 14:41:49.103  2849  2963 E NetlinkEvent: NetlinkEvent::FindParam(): Parameter 'TIME_NS' not found
05-01 14:41:49.103  2849  2963 E NetlinkEvent: NetlinkEvent::FindParam(): Parameter 'UID' not found
05-01 14:42:06.849  3154  3614 D NetworkStats: Resolving plan for NetworkTemplate: matchRule=MOBILE_ALL, subscriberId=466924..., matchSubscriberIds=[466924...]
05-01 14:42:06.850  3154  3614 D NetworkStats: Found active matching subId 1
05-01 14:42:06.855  3154  3614 D NetworkStats: Resolved to plan null
05-01 14:42:17.289  3154  3614 D NetworkStats: Resolving plan for NetworkTemplate: matchRule=MOBILE_ALL, subscriberId=466924..., matchSubscriberIds=[466924...]
05-01 14:42:17.292  3154  3614 D NetworkStats: Found active matching subId 1
05-01 14:42:17.301  3154  3614 D NetworkStats: Resolved to plan null
05-01 14:42:17.324  2849  2963 E NetlinkEvent: NetlinkEvent::FindParam(): Parameter 'INTERFACE' not found
05-01 14:42:17.324  2849  2963 E NetlinkEvent: NetlinkEvent::FindParam(): Parameter 'STATE' not found
05-01 14:42:17.324  2849  2963 E NetlinkEvent: NetlinkEvent::FindParam(): Parameter 'TIME_NS' not found
05-01 14:42:17.324  2849  2963 E NetlinkEvent: NetlinkEvent::FindParam(): Parameter 'UID' not found
05-01 14:42:26.371  3154  3870 I BatteryService: Battery level = 87; status = 2
05-01 14:42:30.338  3154  3614 D NetworkStats: Resolving plan for NetworkTemplate: matchRule=MOBILE_ALL, subscriberId=466924..., matchSubscriberIds=[466924...]
05-01 14:42:30.339  3154  3614 D NetworkStats: Found active matching subId 1
05-01 14:42:30.343  3154  3614 D NetworkStats: Resolved to plan null
05-01 14:42:32.860  3154  3614 D NetworkStats: Resolving plan for NetworkTemplate: matchRule=MOBILE_ALL, subscriberId=466924..., matchSubscriberIds=[466924...]
05-01 14:42:32.861  3154  3614 D NetworkStats: Found active matching subId 1
05-01 14:42:32.865  3154  3614 D NetworkStats: Resolved to plan null
05-01 14:42:43.145  3154  3614 D NetworkStats: Resolving plan for NetworkTemplate: matchRule=MOBILE_ALL, subscriberId=466924..., matchSubscriberIds=[466924...]
05-01 14:42:43.146  3154  3614 D NetworkStats: Found active matching subId 1
05-01 14:42:43.150  3154  3614 D NetworkStats: Resolved to plan null
05-01 14:42:51.111  3154  3614 D NetworkStats: Resolving plan for NetworkTemplate: matchRule=MOBILE_ALL, subscriberId=466924..., matchSubscriberIds=[466924...]
05-01 14:42:51.113  3154  3614 D NetworkStats: Found active matching subId 1
05-01 14:42:51.116  3154  3614 D NetworkStats: Resolved to plan null
05-01 14:42:51.131  2849  2963 E NetlinkEvent: NetlinkEvent::FindParam(): Parameter 'INTERFACE' not found
05-01 14:42:51.131  2849  2963 E NetlinkEvent: NetlinkEvent::FindParam(): Parameter 'STATE' not found
05-01 14:42:51.131  2849  2963 E NetlinkEvent: NetlinkEvent::FindParam(): Parameter 'TIME_NS' not found
05-01 14:42:51.131  2849  2963 E NetlinkEvent: NetlinkEvent::FindParam(): Parameter 'UID' not found
05-01 14:43:02.337  3154  3614 D NetworkStats: Resolving plan for NetworkTemplate: matchRule=MOBILE_ALL, subscriberId=466924..., matchSubscriberIds=[466924...]
05-01 14:43:02.338  3154  3614 D NetworkStats: Found active matching subId 1
05-01 14:43:02.341  3154  3614 D NetworkStats: Resolved to plan null
05-01 14:43:14.882  3154  3614 D NetworkStats: Resolving plan for NetworkTemplate: matchRule=MOBILE_ALL, subscriberId=466924..., matchSubscriberIds=[466924...]
05-01 14:43:14.883  3154  3614 D NetworkStats: Found active matching subId 1
05-01 14:43:14.886  3154  3614 D NetworkStats: Resolved to plan null
05-01 14:43:14.917  2849  2963 E NetlinkEvent: NetlinkEvent::FindParam(): Parameter 'INTERFACE' not found
05-01 14:43:14.917  2849  2963 E NetlinkEvent: NetlinkEvent::FindParam(): Parameter 'STATE' not found
05-01 14:43:14.917  2849  2963 E NetlinkEvent: NetlinkEvent::FindParam(): Parameter 'TIME_NS' not found
05-01 14:43:14.917  2849  2963 E NetlinkEvent: NetlinkEvent::FindParam(): Parameter 'UID' not found
05-01 14:43:26.370  3154  3870 I BatteryService: Battery level = 87; status = 2
05-01 14:43:32.523  3154  3614 D NetworkStats: Resolving plan for NetworkTemplate: matchRule=MOBILE_ALL, subscriberId=466924..., matchSubscriberIds=[466924...]
05-01 14:43:32.524  3154  3614 D NetworkStats: Found active matching subId 1
05-01 14:43:32.528  3154  3614 D NetworkStats: Resolved to plan null
05-01 14:43:44.011  3154  3274 I ActivityManager: Start proc 11467:jp.naver.line.android/u0a110 for broadcast jp.naver.line.android/.alarm.LineAlarmReceiver
05-01 14:43:44.168  3154  3614 D NetworkStats: Resolving plan for NetworkTemplate: matchRule=MOBILE_ALL, subscriberId=466924..., matchSubscriberIds=[466924...]
05-01 14:43:44.170  3154  3614 D NetworkStats: Found active matching subId 1
05-01 14:43:44.174  3154  3614 D NetworkStats: Resolved to plan null
05-01 14:43:44.201  2849  2963 E NetlinkEvent: NetlinkEvent::FindParam(): Parameter 'INTERFACE' not found
05-01 14:43:44.201  2849  2963 E NetlinkEvent: NetlinkEvent::FindParam(): Parameter 'STATE' not found
05-01 14:43:44.201  2849  2963 E NetlinkEvent: NetlinkEvent::FindParam(): Parameter 'TIME_NS' not found
05-01 14:43:44.201  2849  2963 E NetlinkEvent: NetlinkEvent::FindParam(): Parameter 'UID' not found
05-01 14:43:44.356  3154  4482 W ActivityManager: Background start not allowed: service Intent { cmp=jp.naver.line.android/com.linecorp.linekeep.uploadservice.KeepNetworkService } to jp.naver.line.android/com.linecorp.linekeep.uploadservice.KeepNetworkService from pid=11467 uid=10110 pkg=jp.naver.line.android
05-01 14:43:44.591  3154  4482 I ActivityManager: Killing 7251:com.google.android.play.games.ui/u0a19 (adj 904): empty #31
05-01 14:44:26.371  3154  4482 I BatteryService: Battery level = 87; status = 2
05-01 14:44:37.649  3154  3614 D NetworkStats: Resolving plan for NetworkTemplate: matchRule=MOBILE_ALL, subscriberId=466924..., matchSubscriberIds=[466924...]
05-01 14:44:37.651  3154  3614 D NetworkStats: Found active matching subId 1
05-01 14:44:37.654  3154  3614 D NetworkStats: Resolved to plan null
05-01 14:44:39.890  3154  3614 D NetworkStats: Resolving plan for NetworkTemplate: matchRule=MOBILE_ALL, subscriberId=466924..., matchSubscriberIds=[466924...]
05-01 14:44:39.892  3154  3614 D NetworkStats: Found active matching subId 1
05-01 14:44:39.895  3154  3614 D NetworkStats: Resolved to plan null
05-01 14:45:02.672  3154  4482 I ActivityManager: Killing 7477:com.android.chrome:webview_service/u0a55 (adj 904): empty #31
05-01 14:45:05.524  3154  3614 D NetworkStats: Resolving plan for NetworkTemplate: matchRule=MOBILE_ALL, subscriberId=466924..., matchSubscriberIds=[466924...]
05-01 14:45:05.526  3154  3614 D NetworkStats: Found active matching subId 1
05-01 14:45:05.532  3154  3614 D NetworkStats: Resolved to plan null
05-01 14:45:15.260  3154  3614 D NetworkStats: Resolving plan for NetworkTemplate: matchRule=MOBILE_ALL, subscriberId=466924..., matchSubscriberIds=[466924...]
05-01 14:45:15.261  3154  3614 D NetworkStats: Found active matching subId 1
05-01 14:45:15.264  3154  3614 D NetworkStats: Resolved to plan null
05-01 14:45:15.281  2849  2963 E NetlinkEvent: NetlinkEvent::FindParam(): Parameter 'INTERFACE' not found
05-01 14:45:15.281  2849  2963 E NetlinkEvent: NetlinkEvent::FindParam(): Parameter 'STATE' not found
