05-01 12:01:54.405  3154  3633 I chatty  : uid=1000(system) ConnectivitySer expire 10 lines
05-01 12:01:54.538  3154  3870 I chatty  : uid=1000(system) Binder:3154_5 expire 10 lines
05-01 12:01:54.726  3154 14135 I chatty  : uid=1000(system) Binder:3154_1E expire 1 line
05-01 12:01:54.824  3154  3614 I chatty  : uid=1000(system) NetworkPolicy expire 15 lines
05-01 12:01:54.861  2855  2855 I wificond: Enters wifigbk_ageOutHistory
05-01 12:01:54.862  2855  2855 I wificond: Enters wifigbk_ageOutHistory
05-01 12:01:56.417  3154  3587 I chatty  : uid=1000(system) InputDispatcher expire 2 lines
05-01 12:01:56.723  2855  2855 I wificond: Enters wifigbk_ageOutHistory
05-01 12:01:56.723  2855  2855 I wificond: Enters wifigbk_ageOutHistory
05-01 12:01:57.073  3154  3195 I chatty  : uid=1000(system) Binder:3154_1 expire 6 lines
05-01 12:01:57.074  3154  3377 I chatty  : uid=1000(system) android.io expire 31 lines
05-01 12:01:58.262  3154  7016 I chatty  : uid=1000(system) Binder:3154_12 expire 3 lines
05-01 12:01:58.265  3154  7198 I chatty  : uid=1000(system) Binder:3154_13 expire 5 lines
05-01 12:01:58.314  3154  9273 I chatty  : uid=1000(system) Binder:3154_17 expire 14 lines
05-01 12:01:58.567  3154  3385 I chatty  : uid=1000(system) android.display expire 4 lines
05-01 12:02:08.399  3154  3757 I chatty  : uid=1000(system) Binder:3154_3 expire 5 lines
05-01 12:02:08.550  3154  8274 I chatty  : uid=1000(system) Binder:3154_15 expire 11 lines
05-01 12:02:09.755  3154  3274 I chatty  : uid=1000(system) ActivityManager expire 11 lines
05-01 12:02:27.484  3154 12160 I chatty  : uid=1000(system) Binder:3154_1C expire 3 lines
05-01 12:02:43.134  3752  3752 V KeyguardStatusView: refresh statusview showing:true
05-01 12:02:43.138  3752  3752 V KeyguardDisplayManager: show
05-01 12:02:48.117  3154  3377 I chatty  : uid=1000(system) android.io expire 13 lines
05-01 12:02:48.561  3154  3196 I chatty  : uid=1000(system) Binder:3154_2 expire 5 lines
05-01 12:05:35.864  2849  2963 E NetlinkEvent: NetlinkEvent::FindParam(): Parameter 'INTERFACE' not found
05-01 12:05:35.864  2849  2963 E NetlinkEvent: NetlinkEvent::FindParam(): Parameter 'STATE' not found
05-01 12:05:35.864  2849  2963 E NetlinkEvent: NetlinkEvent::FindParam(): Parameter 'TIME_NS' not found
05-01 12:05:35.864  2849  2963 E NetlinkEvent: NetlinkEvent::FindParam(): Parameter 'UID' not found
05-01 12:05:44.303  3154  9273 I chatty  : uid=1000(system) Binder:3154_17 expire 3 lines
05-01 12:05:55.776  3154  4485 I chatty  : uid=1000(system) Binder:3154_B expire 2 lines
05-01 12:05:55.781  3154  4795 I chatty  : uid=1000(system) Binder:3154_10 expire 1 line
05-01 12:07:23.144  3154 10238 I chatty  : uid=1000(system) Binder:3154_1A expire 9 lines
05-01 12:09:03.640  4000  4000 D MccTable: updateMccMncConfiguration mccmnc='' fromServiceState=true
05-01 12:09:03.640  4000  4000 D MccTable: setWifiCountryCodeFromMcc mcc = 0
05-01 12:09:03.640  4000  4000 D MccTable: WIFI_COUNTRY_CODE set to 
05-01 12:09:03.694  3154  3154 I chatty  : uid=1000 system_server expire 13 lines
05-01 12:09:03.707  3154  9208 I chatty  : uid=1000(system) Binder:3154_16 expire 2 lines
05-01 12:09:03.707  3154 14173 I chatty  : uid=1000(system) Binder:3154_1F expire 3 lines
05-01 12:09:03.707  3154  3869 I chatty  : uid=1000(system) Binder:3154_4 expire 1 line
05-01 12:09:03.707  3154  3874 I chatty  : uid=1000(system) Binder:3154_6 expire 2 lines
05-01 12:09:03.772  4000  4000 I Telephony: PstnIncomingCallNotifier: Unregistering: Handler (com.qualcomm.qti.internal.telephony.QtiGsmCdmaPhone) {1ada10b}
05-01 12:09:03.788  4000  4000 I Telephony: AccountEntry: Registered phoneAccount: [[ ] PhoneAccount: ComponentInfo{com.android.phone/com.android.services.telephony.TelephonyConnectionService}, [****], UserHandle{0} Capabilities: CallProvider MultiUser PlaceEmerg SimSub  Audio Routes: BESW Schemes: tel voicemail  Extras: Bundle[{android.telecom.extra.SUPPORTS_VIDEO_CALLING_FALLBACK=false, android.telecom.extra.SORT_ORDER=0}] GroupId: [****]] with handle: ComponentInfo{com.android.phone/com.android.services.telephony.TelephonyConnectionService}, [****], UserHandle{0}
05-01 12:09:03.788  4000  4000 I Telephony: PstnIncomingCallNotifier: Registering: Handler (com.qualcomm.qti.internal.telephony.QtiGsmCdmaPhone) {1ada10b}
05-01 12:09:03.841  4000  4000 I Telephony: PstnPhoneCapabilitiesNotifier: handleVideoCapabilitesChanged. Video capability - false
05-01 12:09:26.578  2849  2963 E NetlinkEvent: NetlinkEvent::FindParam(): Parameter 'INTERFACE' not found
05-01 12:09:26.578  2849  2963 E NetlinkEvent: NetlinkEvent::FindParam(): Parameter 'STATE' not found
05-01 12:09:26.578  2849  2963 E NetlinkEvent: NetlinkEvent::FindParam(): Parameter 'TIME_NS' not found
05-01 12:09:26.578  2849  2963 E NetlinkEvent: NetlinkEvent::FindParam(): Parameter 'UID' not found
05-01 12:09:26.594  4000  4000 D MccTable: updateMccMncConfiguration mccmnc='46692' fromServiceState=true
05-01 12:09:26.595  4000  4000 D MccTable: updateMccMncConfiguration defaultMccMnc=46692
05-01 12:09:26.595  4000  4000 D MccTable: updateMccMncConfiguration: mcc=466, mnc=92
05-01 12:09:26.598  4000  4000 D MccTable: setWifiCountryCodeFromMcc mcc = 466
05-01 12:09:26.599  4000  4000 D MccTable: WIFI_COUNTRY_CODE set to tw
05-01 12:09:26.599  3154  4510 I chatty  : uid=1000(system) Binder:3154_E expire 1 line
05-01 12:09:26.618  3154  3633 I chatty  : uid=1000(system) ConnectivitySer expire 3 lines
05-01 12:09:26.643  3154  3614 I chatty  : uid=1000(system) NetworkPolicy expire 9 lines
05-01 12:09:26.662  4000  4000 I Telephony: PstnIncomingCallNotifier: Unregistering: Handler (com.qualcomm.qti.internal.telephony.QtiGsmCdmaPhone) {1ada10b}
05-01 12:09:26.680  4000  4000 I Telephony: AccountEntry: Registered phoneAccount: [[ ] PhoneAccount: ComponentInfo{com.android.phone/com.android.services.telephony.TelephonyConnectionService}, [****], UserHandle{0} Capabilities: CallProvider MultiUser PlaceEmerg SimSub  Audio Routes: BESW Schemes: tel voicemail  Extras: Bundle[{android.telecom.extra.SUPPORTS_VIDEO_CALLING_FALLBACK=false, android.telecom.extra.SORT_ORDER=0}] GroupId: [****]] with handle: ComponentInfo{com.android.phone/com.android.services.telephony.TelephonyConnectionService}, [****], UserHandle{0}
05-01 12:09:26.680  4000  4000 I Telephony: PstnIncomingCallNotifier: Registering: Handler (com.qualcomm.qti.internal.telephony.QtiGsmCdmaPhone) {1ada10b}
05-01 12:09:26.687  4000  4000 I Telephony: PstnIncomingCallNotifier: Unregistering: Handler (com.qualcomm.qti.internal.telephony.QtiGsmCdmaPhone) {1ada10b}
05-01 12:09:26.704  4000  4000 I Telephony: AccountEntry: Registered phoneAccount: [[ ] PhoneAccount: ComponentInfo{com.android.phone/com.android.services.telephony.TelephonyConnectionService}, [****], UserHandle{0} Capabilities: CallProvider MultiUser PlaceEmerg SimSub  Audio Routes: BESW Schemes: tel voicemail  Extras: Bundle[{android.telecom.extra.SUPPORTS_VIDEO_CALLING_FALLBACK=false, android.telecom.extra.SORT_ORDER=0}] GroupId: [****]] with handle: ComponentInfo{com.android.phone/com.android.services.telephony.TelephonyConnectionService}, [****], UserHandle{0}
05-01 12:09:26.704  4000  4000 I Telephony: PstnIncomingCallNotifier: Registering: Handler (com.qualcomm.qti.internal.telephony.QtiGsmCdmaPhone) {1ada10b}
05-01 12:09:26.773  4000  4000 I Telephony: PstnPhoneCapabilitiesNotifier: handleVideoCapabilitesChanged. Video capability - false
05-01 12:09:26.774  4000  4000 I Telephony: PstnPhoneCapabilitiesNotifier: handleVideoCapabilitesChanged. Video capability - false
05-01 12:09:26.783  3154  4465 I chatty  : uid=1000(system) Binder:3154_8 expire 1 line
05-01 12:09:40.442  2849  2963 E NetlinkEvent: NetlinkEvent::FindParam(): Parameter 'INTERFACE' not found
05-01 12:09:40.442  2849  2963 E NetlinkEvent: NetlinkEvent::FindParam(): Parameter 'STATE' not found
05-01 12:09:40.442  2849  2963 E NetlinkEvent: NetlinkEvent::FindParam(): Parameter 'TIME_NS' not found
05-01 12:09:40.442  2849  2963 E NetlinkEvent: NetlinkEvent::FindParam(): Parameter 'UID' not found
05-01 12:13:02.250  3752  3752 V KeyguardDisplayManager: hide
05-01 12:13:02.280  3154  3976 I chatty  : uid=1000(system) Binder:3154_7 expire 3 lines
05-01 12:13:03.006  2855  2855 I wificond: Enters wifigbk_ageOutHistory
05-01 12:13:03.006  2855  2855 I wificond: Enters wifigbk_ageOutHistory
05-01 12:13:03.093  2849  2963 E NetlinkEvent: NetlinkEvent::FindParam(): Parameter 'INTERFACE' not found
05-01 12:13:03.093  2849  2963 E NetlinkEvent: NetlinkEvent::FindParam(): Parameter 'STATE' not found
05-01 12:13:03.093  2849  2963 E NetlinkEvent: NetlinkEvent::FindParam(): Parameter 'TIME_NS' not found
05-01 12:13:03.093  2849  2963 E NetlinkEvent: NetlinkEvent::FindParam(): Parameter 'UID' not found
05-01 12:13:04.144  3154  3377 I chatty  : uid=1000(system) android.io expire 13 lines
05-01 12:13:05.117  3154  3870 I chatty  : uid=1000(system) Binder:3154_5 expire 2 lines
05-01 12:13:28.027  3154  3614 D NetworkStats: Resolving plan for NetworkTemplate: matchRule=MOBILE_ALL, subscriberId=466924..., matchSubscriberIds=[466924...]
05-01 12:13:28.029  3154  3614 D NetworkStats: Found active matching subId 1
05-01 12:13:28.036  3154  3614 D NetworkStats: Resolved to plan null
05-01 12:13:32.521  3154  3587 I ActivityManager: START u0 {act=android.intent.action.MAIN cat=[android.intent.category.HOME] flg=0x10200000 cmp=com.android.launcher3/.NowLauncher (has extras)} from uid 1000
05-01 12:13:32.881  3154 14173 I ActivityManager: START u0 {flg=0x10804000 cmp=com.android.systemui/.recents.RecentsActivity} from uid 10038
05-01 12:13:32.992  3154  4465 D BluetoothManagerService: Registered for death of com.google.android.gms
05-01 12:13:32.992  3154  4465 D BluetoothManagerService: 1 registered Ble Apps
05-01 12:13:32.993  3154  4482 D BluetoothManagerService: enable(com.google.android.gms):  mBluetooth =null mBinding = false mState = OFF
05-01 12:13:32.994  3154  4482 D BluetoothManagerService: enable returning
05-01 12:13:32.994  3154  3377 D BluetoothManagerService: MESSAGE_ENABLE(0): mBluetooth = null
05-01 12:13:33.006  3154  3377 I ActivityManager: Start proc 31730:com.android.bluetooth/1002 for service com.android.bluetooth/.btservice.AdapterService
05-01 12:13:33.143  3154  3154 D BluetoothManagerService: Bluetooth Adapter name changed to ASUS_X01BDA
05-01 12:13:33.143  3154  3154 D BluetoothManagerService: Stored Bluetooth name: ASUS_X01BDA
05-01 12:13:33.154  3154  3154 D BluetoothManagerService: BluetoothServiceConnection: com.android.bluetooth.btservice.AdapterService
05-01 12:13:33.155  3154  3377 D BluetoothManagerService: MESSAGE_BLUETOOTH_SERVICE_CONNECTED: 1
05-01 12:13:33.155  3154  3377 D BluetoothManagerService: Broadcasting onBluetoothServiceUp() to 14 receivers.
05-01 12:13:33.157  3154  3377 D BluetoothManagerService: MESSAGE_BLUETOOTH_STATE_CHANGE: OFF > BLE_TURNING_ON
05-01 12:13:33.157  3154  3377 D BluetoothManagerService: Sending BLE State Change: OFF > BLE_TURNING_ON
05-01 12:13:33.671  3154  4465 I ActivityManager: Killing 28991:com.google.android.videos/u0a91 (adj 906): empty #31
05-01 12:13:33.672  3154  4465 I ActivityManager: Killing 28898:android.process.acore/u0a5 (adj 906): empty #32
05-01 12:13:33.674  3154  4465 I ActivityManager: Killing 30616:jp.naver.line.android/u0a110 (adj 900): remove task
05-01 12:13:33.675  3154  4465 I ActivityManager: Killing 31572:com.android.chrome:sandboxed_process0/u0a110i591 (adj 900): remove task
05-01 12:13:33.677  3154  3874 I ActivityManager: START u0 {act=android.intent.action.MAIN cat=[android.intent.category.HOME] flg=0x10200000 cmp=com.android.launcher3/.NowLauncher} from uid 10038
05-01 12:13:33.694  3154 14173 W ActivityManager: Scheduling restart of crashed service jp.naver.line.android/org.chromium.content.app.SandboxedProcessService0 in 1000ms
05-01 12:13:33.708  3154  3290 D KernelUidCpuTimeReader: Removing uids 99591-99591
05-01 12:13:33.786  3154 12531 D ConnectivityService: ConnectivityService NetworkRequestInfo binderDied(NetworkRequest [ LISTEN id=4016, [ Capabilities: INTERNET&NOT_RESTRICTED&TRUSTED] ], android.os.BinderProxy@d99bc8c)
05-01 12:13:33.786  3154  8274 D ConnectivityService: ConnectivityService NetworkRequestInfo binderDied(NetworkRequest [ LISTEN id=4015, [ Capabilities: INTERNET&NOT_RESTRICTED&TRUSTED] ], android.os.BinderProxy@2301fd5)
05-01 12:13:33.786  3154 10238 D ConnectivityService: ConnectivityService NetworkRequestInfo binderDied(NetworkRequest [ LISTEN id=4011, [ Capabilities: INTERNET&NOT_RESTRICTED&TRUSTED&NOT_VPN&VALIDATED] ], android.os.BinderProxy@beea3ea)
05-01 12:13:33.792  3154 14135 I WindowManager: WIN DEATH: Window{f659207 u0 jp.naver.line.android/jp.naver.line.android.activity.main.MainActivity}
05-01 12:13:33.794  3154 12531 I WindowManager: WIN DEATH: Window{8d0e738 u0 jp.naver.line.android/jp.naver.line.android.activity.chathistory.ChatHistoryActivity}
05-01 12:13:33.826  3154  3385 W ActivityManager: setHasOverlayUi called on unknown pid: 30616
05-01 12:13:34.175  3154  4510 I PowerManagerService: Going to sleep by application request (uid 10038)...
05-01 12:13:34.181  3154  3154 V FingerprintService: startAuthentication(com.android.systemui)
05-01 12:13:34.181  3154  3154 V FingerprintService: starting client AuthenticationClient(com.android.systemui), initiatedByClient = true)
05-01 12:13:34.195  3154  3154 W FingerprintService: client com.android.systemui is authenticating...
05-01 12:13:34.335  3154  3154 D BluetoothManagerService: Bluetooth Adapter address changed to 40:B0:76:B2:24:E9
05-01 12:13:34.335  3154  3154 D BluetoothManagerService: Stored Bluetoothaddress: 40:B0:76:B2:24:E9
05-01 12:13:34.336  3154  3154 D BluetoothManagerService: Bluetooth Adapter name changed to ASUS_X01BDA
05-01 12:13:34.336  3154  3154 D BluetoothManagerService: Stored Bluetooth name: ASUS_X01BDA
05-01 12:13:34.343  3154  3377 D BluetoothManagerService: MESSAGE_BLUETOOTH_STATE_CHANGE: BLE_TURNING_ON > BLE_ON
05-01 12:13:34.343  3154  3377 D BluetoothManagerService: Bluetooth is in LE only mode
05-01 12:13:34.343  3154  3377 D BluetoothManagerService: Binding Bluetooth GATT service
05-01 12:13:34.343  3154  3377 D BluetoothManagerService: Sending BLE State Change: BLE_TURNING_ON > BLE_ON
05-01 12:13:34.346  3154  3154 D BluetoothManagerService: BluetoothServiceConnection: com.android.bluetooth.gatt.GattService
05-01 12:13:34.346  3154  3377 D BluetoothManagerService: MESSAGE_BLUETOOTH_SERVICE_CONNECTED: 2
05-01 12:13:34.346  3154  3377 D BluetoothManagerService: BluetoothGatt Service is Up
05-01 12:13:34.417  3154  3392 I DisplayPowerController: Blocking screen off
05-01 12:13:34.418  3154  3392 I DisplayPowerController: Unblocked screen off after 0 ms
05-01 12:13:34.425  3154 14173 I BatteryService: Battery level = 89; status = 3
05-01 12:13:34.426  3154  3392 E KernelUidCpuTimeReader: Malformed cpu data for UID=10110!
05-01 12:13:34.426  3154  3392 E KernelUidCpuTimeReader: Time between reads: +727ms
05-01 12:13:34.426  3154  3392 E KernelUidCpuTimeReader: Previous times: u=+3h34m37s360ms s=+1h0m19s10ms
05-01 12:13:34.426  3154  3392 E KernelUidCpuTimeReader: Current times: u=+3h34m34s900ms s=+1h0m18s400ms
05-01 12:13:34.426  3154  3392 E KernelUidCpuTimeReader: Delta: u=-2s460ms s=-610ms
05-01 12:13:34.426  3154  3392 E KernelUidCpuTimeReader: Malformed cpu data for UID=10005!
05-01 12:13:34.426  3154  3392 E KernelUidCpuTimeReader: Time between reads: +727ms
05-01 12:13:34.426  3154  3392 E KernelUidCpuTimeReader: Previous times: u=+45s350ms s=+18s840ms
05-01 12:13:34.426  3154  3392 E KernelUidCpuTimeReader: Current times: u=+45s320ms s=+18s770ms
05-01 12:13:34.426  3154  3392 E KernelUidCpuTimeReader: Delta: u=-30ms s=-70ms
05-01 12:13:34.426  3154  3392 E KernelUidCpuTimeReader: Malformed cpu data for UID=10091!
05-01 12:13:34.426  3154  3392 E KernelUidCpuTimeReader: Time between reads: +727ms
05-01 12:13:34.426  3154  3392 E KernelUidCpuTimeReader: Previous times: u=+41s770ms s=+14s840ms
05-01 12:13:34.426  3154  3392 E KernelUidCpuTimeReader: Current times: u=+41s530ms s=+14s700ms
05-01 12:13:34.426  3154  3392 E KernelUidCpuTimeReader: Delta: u=-240ms s=-140ms
05-01 12:13:34.456  3154  3385 I DisplayManagerService: Display device changed state: "", OFF
05-01 12:13:34.691  3154  3392 I PowerManagerService: Sleeping (uid 1000)...
05-01 12:13:34.769  3752  3752 V KeyguardStatusView: refresh statusview showing:true
05-01 12:13:34.772  3752  3752 V KeyguardDisplayManager: show
05-01 12:13:43.466  3154 14173 D BluetoothManagerService: Unregistered for death of com.google.android.gms
05-01 12:13:43.466  3154 14173 D BluetoothManagerService: 0 registered Ble Apps
05-01 12:13:43.466  3154 14173 D BluetoothManagerService: Reseting the mEnable flag for clean disable
05-01 12:13:43.467  3154 14173 D BluetoothManagerService: Move to BT state OFF
05-01 12:13:43.467  3154 14173 D BluetoothManagerService: Calling sendBrEdrDownCallback callbacks
05-01 12:13:43.467  3154 14173 D BluetoothManagerService: isBleAppPresent() count: 0
05-01 12:13:43.467  3154  3377 D BluetoothManagerService: MESSAGE_BLUETOOTH_STATE_CHANGE: BLE_ON > BLE_TURNING_OFF
05-01 12:13:43.467  3154  3377 D BluetoothManagerService: Sending BLE State Change: BLE_ON > BLE_TURNING_OFF
05-01 12:13:43.844  3154  3377 D BluetoothManagerService: MESSAGE_BLUETOOTH_STATE_CHANGE: BLE_TURNING_OFF > OFF
05-01 12:13:43.844  3154  3377 D BluetoothManagerService: Bluetooth is complete send Service Down
05-01 12:13:43.844  3154  3377 D BluetoothManagerService: Broadcasting onBluetoothServiceDown() to 13 receivers.
05-01 12:13:43.845  3154  3377 D BluetoothManagerService: unbindAndFinish(): android.bluetooth.IBluetooth$Stub$Proxy@cf3356 mBinding = false mUnbinding = false
05-01 12:13:43.847  3154  3377 D BluetoothManagerService: Sending BLE State Change: BLE_TURNING_OFF > OFF
05-01 12:13:43.885  3154 14173 I ActivityManager: Process com.android.bluetooth (pid 31730) has died: fore RCVR
05-01 12:13:44.278  3154  3614 D NetworkStats: Resolving plan for NetworkTemplate: matchRule=MOBILE_ALL, subscriberId=466924..., matchSubscriberIds=[466924...]
05-01 12:13:44.281  3154  3614 D NetworkStats: Found active matching subId 1
05-01 12:13:44.284  3154  3614 D NetworkStats: Resolved to plan null
05-01 12:14:03.617  3154 14173 I BatteryService: Battery level = 89; status = 3
05-01 12:14:03.882  2849  2963 E NetlinkEvent: NetlinkEvent::FindParam(): Parameter 'INTERFACE' not found
05-01 12:14:03.883  2849  2963 E NetlinkEvent: NetlinkEvent::FindParam(): Parameter 'STATE' not found
05-01 12:14:03.883  2849  2963 E NetlinkEvent: NetlinkEvent::FindParam(): Parameter 'TIME_NS' not found
05-01 12:14:03.883  2849  2963 E NetlinkEvent: NetlinkEvent::FindParam(): Parameter 'UID' not found
05-01 12:15:52.782  3154  3154 V FingerprintService: onAuthenticated(owner=com.android.systemui, id=24497547, gp=0)
05-01 12:15:52.782  3154  3154 V FingerprintService: Done with client: com.android.systemui
05-01 12:15:52.801  3752  3752 V KeyguardDisplayManager: hide
05-01 12:15:52.804  3154  3274 W BroadcastQueue: Background execution not allowed: receiving Intent { act=android.intent.action.USER_PRESENT flg=0x24200010 } to com.facebook.katana/com.facebook.rti.orca.FbnsLiteBroadcastReceiver
05-01 12:15:52.804  3154  3274 W BroadcastQueue: Background execution not allowed: receiving Intent { act=android.intent.action.USER_PRESENT flg=0x24200010 } to com.google.android.gms/.auth.setup.devicesignals.LockScreenReceiver
05-01 12:15:52.804  3154  3274 W BroadcastQueue: Background execution not allowed: receiving Intent { act=android.intent.action.USER_PRESENT flg=0x24200010 } to com.google.android.gms/.trustagent.UserPresentBroadcastReceiver
05-01 12:15:52.804  3154  3274 W BroadcastQueue: Background execution not allowed: receiving Intent { act=android.intent.action.USER_PRESENT flg=0x24200010 } to com.google.android.gms/.chimera.GmsIntentOperationService$PersistentTrustedReceiver
05-01 12:15:52.804  3154  3274 W BroadcastQueue: Background execution not allowed: receiving Intent { act=android.intent.action.USER_PRESENT flg=0x24200010 } to com.instagram.android/com.instagram.push.fbns.FbnsInitBroadcastReceiver
05-01 12:15:52.804  3154  3274 W BroadcastQueue: Background execution not allowed: receiving Intent { act=android.intent.action.USER_PRESENT flg=0x24200010 } to com.askey.taipeinavi/com.openlife.checkme.beaconservice.BeaconReceiver
05-01 12:15:52.809  3154  4466 W ActivityManager: Background start not allowed: service Intent { act=Orca.START cmp=com.facebook.katana/com.facebook.rti.push.service.FbnsService (has extras) } to com.facebook.katana/com.facebook.rti.push.service.FbnsService from pid=30114 uid=10060 pkg=com.facebook.katana
05-01 12:15:52.822  3154  3869 I PowerManagerService: Waking up from sleep (uid=10038 reason=android.policy:FINGERPRINT)...
05-01 12:15:52.831  3154  4466 I BatteryService: Battery level = 89; status = 3
05-01 12:15:52.833  3154  3392 I DisplayPowerController: Blocking screen on until initial contents have been drawn.
05-01 12:15:52.869  3154  3385 I DisplayManagerService: Display device changed state: "", ON
05-01 12:15:52.874  3154  4466 W ActivityManager: Background start not allowed: service Intent { act=Orca.PERSISTENT_KICK_SKIP_PING cmp=com.facebook.orca/com.facebook.mqttlite.MqttService (has extras) } to com.facebook.orca/com.facebook.mqttlite.MqttService from pid=30226 uid=10061 pkg=com.facebook.orca
05-01 12:15:52.939  3154  3392 I DisplayPowerController: Unblocked screen on after 106 ms
05-01 12:15:53.286  3154 14135 D BluetoothManagerService: Registered for death of com.google.android.gms
05-01 12:15:53.286  3154 14135 D BluetoothManagerService: 1 registered Ble Apps
05-01 12:15:53.287  3154 14135 D BluetoothManagerService: enable(com.google.android.gms):  mBluetooth =null mBinding = false mState = OFF
05-01 12:15:53.287  3154 14135 D BluetoothManagerService: enable returning
05-01 12:15:53.287  3154  3377 D BluetoothManagerService: MESSAGE_ENABLE(0): mBluetooth = null
05-01 12:15:53.304  3154  3377 I ActivityManager: Start proc 31858:com.android.bluetooth/1002 for service com.android.bluetooth/.btservice.AdapterService
05-01 12:15:53.386  3154  3154 D BluetoothManagerService: Bluetooth Adapter name changed to ASUS_X01BDA
05-01 12:15:53.386  3154  3154 D BluetoothManagerService: Stored Bluetooth name: ASUS_X01BDA
05-01 12:15:53.393  3154  3154 D BluetoothManagerService: BluetoothServiceConnection: com.android.bluetooth.btservice.AdapterService
05-01 12:15:53.393  3154  3377 D BluetoothManagerService: MESSAGE_BLUETOOTH_SERVICE_CONNECTED: 1
05-01 12:15:53.394  3154  3377 D BluetoothManagerService: Broadcasting onBluetoothServiceUp() to 13 receivers.
05-01 12:15:53.397  3154  3377 D BluetoothManagerService: MESSAGE_BLUETOOTH_STATE_CHANGE: OFF > BLE_TURNING_ON
05-01 12:15:53.397  3154  3377 D BluetoothManagerService: Sending BLE State Change: OFF > BLE_TURNING_ON
05-01 12:15:54.664  3154  3154 D BluetoothManagerService: Bluetooth Adapter address changed to 40:B0:76:B2:24:E9
05-01 12:15:54.664  3154  3154 D BluetoothManagerService: Stored Bluetoothaddress: 40:B0:76:B2:24:E9
05-01 12:15:54.664  3154  3154 D BluetoothManagerService: Bluetooth Adapter name changed to ASUS_X01BDA
05-01 12:15:54.665  3154  3154 D BluetoothManagerService: Stored Bluetooth name: ASUS_X01BDA
05-01 12:15:54.673  3154  3377 D BluetoothManagerService: MESSAGE_BLUETOOTH_STATE_CHANGE: BLE_TURNING_ON > BLE_ON
05-01 12:15:54.673  3154  3377 D BluetoothManagerService: Bluetooth is in LE only mode
05-01 12:15:54.673  3154  3377 D BluetoothManagerService: Binding Bluetooth GATT service
05-01 12:15:54.673  3154  3377 D BluetoothManagerService: Sending BLE State Change: BLE_TURNING_ON > BLE_ON
05-01 12:15:54.675  3154  3154 D BluetoothManagerService: BluetoothServiceConnection: com.android.bluetooth.gatt.GattService
05-01 12:15:54.676  3154  3377 D BluetoothManagerService: MESSAGE_BLUETOOTH_SERVICE_CONNECTED: 2
05-01 12:15:54.676  3154  3377 D BluetoothManagerService: BluetoothGatt Service is Up
05-01 12:15:54.987  3752  3752 V DeadZone: consuming errant click: (0.0,67.0)
05-01 12:15:55.597  3154 14135 I ActivityManager: START u0 {act=android.intent.action.MAIN cat=[android.intent.category.LAUNCHER] flg=0x10200000 cmp=com.instagram.android/.activity.MainTabActivity bnds=[518,1340][739,1595]} from uid 10026
05-01 12:15:55.611  3752  3752 V DeadZone: consuming errant click: (0.0,31.0)
05-01 12:15:55.745  3154  4466 I ActivityManager: Start proc 31905:com.instagram.android/u0a70 for activity com.instagram.android/.activity.MainTabActivity
05-01 12:15:56.353  3154  3614 D NetworkStats: Resolving plan for NetworkTemplate: matchRule=MOBILE_ALL, subscriberId=466924..., matchSubscriberIds=[466924...]
05-01 12:15:56.355  3154  3614 D NetworkStats: Found active matching subId 1
05-01 12:15:56.358  3154  3614 D NetworkStats: Resolved to plan null
05-01 12:15:56.372  2849  2963 E NetlinkEvent: NetlinkEvent::FindParam(): Parameter 'INTERFACE' not found
05-01 12:15:56.373  2849  2963 E NetlinkEvent: NetlinkEvent::FindParam(): Parameter 'STATE' not found
05-01 12:15:56.373  2849  2963 E NetlinkEvent: NetlinkEvent::FindParam(): Parameter 'TIME_NS' not found
05-01 12:15:56.373  2849  2963 E NetlinkEvent: NetlinkEvent::FindParam(): Parameter 'UID' not found
05-01 12:15:57.374  3154  4795 I ActivityManager: Start proc 32034:com.instagram.android:mqtt/u0a70 for service com.instagram.android/com.facebook.rti.push.service.FbnsService
05-01 12:15:59.010  3154  3870 I ActivityManager: Start proc 32188:android.process.media/u0a15 for content provider com.android.providers.media/.MediaProvider
05-01 12:16:00.883  3154 14135 D BluetoothManagerService: Unregistered for death of com.google.android.gms
05-01 12:16:00.883  3154 14135 D BluetoothManagerService: 0 registered Ble Apps
05-01 12:16:00.883  3154 14135 D BluetoothManagerService: Reseting the mEnable flag for clean disable
05-01 12:16:00.883  3154 14135 D BluetoothManagerService: Move to BT state OFF
05-01 12:16:00.884  3154 14135 D BluetoothManagerService: Calling sendBrEdrDownCallback callbacks
05-01 12:16:00.884  3154 14135 D BluetoothManagerService: isBleAppPresent() count: 0
05-01 12:16:00.885  3154  3377 D BluetoothManagerService: MESSAGE_BLUETOOTH_STATE_CHANGE: BLE_ON > BLE_TURNING_OFF
05-01 12:16:00.885  3154  3377 D BluetoothManagerService: Sending BLE State Change: BLE_ON > BLE_TURNING_OFF
05-01 12:16:01.262  3154  3377 D BluetoothManagerService: MESSAGE_BLUETOOTH_STATE_CHANGE: BLE_TURNING_OFF > OFF
05-01 12:16:01.262  3154  3377 D BluetoothManagerService: Bluetooth is complete send Service Down
05-01 12:16:01.262  3154  3377 D BluetoothManagerService: Broadcasting onBluetoothServiceDown() to 13 receivers.
05-01 12:16:01.262  3154  3377 D BluetoothManagerService: unbindAndFinish(): android.bluetooth.IBluetooth$Stub$Proxy@ebcf958 mBinding = false mUnbinding = false
05-01 12:16:01.267  3154  3377 D BluetoothManagerService: Sending BLE State Change: BLE_TURNING_OFF > OFF
05-01 12:16:01.317  3154  3870 I ActivityManager: Process com.android.bluetooth (pid 31858) has died: fore RCVR
05-01 12:16:03.799  3154  3870 I ActivityManager: Start proc 32243:com.instagram.android:browser/u0a70 for service com.instagram.android/com.facebook.browser.lite.BrowserLiteIntentService
05-01 12:16:30.219  3154  3614 D NetworkStats: Resolving plan for NetworkTemplate: matchRule=MOBILE_ALL, subscriberId=466924..., matchSubscriberIds=[466924...]
05-01 12:16:30.221  3154  3614 D NetworkStats: Found active matching subId 1
05-01 12:16:30.227  3154  3614 D NetworkStats: Resolved to plan null
05-01 12:16:30.780  3154 14135 W ActivityManager: Background start not allowed: service Intent { cmp=com.google.android.apps.messaging/.shared.datamodel.action.execution.ActionExecutorImpl$EmptyService (has extras) } to com.google.android.apps.messaging/.shared.datamodel.action.execution.ActionExecutorImpl$EmptyService from pid=25663 uid=10074 pkg=com.google.android.apps.messaging
05-01 12:16:30.891  3154 14135 I ActivityManager: Start proc 32316:android.process.acore/u0a5 for content provider com.android.providers.contacts/.ContactsProvider2
05-01 12:16:32.435  3154  3614 D NetworkStats: Resolving plan for NetworkTemplate: matchRule=MOBILE_ALL, subscriberId=466924..., matchSubscriberIds=[466924...]
05-01 12:16:32.436  3154  3614 D NetworkStats: Found active matching subId 1
05-01 12:16:32.439  3154  3614 D NetworkStats: Resolved to plan null
05-01 12:16:57.328  3154  3614 D NetworkStats: Resolving plan for NetworkTemplate: matchRule=MOBILE_ALL, subscriberId=466924..., matchSubscriberIds=[466924...]
05-01 12:16:57.329  3154  3614 D NetworkStats: Found active matching subId 1
05-01 12:16:57.334  3154  3614 D NetworkStats: Resolved to plan null
05-01 12:16:57.966  3154  3614 D NetworkStats: Resolving plan for NetworkTemplate: matchRule=MOBILE_ALL, subscriberId=466924..., matchSubscriberIds=[466924...]
05-01 12:16:57.968  3154  3614 D NetworkStats: Found active matching subId 1
05-01 12:16:57.972  3154  3614 D NetworkStats: Resolved to plan null
05-01 12:16:58.982 31905 31905 E SchedPolicy: set_timerslack_ns write failed: Operation not permitted
05-01 12:16:59.256  3154  3274 I ActivityManager: Killing 29076:com.google.android.gm/u0a63 (adj 904): empty #31
05-01 12:16:59.257  3154  3274 I ActivityManager: Killing 29059:com.google.process.gapps/u0a19 (adj 906): empty #32
05-01 12:16:59.481  3154 12531 D BluetoothManagerService: Registered for death of com.google.android.gms
05-01 12:16:59.481  3154 12531 D BluetoothManagerService: 1 registered Ble Apps
05-01 12:16:59.481  3154 12531 D BluetoothManagerService: enable(com.google.android.gms):  mBluetooth =null mBinding = false mState = OFF
05-01 12:16:59.481  3154 12531 D BluetoothManagerService: enable returning
05-01 12:16:59.481  3154  3377 D BluetoothManagerService: MESSAGE_ENABLE(0): mBluetooth = null
05-01 12:16:59.497  3154  3377 I ActivityManager: Start proc 32402:com.android.bluetooth/1002 for service com.android.bluetooth/.btservice.AdapterService
05-01 12:16:59.588  3154  3154 D BluetoothManagerService: Bluetooth Adapter name changed to ASUS_X01BDA
05-01 12:16:59.588  3154  3154 D BluetoothManagerService: Stored Bluetooth name: ASUS_X01BDA
05-01 12:16:59.601  3154  3154 D BluetoothManagerService: BluetoothServiceConnection: com.android.bluetooth.btservice.AdapterService
05-01 12:16:59.601  3154  3377 D BluetoothManagerService: MESSAGE_BLUETOOTH_SERVICE_CONNECTED: 1
05-01 12:16:59.602  3154  3377 D BluetoothManagerService: Broadcasting onBluetoothServiceUp() to 13 receivers.
05-01 12:16:59.611  3154  3377 D BluetoothManagerService: MESSAGE_BLUETOOTH_STATE_CHANGE: OFF > BLE_TURNING_ON
05-01 12:16:59.611  3154  3377 D BluetoothManagerService: Sending BLE State Change: OFF > BLE_TURNING_ON
05-01 12:17:00.018  3752  3752 V DeadZone: consuming errant click: (845.0,25.0)
05-01 12:17:00.801  3154  3154 D BluetoothManagerService: Bluetooth Adapter address changed to 40:B0:76:B2:24:E9
05-01 12:17:00.802  3154  3154 D BluetoothManagerService: Stored Bluetoothaddress: 40:B0:76:B2:24:E9
05-01 12:17:00.802  3154  3154 D BluetoothManagerService: Bluetooth Adapter name changed to ASUS_X01BDA
05-01 12:17:00.802  3154  3154 D BluetoothManagerService: Stored Bluetooth name: ASUS_X01BDA
05-01 12:17:00.809  3154  3377 D BluetoothManagerService: MESSAGE_BLUETOOTH_STATE_CHANGE: BLE_TURNING_ON > BLE_ON
05-01 12:17:00.809  3154  3377 D BluetoothManagerService: Bluetooth is in LE only mode
05-01 12:17:00.809  3154  3377 D BluetoothManagerService: Binding Bluetooth GATT service
05-01 12:17:00.810  3154  3377 D BluetoothManagerService: Sending BLE State Change: BLE_TURNING_ON > BLE_ON
05-01 12:17:00.812  3154  3154 D BluetoothManagerService: BluetoothServiceConnection: com.android.bluetooth.gatt.GattService
05-01 12:17:00.812  3154  3377 D BluetoothManagerService: MESSAGE_BLUETOOTH_SERVICE_CONNECTED: 2
05-01 12:17:00.812  3154  3377 D BluetoothManagerService: BluetoothGatt Service is Up
05-01 12:17:00.906  3154 12531 I ActivityManager: START u0 {flg=0x10804000 cmp=com.android.systemui/.recents.RecentsActivity} from uid 10038
05-01 12:17:01.920  3154  3195 I ActivityManager: Killing 29294:com.instagram.android:videoplayer/u0a70 (adj 900): remove task
05-01 12:17:01.920  3154  3195 I ActivityManager: Killing 32243:com.instagram.android:browser/u0a70 (adj 900): remove task
05-01 12:17:01.921  3154  3195 I ActivityManager: Killing 31905:com.instagram.android/u0a70 (adj 900): remove task
05-01 12:17:01.922  3154 14135 I ActivityManager: Killing 32034:com.instagram.android:mqtt/u0a70 (adj 500): remove task
05-01 12:17:01.923  3154  9344 I ActivityManager: START u0 {act=android.intent.action.MAIN cat=[android.intent.category.HOME] flg=0x10200000 cmp=com.android.launcher3/.NowLauncher} from uid 10038
05-01 12:17:01.962  3154  9344 W ActivityManager: Scheduling restart of crashed service com.instagram.android/com.facebook.rti.push.service.FbnsService in 1000ms
05-01 12:17:01.968  3154 12531 W ActivityManager: Scheduling restart of crashed service com.instagram.android/com.facebook.video.heroplayer.service.HeroService in 10993ms
05-01 12:17:02.024  3154  3385 W ActivityManager: setHasOverlayUi called on unknown pid: 31905
05-01 12:17:02.838  3154  4466 I PowerManagerService: Going to sleep by application request (uid 10038)...
05-01 12:17:02.843  3154  3154 V FingerprintService: startAuthentication(com.android.systemui)
05-01 12:17:02.843  3154  3154 V FingerprintService: starting client AuthenticationClient(com.android.systemui), initiatedByClient = true)
05-01 12:17:02.858  3154  3154 W FingerprintService: client com.android.systemui is authenticating...
05-01 12:17:02.976  3154  3274 I ActivityManager: Start proc 32454:com.instagram.android:mqtt/u0a70 for service com.instagram.android/com.facebook.rti.push.service.FbnsService
05-01 12:17:02.988  3154  9273 W ActivityManager: Stopping service due to app idle: u0a70 -1m5s625ms com.instagram.android/com.facebook.rti.push.service.FbnsService
05-01 12:17:03.122  3154  3392 I DisplayPowerController: Blocking screen off
05-01 12:17:03.122  3154  3392 I DisplayPowerController: Unblocked screen off after 0 ms
05-01 12:17:03.130  3154  9273 I BatteryService: Battery level = 89; status = 3
05-01 12:17:03.166  3154  3385 I DisplayManagerService: Display device changed state: "", OFF
05-01 12:17:03.305 32454 32454 I ActivityThread: handleStopService: token=android.os.BinderProxy@4acd6dc not found.
05-01 12:17:03.382  3154  4466 W ActivityManager: Service done with onDestroy, but executeNesting=2: ServiceRecord{8a59183 u0 com.instagram.android/com.facebook.rti.push.service.FbnsService}
05-01 12:17:03.386  3154  3392 I PowerManagerService: Sleeping (uid 1000)...
05-01 12:17:03.469  3752  3752 V KeyguardStatusView: refresh statusview showing:true
05-01 12:17:03.472  3752  3752 V KeyguardDisplayManager: show
05-01 12:17:08.460  3154  3195 D BluetoothManagerService: Unregistered for death of com.google.android.gms
05-01 12:17:08.460  3154  3195 D BluetoothManagerService: 0 registered Ble Apps
05-01 12:17:08.461  3154  3195 D BluetoothManagerService: Reseting the mEnable flag for clean disable
05-01 12:17:08.461  3154  3195 D BluetoothManagerService: Move to BT state OFF
05-01 12:17:08.461  3154  3195 D BluetoothManagerService: Calling sendBrEdrDownCallback callbacks
05-01 12:17:08.461  3154  3195 D BluetoothManagerService: isBleAppPresent() count: 0
05-01 12:17:08.461  3154  3377 D BluetoothManagerService: MESSAGE_BLUETOOTH_STATE_CHANGE: BLE_ON > BLE_TURNING_OFF
05-01 12:17:08.461  3154  3377 D BluetoothManagerService: Sending BLE State Change: BLE_ON > BLE_TURNING_OFF
05-01 12:17:08.843  3154  3377 D BluetoothManagerService: MESSAGE_BLUETOOTH_STATE_CHANGE: BLE_TURNING_OFF > OFF
05-01 12:17:08.843  3154  3377 D BluetoothManagerService: Bluetooth is complete send Service Down
05-01 12:17:08.843  3154  3377 D BluetoothManagerService: Broadcasting onBluetoothServiceDown() to 13 receivers.
05-01 12:17:08.844  3154  3377 D BluetoothManagerService: unbindAndFinish(): android.bluetooth.IBluetooth$Stub$Proxy@5539de8 mBinding = false mUnbinding = false
05-01 12:17:08.846  3154  3377 D BluetoothManagerService: Sending BLE State Change: BLE_TURNING_OFF > OFF
05-01 12:17:08.888  3154  3195 I ActivityManager: Process com.android.bluetooth (pid 32402) has died: fore RCVR
05-01 12:17:19.366  3154  3614 D NetworkStats: Resolving plan for NetworkTemplate: matchRule=MOBILE_ALL, subscriberId=466924..., matchSubscriberIds=[466924...]
05-01 12:17:19.367  3154  3614 D NetworkStats: Found active matching subId 1
05-01 12:17:19.370  3154  3614 D NetworkStats: Resolved to plan null
05-01 12:19:03.837  2849  2963 E NetlinkEvent: NetlinkEvent::FindParam(): Parameter 'INTERFACE' not found
05-01 12:19:03.837  2849  2963 E NetlinkEvent: NetlinkEvent::FindParam(): Parameter 'STATE' not found
05-01 12:19:03.837  2849  2963 E NetlinkEvent: NetlinkEvent::FindParam(): Parameter 'TIME_NS' not found
05-01 12:19:03.837  2849  2963 E NetlinkEvent: NetlinkEvent::FindParam(): Parameter 'UID' not found
05-01 12:19:11.766  3154  3274 I ActivityManager: Start proc 32552:jp.naver.line.android/u0a110 for broadcast jp.naver.line.android/.alarm.LineAlarmReceiver
05-01 12:19:12.128  3154 10229 W ActivityManager: Background start not allowed: service Intent { cmp=jp.naver.line.android/com.linecorp.linekeep.uploadservice.KeepNetworkService } to jp.naver.line.android/com.linecorp.linekeep.uploadservice.KeepNetworkService from pid=32552 uid=10110 pkg=jp.naver.line.android
05-01 12:19:55.135  2849  2963 E NetlinkEvent: NetlinkEvent::FindParam(): Parameter 'INTERFACE' not found
05-01 12:19:55.135  2849  2963 E NetlinkEvent: NetlinkEvent::FindParam(): Parameter 'STATE' not found
05-01 12:19:55.135  2849  2963 E NetlinkEvent: NetlinkEvent::FindParam(): Parameter 'TIME_NS' not found
05-01 12:19:55.135  2849  2963 E NetlinkEvent: NetlinkEvent::FindParam(): Parameter 'UID' not found
05-01 12:19:55.214  3154  3154 V FingerprintService: onAuthenticated(owner=com.android.systemui, id=24497547, gp=0)
05-01 12:19:55.215  3154  3154 V FingerprintService: Done with client: com.android.systemui
05-01 12:19:55.238  3752  3752 V KeyguardDisplayManager: hide
05-01 12:19:55.242  3154  3274 W BroadcastQueue: Background execution not allowed: receiving Intent { act=android.intent.action.USER_PRESENT flg=0x24200010 } to com.facebook.katana/com.facebook.rti.orca.FbnsLiteBroadcastReceiver
05-01 12:19:55.242  3154  3274 W BroadcastQueue: Background execution not allowed: receiving Intent { act=android.intent.action.USER_PRESENT flg=0x24200010 } to com.google.android.gms/.auth.setup.devicesignals.LockScreenReceiver
05-01 12:19:55.242  3154  3274 W BroadcastQueue: Background execution not allowed: receiving Intent { act=android.intent.action.USER_PRESENT flg=0x24200010 } to com.google.android.gms/.trustagent.UserPresentBroadcastReceiver
05-01 12:19:55.242  3154  3274 W BroadcastQueue: Background execution not allowed: receiving Intent { act=android.intent.action.USER_PRESENT flg=0x24200010 } to com.google.android.gms/.chimera.GmsIntentOperationService$PersistentTrustedReceiver
05-01 12:19:55.242  3154  3274 W BroadcastQueue: Background execution not allowed: receiving Intent { act=android.intent.action.USER_PRESENT flg=0x24200010 } to com.instagram.android/com.instagram.push.fbns.FbnsInitBroadcastReceiver
05-01 12:19:55.242  3154  3274 W BroadcastQueue: Background execution not allowed: receiving Intent { act=android.intent.action.USER_PRESENT flg=0x24200010 } to com.askey.taipeinavi/com.openlife.checkme.beaconservice.BeaconReceiver
05-01 12:19:55.249  3154  3870 W ActivityManager: Background start not allowed: service Intent { act=Orca.START cmp=com.facebook.katana/com.facebook.rti.push.service.FbnsService (has extras) } to com.facebook.katana/com.facebook.rti.push.service.FbnsService from pid=30114 uid=10060 pkg=com.facebook.katana
05-01 12:19:55.261  3154  3870 I PowerManagerService: Waking up from sleep (uid=10038 reason=android.policy:FINGERPRINT)...
05-01 12:19:55.277  3154  9344 I BatteryService: Battery level = 89; status = 3
05-01 12:19:55.278  3154  3392 I DisplayPowerController: Blocking screen on until initial contents have been drawn.
05-01 12:19:55.330  3154  3385 I DisplayManagerService: Display device changed state: "", ON
05-01 12:19:55.340  3154  3870 W ActivityManager: Background start not allowed: service Intent { act=Orca.PERSISTENT_KICK_SKIP_PING cmp=com.facebook.orca/com.facebook.mqttlite.MqttService (has extras) } to com.facebook.orca/com.facebook.mqttlite.MqttService from pid=30226 uid=10061 pkg=com.facebook.orca
05-01 12:19:55.400  3154  3392 I DisplayPowerController: Unblocked screen on after 123 ms
05-01 12:19:55.733  3154 12531 D BluetoothManagerService: Registered for death of com.google.android.gms
05-01 12:19:55.734  3154 12531 D BluetoothManagerService: 1 registered Ble Apps
05-01 12:19:55.734  3154 12531 D BluetoothManagerService: enable(com.google.android.gms):  mBluetooth =null mBinding = false mState = OFF
05-01 12:19:55.734  3154 12531 D BluetoothManagerService: enable returning
05-01 12:19:55.734  3154  3377 D BluetoothManagerService: MESSAGE_ENABLE(0): mBluetooth = null
05-01 12:19:55.747  3154  3377 I ActivityManager: Start proc 32698:com.android.bluetooth/1002 for service com.android.bluetooth/.btservice.AdapterService
05-01 12:19:55.839  3154  3154 D BluetoothManagerService: Bluetooth Adapter name changed to ASUS_X01BDA
05-01 12:19:55.839  3154  3154 D BluetoothManagerService: Stored Bluetooth name: ASUS_X01BDA
05-01 12:19:55.849  3154  3154 D BluetoothManagerService: BluetoothServiceConnection: com.android.bluetooth.btservice.AdapterService
05-01 12:19:55.849  3154  3377 D BluetoothManagerService: MESSAGE_BLUETOOTH_SERVICE_CONNECTED: 1
05-01 12:19:55.850  3154  3377 D BluetoothManagerService: Broadcasting onBluetoothServiceUp() to 13 receivers.
05-01 12:19:55.852  3154  3377 D BluetoothManagerService: MESSAGE_BLUETOOTH_STATE_CHANGE: OFF > BLE_TURNING_ON
05-01 12:19:55.852  3154  3377 D BluetoothManagerService: Sending BLE State Change: OFF > BLE_TURNING_ON
05-01 12:19:57.029  3154  3154 D BluetoothManagerService: Bluetooth Adapter address changed to 40:B0:76:B2:24:E9
05-01 12:19:57.029  3154  3154 D BluetoothManagerService: Stored Bluetoothaddress: 40:B0:76:B2:24:E9
05-01 12:19:57.029  3154  3154 D BluetoothManagerService: Bluetooth Adapter name changed to ASUS_X01BDA
05-01 12:19:57.029  3154  3154 D BluetoothManagerService: Stored Bluetooth name: ASUS_X01BDA
05-01 12:19:57.036  3154  3377 D BluetoothManagerService: MESSAGE_BLUETOOTH_STATE_CHANGE: BLE_TURNING_ON > BLE_ON
05-01 12:19:57.036  3154  3377 D BluetoothManagerService: Bluetooth is in LE only mode
05-01 12:19:57.036  3154  3377 D BluetoothManagerService: Binding Bluetooth GATT service
05-01 12:19:57.037  3154  3377 D BluetoothManagerService: Sending BLE State Change: BLE_TURNING_ON > BLE_ON
05-01 12:19:57.039  3154  3154 D BluetoothManagerService: BluetoothServiceConnection: com.android.bluetooth.gatt.GattService
05-01 12:19:57.039  3154  3377 D BluetoothManagerService: MESSAGE_BLUETOOTH_SERVICE_CONNECTED: 2
05-01 12:19:57.039  3154  3377 D BluetoothManagerService: BluetoothGatt Service is Up
05-01 12:20:05.728  3154 12531 I ActivityManager: START u0 {act=android.intent.action.MAIN cat=[android.intent.category.LAUNCHER] flg=0x10200000 cmp=com.google.android.deskclock/com.android.deskclock.DeskClock bnds=[341,1340][562,1595]} from uid 10026
05-01 12:20:05.772  3154 12531 I ActivityManager: Start proc 326:com.google.android.deskclock/u0a57 for activity com.google.android.deskclock/com.android.deskclock.DeskClock
05-01 12:20:05.935  3154  9273 D BluetoothManagerService: Unregistered for death of com.google.android.gms
05-01 12:20:05.935  3154  9273 D BluetoothManagerService: 0 registered Ble Apps
05-01 12:20:05.935  3154  9273 D BluetoothManagerService: Reseting the mEnable flag for clean disable
05-01 12:20:05.935  3154  9273 D BluetoothManagerService: Move to BT state OFF
05-01 12:20:05.935  3154  9273 D BluetoothManagerService: Calling sendBrEdrDownCallback callbacks
05-01 12:20:05.935  3154  9273 D BluetoothManagerService: isBleAppPresent() count: 0
05-01 12:20:05.936  3154  3377 D BluetoothManagerService: MESSAGE_BLUETOOTH_STATE_CHANGE: BLE_ON > BLE_TURNING_OFF
05-01 12:20:05.936  3154  3377 D BluetoothManagerService: Sending BLE State Change: BLE_ON > BLE_TURNING_OFF
05-01 12:20:06.235  3154  9344 W ActivityManager: No permission grants found for com.google.android.deskclock
05-01 12:20:06.301  3154  3377 D BluetoothManagerService: MESSAGE_BLUETOOTH_STATE_CHANGE: BLE_TURNING_OFF > OFF
05-01 12:20:06.301  3154  3377 D BluetoothManagerService: Bluetooth is complete send Service Down
05-01 12:20:06.301  3154  3377 D BluetoothManagerService: Broadcasting onBluetoothServiceDown() to 14 receivers.
05-01 12:20:06.302  3154  3377 D BluetoothManagerService: unbindAndFinish(): android.bluetooth.IBluetooth$Stub$Proxy@ae09e71 mBinding = false mUnbinding = false
05-01 12:20:06.304  3154  3377 D BluetoothManagerService: Sending BLE State Change: BLE_TURNING_OFF > OFF
05-01 12:20:06.343  3154  3870 I ActivityManager: Process com.android.bluetooth (pid 32698) has died: fore RCVR
05-01 12:20:10.568  2849  2963 E NetlinkEvent: NetlinkEvent::FindParam(): Parameter 'INTERFACE' not found
05-01 12:20:10.569  2849  2963 E NetlinkEvent: NetlinkEvent::FindParam(): Parameter 'STATE' not found
05-01 12:20:10.569  2849  2963 E NetlinkEvent: NetlinkEvent::FindParam(): Parameter 'TIME_NS' not found
05-01 12:20:10.569  2849  2963 E NetlinkEvent: NetlinkEvent::FindParam(): Parameter 'UID' not found
05-01 12:20:18.792  2849  2963 E NetlinkEvent: NetlinkEvent::FindParam(): Parameter 'INTERFACE' not found
05-01 12:20:18.792  2849  2963 E NetlinkEvent: NetlinkEvent::FindParam(): Parameter 'STATE' not found
05-01 12:20:18.792  2849  2963 E NetlinkEvent: NetlinkEvent::FindParam(): Parameter 'TIME_NS' not found
05-01 12:20:18.792  2849  2963 E NetlinkEvent: NetlinkEvent::FindParam(): Parameter 'UID' not found
05-01 12:20:23.873  2849  2963 E NetlinkEvent: NetlinkEvent::FindParam(): Parameter 'INTERFACE' not found
05-01 12:20:23.873  2849  2963 E NetlinkEvent: NetlinkEvent::FindParam(): Parameter 'STATE' not found
05-01 12:20:23.873  2849  2963 E NetlinkEvent: NetlinkEvent::FindParam(): Parameter 'TIME_NS' not found
05-01 12:20:23.873  2849  2963 E NetlinkEvent: NetlinkEvent::FindParam(): Parameter 'UID' not found
05-01 12:20:33.531  3154  3154 D ConditionProviders.SCP: onReceive android.app.action.NEXT_ALARM_CLOCK_CHANGED
05-01 12:20:33.531  3154  3154 D ConditionProviders.SCP: notifyCondition condition://android/schedule?days=6.7&start=23.30&end=10.0 STATE_FALSE reason=!meetsSchedule
05-01 12:20:33.532  3154  3154 D ConditionProviders.SCP: notifyCondition condition://android/schedule?days=1.2.3.4.5&start=22.0&end=7.0 STATE_FALSE reason=!meetsSchedule
05-01 12:20:33.534  3154  3154 D ConditionProviders.SCP: Scheduling evaluate for Wed May 01 22:00:00 GMT+08:00 2019 (1556719200000), in +9h39m26s469ms, now=Wed May 01 12:20:33 GMT+08:00 2019 (1556684433531)
05-01 12:20:42.392  3154  3614 D NetworkStats: Resolving plan for NetworkTemplate: matchRule=MOBILE_ALL, subscriberId=466924..., matchSubscriberIds=[466924...]
05-01 12:20:42.393  3154  3614 D NetworkStats: Found active matching subId 1
05-01 12:20:42.397  3154  3614 D NetworkStats: Resolved to plan null
05-01 12:20:42.409  2849  2963 E NetlinkEvent: NetlinkEvent::FindParam(): Parameter 'INTERFACE' not found
05-01 12:20:42.409  2849  2963 E NetlinkEvent: NetlinkEvent::FindParam(): Parameter 'STATE' not found
05-01 12:20:42.409  2849  2963 E NetlinkEvent: NetlinkEvent::FindParam(): Parameter 'TIME_NS' not found
05-01 12:20:42.409  2849  2963 E NetlinkEvent: NetlinkEvent::FindParam(): Parameter 'UID' not found
05-01 12:20:50.992  3154  3154 D ConditionProviders.SCP: onReceive android.app.action.NEXT_ALARM_CLOCK_CHANGED
05-01 12:20:50.994  3154  3154 D ConditionProviders.SCP: notifyCondition condition://android/schedule?days=6.7&start=23.30&end=10.0 STATE_FALSE reason=!meetsSchedule
05-01 12:20:50.994  3154  3154 D ConditionProviders.SCP: notifyCondition condition://android/schedule?days=1.2.3.4.5&start=22.0&end=7.0 STATE_FALSE reason=!meetsSchedule
05-01 12:20:50.995  3154  3154 D ConditionProviders.SCP: Scheduling evaluate for Wed May 01 22:00:00 GMT+08:00 2019 (1556719200000), in +9h39m9s6ms, now=Wed May 01 12:20:50 GMT+08:00 2019 (1556684450994)
05-01 12:20:54.334  3154  3154 D ConditionProviders.SCP: onReceive android.app.action.NEXT_ALARM_CLOCK_CHANGED
05-01 12:20:54.335  3154  3154 D ConditionProviders.SCP: notifyCondition condition://android/schedule?days=6.7&start=23.30&end=10.0 STATE_FALSE reason=!meetsSchedule
05-01 12:20:54.335  3154  3154 D ConditionProviders.SCP: notifyCondition condition://android/schedule?days=1.2.3.4.5&start=22.0&end=7.0 STATE_FALSE reason=!meetsSchedule
05-01 12:20:54.336  3154  3154 D ConditionProviders.SCP: Scheduling evaluate for Wed May 01 22:00:00 GMT+08:00 2019 (1556719200000), in +9h39m5s666ms, now=Wed May 01 12:20:54 GMT+08:00 2019 (1556684454334)
05-01 12:20:54.581  3154  3154 D ConditionProviders.SCP: onReceive android.app.action.NEXT_ALARM_CLOCK_CHANGED
05-01 12:20:54.582  3154  3154 D ConditionProviders.SCP: notifyCondition condition://android/schedule?days=6.7&start=23.30&end=10.0 STATE_FALSE reason=!meetsSchedule
05-01 12:20:54.583  3154  3154 D ConditionProviders.SCP: notifyCondition condition://android/schedule?days=1.2.3.4.5&start=22.0&end=7.0 STATE_FALSE reason=!meetsSchedule
05-01 12:20:54.583  3154  3154 D ConditionProviders.SCP: Scheduling evaluate for Wed May 01 22:00:00 GMT+08:00 2019 (1556719200000), in +9h39m5s418ms, now=Wed May 01 12:20:54 GMT+08:00 2019 (1556684454582)
