05-01 14:14:45.428  7235  7385 W msgr.ServiceInfoParser: X.1qh: Service com.facebook.common.dextricks.DexOptimizationJobService is missing meta key com.facebook.common.jobscheduler.compat.jobIds
05-01 14:14:45.428  7235  7385 W msgr.ServiceInfoParser: X.1qh: Service com.facebook.conditionalworker.ConditionalWorkerService is missing meta key com.facebook.common.jobscheduler.compat.jobIds
05-01 14:14:45.428  7235  7385 W msgr.ServiceInfoParser: X.1qh: Service com.facebook.delayedworker.DelayedWorkerService is missing meta key com.facebook.common.jobscheduler.compat.jobIds
05-01 14:14:45.428  7235  7385 W msgr.ServiceInfoParser: X.1qh: Service com.facebook.fbservice.service.BlueServiceJobIntentService is missing meta key com.facebook.common.jobscheduler.compat.jobIds
05-01 14:14:45.428  7235  7385 W msgr.ServiceInfoParser: X.1qh: Service com.facebook.googleplay.GooglePlayInstallRefererService is missing meta key com.facebook.common.jobscheduler.compat.jobIds
05-01 14:14:45.429  7235  7385 W msgr.ServiceInfoParser: X.1qh: Service com.facebook.messaging.prefs.notifications.NotificationPrefsSyncService is missing meta key com.facebook.common.jobscheduler.compat.jobIds
05-01 14:14:45.429  7235  7385 W msgr.ServiceInfoParser: X.1qh: Service com.facebook.messaging.sms.defaultapp.SmsHandlerService is missing meta key com.facebook.common.jobscheduler.compat.jobIds
05-01 14:14:45.429  7235  7385 W msgr.ServiceInfoParser: X.1qh: Service com.facebook.messaging.universallinks.receiver.InstallReferrerFetchJobIntentService is missing meta key com.facebook.common.jobscheduler.compat.jobIds
05-01 14:14:45.429  7235  7385 W msgr.ServiceInfoParser: X.1qh: Service com.facebook.orca.notify.MessagesNotificationService is missing meta key com.facebook.common.jobscheduler.compat.jobIds
05-01 14:14:45.429  7235  7385 W msgr.ServiceInfoParser: X.1qh: Service com.facebook.oxygen.preloads.sdk.firstparty.managedappcache.IsManagedAppCacheJobService is missing meta key com.facebook.common.jobscheduler.compat.jobIds
05-01 14:14:45.429  7235  7385 W msgr.ServiceInfoParser: X.1qh: Service com.facebook.push.registration.RegistrarHelperService is missing meta key com.facebook.common.jobscheduler.compat.jobIds
05-01 14:14:45.430  7235  7385 W msgr.ServiceInfoParser: X.1qh: Service com.facebook.push.crossapp.PackageRemovedReporterService is missing meta key com.facebook.common.jobscheduler.compat.jobIds
05-01 14:14:45.430  7235  7385 W msgr.ServiceInfoParser: X.1qh: Service com.facebook.push.fbpushdata.common.FbPushDataHandlerService is missing meta key com.facebook.common.jobscheduler.compat.jobIds
05-01 14:14:45.430  7235  7385 W msgr.ServiceInfoParser: X.1qh: Service com.facebook.push.fcm.FcmRegistrarFbJobIntentService is missing meta key com.facebook.common.jobscheduler.compat.jobIds
05-01 14:14:45.431  7235  7385 W msgr.ServiceInfoParser: X.1qh: Service com.facebook.push.mqtt.service.MqttPushHelperService is missing meta key com.facebook.common.jobscheduler.compat.jobIds
05-01 14:14:45.431  7235  7385 W msgr.ServiceInfoParser: X.1qh: Service com.facebook.push.negativefeedback.PushNegativeFeedbackFbJobIntentService is missing meta key com.facebook.common.jobscheduler.compat.jobIds
05-01 14:14:45.431  7235  7385 W msgr.ServiceInfoParser: X.1qh: Service com.facebook.reportaproblem.base.bugreport.BugReportUploadService is missing meta key com.facebook.common.jobscheduler.compat.jobIds
05-01 14:14:45.431  7235  7385 W msgr.ServiceInfoParser: X.1qh: Service com.facebook.selfupdate2.SelfUpdateLaterWaiterService is missing meta key com.facebook.common.jobscheduler.compat.jobIds
05-01 14:14:45.441  3154  3274 W BroadcastQueue: Permission Denial: broadcasting Intent { act=android.net.conn.CONNECTIVITY_CHANGE flg=0x4000010 (has extras) } from null (pid=-1, uid=-1) requires com.facebook.permission.prod.FB_APP_COMMUNICATION due to registered receiver BroadcastFilter{770fd3 u0 ReceiverList{7295c2 7235 com.facebook.orca/10061/u0 remote:e57d20d}}
05-01 14:14:45.577  7235  7468 E CompactDiskManagerImpl.cpp: Failed to remove new folder structure directories: No such file or directory
05-01 14:14:45.626  7235  7239 I zygote  : Do partial code cache collection, code=119KB, data=81KB
05-01 14:14:45.627  7235  7239 I zygote  : After code cache collection, code=119KB, data=81KB
05-01 14:14:45.628  7235  7239 I zygote  : Increasing code cache capacity to 512KB
05-01 14:14:45.710  2779  2844 I ThermalEngine: Sensor:msm_therm:29000 mC
05-01 14:14:45.777  7235  7385 W msgr.7Xm: Start regular sync initialization
05-01 14:14:45.795  7235  7385 W Profilo/configparser: Returning a default config
05-01 14:14:46.713  2779  2844 I ThermalEngine: Sensor:msm_therm:29000 mC
05-01 14:14:47.223 10779  7278 I Places  : ?: PlacesBleScanner stop()
05-01 14:14:47.225 10779 10779 D BluetoothAdapter: disableBLE(): de-registering com.google.android.gms
05-01 14:14:47.225  3154  4795 D BluetoothManagerService: Unregistered for death of com.google.android.gms
05-01 14:14:47.225  3154  4795 D BluetoothManagerService: 0 registered Ble Apps
05-01 14:14:47.225  3154  4795 D BluetoothManagerService: Reseting the mEnable flag for clean disable
05-01 14:14:47.226 10779  7278 I PlaceInferenceEngine: [anon] Changed inference mode: 0
05-01 14:14:47.226 10779  7278 I PlaceInferenceEngine: [account#-1869309031] Changed inference mode: 0
05-01 14:14:47.226  3154  4795 D BluetoothManagerService: Move to BT state OFF
05-01 14:14:47.226  3154  4795 D BluetoothManagerService: Calling sendBrEdrDownCallback callbacks
05-01 14:14:47.226  3154  4795 D BluetoothManagerService: isBleAppPresent() count: 0
05-01 14:14:47.226  3154  3377 D BluetoothManagerService: MESSAGE_BLUETOOTH_STATE_CHANGE: BLE_ON > BLE_TURNING_OFF
05-01 14:14:47.226  3154  3377 D BluetoothManagerService: Sending BLE State Change: BLE_ON > BLE_TURNING_OFF
05-01 14:14:47.229 10779 10779 I BeaconBle: Stopping scan on delegate scanner. BT state: 16
05-01 14:14:47.229 10779 10779 D BluetoothAdapter: isLeEnabled(): BLE_TURNING_OFF
05-01 14:14:47.229 10779 10779 I BeaconBle: Exception caught calling mLeScanner.stopScan() java.lang.IllegalStateException: BT Adapter is not turned ON
05-01 14:14:47.229 10779 10779 I BeaconBle: Delegate scanner is not available. stopScan ignored
05-01 14:14:47.230 10779 10779 I BeaconBle: Resetting - new scanner available: false
05-01 14:14:47.230 10779 10779 I BeaconBle: 'L' hardware scan: scan stopped, no clients
05-01 14:14:47.230 10779 10779 I BeaconBle: Places requested to stop scan
05-01 14:14:47.230 10779 10779 I BeaconBle: Scan canceled successfully.
05-01 14:14:47.249 10779 10779 I GeofencerStateMachine: removeGeofences: removeRequest=RemoveGeofencingRequest[REMOVE_BY_PENDING_INTENT pendingIntent=PendingIntent[creatorPackage=com.google.android.gms], packageName=com.google.android.gms]
05-01 14:14:47.595  3154  3377 D BluetoothManagerService: MESSAGE_BLUETOOTH_STATE_CHANGE: BLE_TURNING_OFF > OFF
05-01 14:14:47.595  3154  3377 D BluetoothManagerService: Bluetooth is complete send Service Down
05-01 14:14:47.595  3154  3377 D BluetoothManagerService: Broadcasting onBluetoothServiceDown() to 14 receivers.
05-01 14:14:47.596  4000  4190 D BluetoothAdapter: onBluetoothServiceDown: android.bluetooth.IBluetooth$Stub$Proxy@40108ac
05-01 14:14:47.596  4000  4190 D BluetoothAdapter: onBluetoothServiceDown: Sending callbacks to 0 clients
05-01 14:14:47.596  4000  4190 D BluetoothAdapter: onBluetoothServiceDown: Finished sending callbacks to registered clients
05-01 14:14:47.596 30114 32448 D BluetoothAdapter: onBluetoothServiceDown: android.bluetooth.IBluetooth$Stub$Proxy@4466a36
05-01 14:14:47.596 24666 29579 D BluetoothAdapter: onBluetoothServiceDown: android.bluetooth.IBluetooth$Stub$Proxy@f42e947
05-01 14:14:47.596 24666 29579 D BluetoothAdapter: onBluetoothServiceDown: Sending callbacks to 0 clients
05-01 14:14:47.596 24666 29579 D BluetoothAdapter: onBluetoothServiceDown: Finished sending callbacks to registered clients
05-01 14:14:47.596 10074  1318 D BluetoothAdapter: onBluetoothServiceDown: android.bluetooth.IBluetooth$Stub$Proxy@9effe1d
05-01 14:14:47.596 30114 32448 D BluetoothAdapter: onBluetoothServiceDown: Sending callbacks to 0 clients
05-01 14:14:47.596 30114 32448 D BluetoothAdapter: onBluetoothServiceDown: Finished sending callbacks to registered clients
05-01 14:14:47.596 10074  1318 D BluetoothAdapter: onBluetoothServiceDown: Sending callbacks to 1 clients
05-01 14:14:47.596  3154  3377 D BluetoothManagerService: unbindAndFinish(): android.bluetooth.IBluetooth$Stub$Proxy@2d396da mBinding = false mUnbinding = false
05-01 14:14:47.596 10074  1318 D BluetoothAdapter: onBluetoothServiceDown: Finished sending callbacks to registered clients
05-01 14:14:47.596 32552  5203 D BluetoothAdapter: onBluetoothServiceDown: android.bluetooth.IBluetooth$Stub$Proxy@1d8c3f5
05-01 14:14:47.596  4427 18369 D BluetoothAdapter: onBluetoothServiceDown: android.bluetooth.IBluetooth$Stub$Proxy@ad4ccfe
05-01 14:14:47.596 28831 28859 D BluetoothAdapter: onBluetoothServiceDown: android.bluetooth.IBluetooth$Stub$Proxy@106a120
05-01 14:14:47.596 32552  5203 D BluetoothAdapter: onBluetoothServiceDown: Sending callbacks to 0 clients
05-01 14:14:47.596 32552  5203 D BluetoothAdapter: onBluetoothServiceDown: Finished sending callbacks to registered clients
05-01 14:14:47.596 28831 28859 D BluetoothAdapter: onBluetoothServiceDown: Sending callbacks to 0 clients
05-01 14:14:47.596 28831 28859 D BluetoothAdapter: onBluetoothServiceDown: Finished sending callbacks to registered clients
05-01 14:14:47.596  4427 18369 D BluetoothAdapter: onBluetoothServiceDown: Sending callbacks to 0 clients
05-01 14:14:47.596  4446  4467 D BluetoothAdapter: onBluetoothServiceDown: android.bluetooth.IBluetooth$Stub$Proxy@81985c1
05-01 14:14:47.596  4427 18369 D BluetoothAdapter: onBluetoothServiceDown: Finished sending callbacks to registered clients
05-01 14:14:47.596 20895 21075 D BluetoothAdapter: onBluetoothServiceDown: android.bluetooth.IBluetooth$Stub$Proxy@fd48d56
05-01 14:14:47.596  7307  7339 I chatty  : uid=1002(bluetooth) expire 3 lines
05-01 14:14:47.596 20895 21075 D BluetoothAdapter: onBluetoothServiceDown: Sending callbacks to 0 clients
05-01 14:14:47.596 20895 21075 D BluetoothAdapter: onBluetoothServiceDown: Finished sending callbacks to registered clients
05-01 14:14:47.596 20647 21623 D BluetoothAdapter: onBluetoothServiceDown: android.bluetooth.IBluetooth$Stub$Proxy@e5c0c38
05-01 14:14:47.596 20647 21623 D BluetoothAdapter: onBluetoothServiceDown: Sending callbacks to 0 clients
05-01 14:14:47.596 20647 21623 D BluetoothAdapter: onBluetoothServiceDown: Finished sending callbacks to registered clients
05-01 14:14:47.596 10779 13027 D BluetoothAdapter: onBluetoothServiceDown: android.bluetooth.IBluetooth$Stub$Proxy@fe13cf4
05-01 14:14:47.596 10779 13027 D BluetoothAdapter: onBluetoothServiceDown: Sending callbacks to 1 clients
05-01 14:14:47.596  4446  4467 D BluetoothAdapter: onBluetoothServiceDown: Sending callbacks to 0 clients
05-01 14:14:47.596 10779 13027 D BluetoothAdapter: onBluetoothServiceDown: Finished sending callbacks to registered clients
05-01 14:14:47.596  4446  4467 D BluetoothAdapter: onBluetoothServiceDown: Finished sending callbacks to registered clients
05-01 14:14:47.599  3154  3377 D BluetoothManagerService: Sending BLE State Change: BLE_TURNING_OFF > OFF
05-01 14:14:47.637  3154  4510 I ActivityManager: Process com.android.bluetooth (pid 7307) has died: fore RCVR
05-01 14:14:47.638  3154  3278 I chatty  : uid=1000(system) ActivityManager expire 14 lines
05-01 14:14:47.715  2779  2844 I ThermalEngine: Sensor:msm_therm:29000 mC
05-01 14:14:48.065 32552 32552 W RecyclerView: RecyclerView does not support scrolling to an absolute position. Use scrollToPosition instead
05-01 14:14:48.065 32552 32552 W RecyclerView: RecyclerView does not support scrolling to an absolute position. Use scrollToPosition instead
05-01 14:14:48.142  2987  3028 E libnav  : CablComputeBacklightLevel(): UpdateType = DifferentSceneUpdate
05-01 14:14:48.192 32552 32650 E System  : Ignoring attempt to set property "java.net.preferIPv6Addresses" to value "false".
05-01 14:14:48.716  2779  2844 I ThermalEngine: Sensor:msm_therm:29000 mC
05-01 14:14:49.677 32552 32552 W View    : requestLayout() improperly called by android.widget.RelativeLayout{fde0901 V.E...... ......ID -430,-376--12,-12 #7f0a19f7 app:id/sticker_preview_frame} during layout: running second layout pass
05-01 14:14:49.717  2779  2844 I ThermalEngine: Sensor:msm_therm:29000 mC
05-01 14:14:49.909 10074  5794 I EventLogSendingHelper: Sending log events.
05-01 14:14:49.915 10074 10194 I WorkerManager: dispose()
05-01 14:14:49.915 10074 10194 W ThreadPoolDumper: Queue length for executor EventBus is now 11. Perhaps some tasks are too long, or the pool is too small.
05-01 14:14:50.719  2779  2844 I ThermalEngine: Sensor:msm_therm:29000 mC
05-01 14:14:50.800  9916  9916 I Conv2QueryExtension: com.google.android.apps.inputmethod.libs.search.sense.ConversationToQueryExtension: Current locale: zh_TW, config allows these locales: de,en,es,fr,it,ms,pt,ta
05-01 14:14:50.801  9916  9916 W Conv2QueryExtension: com.google.android.apps.inputmethod.libs.search.sense.ConversationToQueryExtension: Conv2Query not enabled due to current locale [zh_TW] not in whitelist [de,en,es,fr,it,ms,pt,ta].
05-01 14:14:50.801  9916  9916 I Conv2QueryExtension: com.google.android.apps.inputmethod.libs.search.sense.ConversationToQueryExtension: onActivate() : Disabled by unsupported locale
05-01 14:14:51.076  2987  3028 E libnav  : CablComputeBacklightLevel(): UpdateType = DifferentSceneUpdate
05-01 14:14:51.724  2779  2844 I ThermalEngine: Sensor:msm_therm:29000 mC
05-01 14:14:52.069  3752  3904 I chatty  : uid=10038(com.android.systemui) SysUiBg expire 30 lines
05-01 14:14:52.074  3752  3752 I chatty  : uid=10038(com.android.systemui) expire 24 lines
05-01 14:14:52.237 10779 10779 I BeaconBle: 'L' hardware scan: scan stopped, no clients
05-01 14:14:52.727  2779  2844 I ThermalEngine: Sensor:msm_therm:29000 mC
05-01 14:14:53.111 32552 32552 I System.out: 1843200
05-01 14:14:53.122 32552 32552 I System.out: Processor	: AArch64 Processor rev 2 (aarch64)
05-01 14:14:53.122 32552 32552 I System.out: processor	: 0
05-01 14:14:53.122 32552 32552 I System.out: model name	: ARMv8 Processor rev 4 (v8l)
05-01 14:14:53.122 32552 32552 I System.out: BogoMIPS	: 38.40
05-01 14:14:53.122 32552 32552 I System.out: Features	: half thumb fastmult vfp edsp neon vfpv3 tls vfpv4 idiva idivt lpae evtstrm aes pmull sha1 sha2 crc32
05-01 14:14:53.122 32552 32552 I System.out: CPU implementer	: 0x51
05-01 14:14:53.122 32552 32552 I System.out: CPU architecture: 8
05-01 14:14:53.122 32552 32552 I System.out: CPU variant	: 0xa
05-01 14:14:53.122 32552 32552 I System.out: CPU part	: 0x801
05-01 14:14:53.122 32552 32552 I System.out: CPU revision	: 4
05-01 14:14:53.122 32552 32552 I System.out: 
05-01 14:14:53.122 32552 32552 I System.out: processor	: 1
05-01 14:14:53.122 32552 32552 I System.out: model name	: ARMv8 Processor rev 4 (v8l)
05-01 14:14:53.122 32552 32552 I System.out: BogoMIPS	: 38.40
05-01 14:14:53.122 32552 32552 I System.out: Features	: half thumb fastmult vfp edsp neon vfpv3 tls vfpv4 idiva idivt lpae evtstrm aes pmull sha1 sha2 crc32
05-01 14:14:53.122 32552 32552 I System.out: CPU implementer	: 0x51
05-01 14:14:53.122 32552 32552 I System.out: CPU architecture: 8
05-01 14:14:53.122 32552 32552 I System.out: CPU variant	: 0xa
05-01 14:14:53.122 32552 32552 I System.out: CPU part	: 0x801
05-01 14:14:53.122 32552 32552 I System.out: CPU revision	: 4
05-01 14:14:53.122 32552 32552 I System.out: 
05-01 14:14:53.122 32552 32552 I System.out: processor	: 2
05-01 14:14:53.122 32552 32552 I System.out: model name	: ARMv8 Processor rev 4 (v8l)
05-01 14:14:53.122 32552 32552 I System.out: BogoMIPS	: 38.40
05-01 14:14:53.122 32552 32552 I System.out: Features	: half thumb fastmult vfp edsp neon vfpv3 tls vfpv4 idiva idivt lpae evtstrm aes pmull sha1 sha2 crc32
05-01 14:14:53.122 32552 32552 I System.out: CPU implementer	: 0x51
05-01 14:14:53.122 32552 32552 I System.out: CPU architecture: 8
05-01 14:14:53.122 32552 32552 I System.out: CPU variant	: 0xa
05-01 14:14:53.122 32552 32552 I System.out: CPU part	: 0x801
05-01 14:14:53.122 32552 32552 I System.out: CPU revision	: 4
05-01 14:14:53.122 32552 32552 I System.out: 
05-01 14:14:53.122 32552 32552 I System.out: processor	: 3
05-01 14:14:53.122 32552 32552 I System.out: model name	: ARMv8 Processor rev 4 (v8l)
05-01 14:14:53.122 32552 32552 I System.out: BogoMIPS	: 38.40
05-01 14:14:53.122 32552 32552 I System.out: Features	: half thumb fastmult vfp edsp neon vfpv3 tls vfpv4 idiva
05-01 14:14:53.122 32552 32552 I System.out:  idivt lpae evtstrm aes pmull sha1 sha2 crc32
05-01 14:14:53.122 32552 32552 I System.out: CPU implementer	: 0x51
05-01 14:14:53.122 32552 32552 I System.out: CPU architecture: 8
05-01 14:14:53.122 32552 32552 I System.out: CPU variant	: 0xa
05-01 14:14:53.122 32552 32552 I System.out: CPU part	: 0x801
05-01 14:14:53.122 32552 32552 I System.out: CPU revision	: 4
05-01 14:14:53.122 32552 32552 I System.out: 
05-01 14:14:53.122 32552 32552 I System.out: processor	: 4
05-01 14:14:53.122 32552 32552 I System.out: model name	: ARMv8 Processor rev 2 (v8l)
05-01 14:14:53.122 32552 32552 I System.out: BogoMIPS	: 38.40
05-01 14:14:53.122 32552 32552 I System.out: Features	: half thumb fastmult vfp edsp neon vfpv3 tls vfpv4 idiva idivt lpae evtstrm aes pmull sha1 sha2 crc32
05-01 14:14:53.122 32552 32552 I System.out: CPU implementer	: 0x51
05-01 14:14:53.122 32552 32552 I System.out: CPU architecture: 8
05-01 14:14:53.122 32552 32552 I System.out: CPU variant	: 0xa
05-01 14:14:53.122 32552 32552 I System.out: CPU part	: 0x800
05-01 14:14:53.122 32552 32552 I System.out: CPU revision	: 2
05-01 14:14:53.122 32552 32552 I System.out: 
05-01 14:14:53.122 32552 32552 I System.out: processor	: 5
05-01 14:14:53.122 32552 32552 I System.out: model name	: ARMv8 Processor rev 2 (v8l)
05-01 14:14:53.122 32552 32552 I System.out: BogoMIPS	: 38.40
05-01 14:14:53.122 32552 32552 I System.out: Features	: half thumb fastmult vfp edsp neon vfpv3 tls vfpv4 idiva idivt lpae evtstrm aes pmull sha1 sha2 crc32
05-01 14:14:53.122 32552 32552 I System.out: CPU implementer	: 0x51
05-01 14:14:53.122 32552 32552 I System.out: CPU architecture: 8
05-01 14:14:53.122 32552 32552 I System.out: CPU variant	: 0xa
05-01 14:14:53.122 32552 32552 I System.out: CPU part	: 0x800
05-01 14:14:53.122 32552 32552 I System.out: CPU revision	: 2
05-01 14:14:53.122 32552 32552 I System.out: 
05-01 14:14:53.122 32552 32552 I System.out: processor	: 6
05-01 14:14:53.122 32552 32552 I System.out: model name	: ARMv8 Processor rev 2 (v8l)
05-01 14:14:53.122 32552 32552 I System.out: BogoMIPS	: 38.40
05-01 14:14:53.122 32552 32552 I System.out: Features	: half thumb fastmult vfp edsp neon vfpv3 tls vfpv4 idiva idivt lpae evtstrm aes pmull sha1 sha2 crc32
05-01 14:14:53.123 32552 32552 I System.out: CPU implementer	: 0x51
05-01 14:14:53.123 32552 32552 I System.out: CPU architecture: 8
05-01 14:14:53.123 32552 32552 I System.out: CPU variant	: 0xa
05-01 14:14:53.123 32552 32552 I System.out: CPU part	: 0x800
05-01 14:14:53.123 32552 32552 I System.out: CPU revision	: 2
05-01 14:14:53.123 32552 32552 I System.out: 
05-01 14:14:53.123 32552 32552 I System.out: processor	: 7
05-01 14:14:53.123 32552 32552 I System.out: model name	: ARMv8 Processor
05-01 14:14:53.123 32552 32552 I System.out:  rev 2 (v8l)
05-01 14:14:53.123 32552 32552 I System.out: BogoMIPS	: 38.40
05-01 14:14:53.123 32552 32552 I System.out: Features	: half thumb fastmult vfp edsp neon vfpv3 tls vfpv4 idiva idivt lpae evtstrm aes pmull sha1 sha2 crc32
05-01 14:14:53.123 32552 32552 I System.out: CPU implementer	: 0x51
05-01 14:14:53.123 32552 32552 I System.out: CPU architecture: 8
05-01 14:14:53.123 32552 32552 I System.out: CPU variant	: 0xa
05-01 14:14:53.123 32552 32552 I System.out: CPU part	: 0x800
05-01 14:14:53.123 32552 32552 I System.out: CPU revision	: 2
05-01 14:14:53.123 32552 32552 I System.out: 
05-01 14:14:53.123 32552 32552 I System.out: Hardware	: Qualcomm Technologies, Inc SDM660
05-01 14:14:53.203  9916  9916 I Conv2QueryExtension: com.google.android.apps.inputmethod.libs.search.sense.ConversationToQueryExtension: Current locale: zh_TW, config allows these locales: de,en,es,fr,it,ms,pt,ta
05-01 14:14:53.203  9916  9916 W Conv2QueryExtension: com.google.android.apps.inputmethod.libs.search.sense.ConversationToQueryExtension: Conv2Query not enabled due to current locale [zh_TW] not in whitelist [de,en,es,fr,it,ms,pt,ta].
05-01 14:14:53.204  9916  9916 I Conv2QueryExtension: com.google.android.apps.inputmethod.libs.search.sense.ConversationToQueryExtension: onActivate() : Disabled by unsupported locale
05-01 14:14:53.237 32552 32552 E ConstraintLayout: layout_constraintWidth_default="wrap" is deprecated.
05-01 14:14:53.237 32552 32552 E ConstraintLayout: Use layout_width="WRAP_CONTENT" and layout_constrainedWidth="true" instead.
05-01 14:14:53.729  2779  2844 I ThermalEngine: Sensor:msm_therm:29000 mC
05-01 14:14:54.730  2779  2844 I ThermalEngine: Sensor:msm_therm:29000 mC
05-01 14:14:54.938  3154  3582 I chatty  : uid=1000(system) AlarmManager expire 3 lines
05-01 14:14:54.952 28831  7583 I Authzen : [DeviceStateSyncManager] The server is in sync with current state. Nothing to do
05-01 14:14:55.449  3154  3290 I chatty  : uid=1000(system) batterystats-wo expire 15 lines
05-01 14:14:55.731  2779  2844 I ThermalEngine: Sensor:msm_therm:29000 mC
05-01 14:14:56.733  2779  2844 I ThermalEngine: Sensor:msm_therm:29000 mC
05-01 14:14:56.801  9916  9916 I Conv2QueryExtension: com.google.android.apps.inputmethod.libs.search.sense.ConversationToQueryExtension: Current locale: zh_TW, config allows these locales: de,en,es,fr,it,ms,pt,ta
05-01 14:14:56.801  9916  9916 W Conv2QueryExtension: com.google.android.apps.inputmethod.libs.search.sense.ConversationToQueryExtension: Conv2Query not enabled due to current locale [zh_TW] not in whitelist [de,en,es,fr,it,ms,pt,ta].
05-01 14:14:56.802  9916  9916 I Conv2QueryExtension: com.google.android.apps.inputmethod.libs.search.sense.ConversationToQueryExtension: onActivate() : Disabled by unsupported locale
05-01 14:14:56.840 32552 32552 E ConstraintLayout: layout_constraintWidth_default="wrap" is deprecated.
05-01 14:14:56.840 32552 32552 E ConstraintLayout: Use layout_width="WRAP_CONTENT" and layout_constrainedWidth="true" instead.
05-01 14:14:57.734  2779  2844 I ThermalEngine: Sensor:msm_therm:29000 mC
05-01 14:14:58.117  9916  9916 I AbstractSearchExtension: ess: onActivate(): params.size() = 0
05-01 14:14:58.118  9916  9916 I AbstractOpenableExt: dyy: onActivate() : Locale = zh_TW
05-01 14:14:58.119  9916  9916 I AbstractOpenableExt: dyy: Activating extension.
05-01 14:14:58.120  9916  9916 I AbstractSearchExtension: ess: openExtensionViewInternal(): params.size() = 0
05-01 14:14:58.273  9916  9916 I NativeCardExtension: com.google.android.apps.inputmethod.libs.search.nativecard.NativeCardBaseExtension: Security provider installed successfully.
05-01 14:14:58.712  2987  3028 E libnav  : CablComputeBacklightLevel(): UpdateType = DifferentSceneUpdate
05-01 14:14:58.735  2779  2844 I ThermalEngine: Sensor:msm_therm:29000 mC
05-01 14:14:58.858  9916  9916 I PhenotypeExpConfig: com.google.android.apps.inputmethod.libs.experiments.PhenotypeExperimentConfiguration: refreshConfiguration() : Force = false : UpdateAvailable = false : Age = 202 minutes : MaxAge = 720 minutes
05-01 14:14:59.228  2987  3028 E libnav  : CablComputeBacklightLevel(): UpdateType = DifferentSceneUpdate
05-01 14:14:59.741  2779  2844 I ThermalEngine: Sensor:msm_therm:29000 mC
05-01 14:15:00.743  2779  2844 I ThermalEngine: Sensor:msm_therm:29000 mC
05-01 14:15:00.996  2987  3028 E libnav  : CablComputeBacklightLevel(): UpdateType = DifferentSceneUpdate
05-01 14:15:01.745  2779  2844 I ThermalEngine: Sensor:msm_therm:29000 mC
05-01 14:15:02.563  2987  3028 E libnav  : CablComputeBacklightLevel(): UpdateType = DifferentSceneUpdate
05-01 14:15:02.748  2779  2844 I ThermalEngine: Sensor:msm_therm:29000 mC
05-01 14:15:03.105  3752  3904 I chatty  : uid=10038(com.android.systemui) SysUiBg expire 27 lines
05-01 14:15:03.118  3752  3752 I chatty  : uid=10038(com.android.systemui) expire 10 lines
05-01 14:15:03.680  2987  3028 E libnav  : CablComputeBacklightLevel(): UpdateType = DifferentSceneUpdate
05-01 14:15:03.752  2779  2844 I ThermalEngine: Sensor:msm_therm:29000 mC
05-01 14:15:04.754  2779  2844 I ThermalEngine: Sensor:msm_therm:29000 mC
05-01 14:15:05.362  9916  9916 I Conv2QueryExtension: com.google.android.apps.inputmethod.libs.search.sense.ConversationToQueryExtension: Current locale: zh_TW, config allows these locales: de,en,es,fr,it,ms,pt,ta
05-01 14:15:05.363  9916  9916 W Conv2QueryExtension: com.google.android.apps.inputmethod.libs.search.sense.ConversationToQueryExtension: Conv2Query not enabled due to current locale [zh_TW] not in whitelist [de,en,es,fr,it,ms,pt,ta].
05-01 14:15:05.363  9916  9916 I Conv2QueryExtension: com.google.android.apps.inputmethod.libs.search.sense.ConversationToQueryExtension: onActivate() : Disabled by unsupported locale
05-01 14:15:05.447  2987  3028 E libnav  : CablComputeBacklightLevel(): UpdateType = DifferentSceneUpdate
05-01 14:15:05.648  2987  3028 E libnav  : CablComputeBacklightLevel(): UpdateType = DifferentSceneUpdate
05-01 14:15:05.756  2779  2844 I ThermalEngine: Sensor:msm_therm:29000 mC
05-01 14:15:06.760  2779  2844 I ThermalEngine: Sensor:msm_therm:29000 mC
05-01 14:15:06.992  9916  9916 I AbstractSearchExtension: ess: onActivate(): params.size() = 0
05-01 14:15:06.993  9916  9916 I AbstractOpenableExt: dyy: onActivate() : Locale = zh_TW
05-01 14:15:06.993  9916  9916 I AbstractOpenableExt: dyy: Activating extension.
05-01 14:15:06.993  9916  9916 I AbstractSearchExtension: ess: openExtensionViewInternal(): params.size() = 0
05-01 14:15:07.024  9916 13819 W OpenGLRenderer: Incorrectly called buildLayer on View: SearchCandidateListHolderView, destroying layer...
05-01 14:15:07.058  9916  9956 W zygote64: Checksum mismatch for dex LatinImeGoogle.apk!classes2.dex
05-01 14:15:07.058  9916  9956 W zygote64: Checksum mismatch for dex LatinImeGoogle.apk
05-01 14:15:07.482  2987  3028 E libnav  : CablComputeBacklightLevel(): UpdateType = DifferentSceneUpdate
05-01 14:15:07.764  2779  2844 I ThermalEngine: Sensor:msm_therm:29000 mC
05-01 14:15:08.766  2779  2844 I ThermalEngine: Sensor:msm_therm:29000 mC
05-01 14:15:09.760  9916  9916 I zygote64: Deoptimizing void iov.a(ipb, int, int, int, boolean, int) due to JIT inline cache
05-01 14:15:09.767  2779  2844 I ThermalEngine: Sensor:msm_therm:29000 mC
05-01 14:15:09.778  9916  9916 I zygote64: Deoptimizing boolean csl.i(android.content.Context) due to JIT inline cache
05-01 14:15:10.163  9916  7594 I HttpClientWrapper: fid: Request execution succeeded with code 200
05-01 14:15:10.770  2779  2844 I ThermalEngine: Sensor:msm_therm:29000 mC
05-01 14:15:11.696  9916  7601 I HttpClientWrapper: fid: Request execution succeeded with code 200
05-01 14:15:11.771  2779  2844 I ThermalEngine: Sensor:msm_therm:29000 mC
05-01 14:15:12.415  9916  7602 I HttpClientWrapper: fid: Request execution succeeded with code 200
05-01 14:15:12.773  2779  2844 I ThermalEngine: Sensor:msm_therm:29000 mC
05-01 14:15:13.774  2779  2844 I ThermalEngine: Sensor:msm_therm:29000 mC
05-01 14:15:13.966  3154  3976 I chatty  : uid=1000(system) Binder:3154_7 expire 10 lines
05-01 14:15:14.135  3752  3904 I chatty  : uid=10038(com.android.systemui) SysUiBg expire 28 lines
05-01 14:15:14.453  9916  9916 I zygote64: Deoptimizing cvz ctw.b(das) due to JIT inline cache
05-01 14:15:14.453  9916  9916 I zygote64: Deoptimizing void cwt.a(das, cww) due to JIT inline cache
05-01 14:15:14.483  9916  9916 I zygote64: Deoptimizing void com.google.android.apps.inputmethod.libs.framework.keyboard.SoftKeyView.<init>(android.content.Context, android.util.AttributeSet, int) due to JIT inline cache
05-01 14:15:14.483  9916  9916 I CardViewerHdrQueryView: com.google.android.apps.inputmethod.libs.search.widget.CardViewerHeaderQueryView: Query Layout ID = 2131035013
05-01 14:15:14.484  9916  9916 I zygote64: Deoptimizing void com.google.android.apps.inputmethod.libs.framework.keyboard.SoftKeyView.onFinishInflate() due to JIT inline cache
05-01 14:15:14.484  9916  9916 I zygote64: Deoptimizing void com.google.android.apps.inputmethod.libs.framework.keyboard.SoftKeyboardView.onFinishInflate() due to JIT inline cache
05-01 14:15:14.484  9916  9916 I zygote64: Deoptimizing void com.google.android.apps.inputmethod.libs.framework.keyboard.SoftKeyView.a(due) due to JIT inline cache
05-01 14:15:14.502  9916  9916 I zygote64: Deoptimizing android.view.View dry.a(android.view.ViewGroup) due to JIT inline cache
05-01 14:15:14.504  9916  9916 I zygote64: Deoptimizing void com.google.android.apps.inputmethod.libs.framework.keyboard.SoftKeyView.d() due to JIT inline cache
05-01 14:15:14.504  9916  9916 I zygote64: Deoptimizing boolean com.google.android.apps.inputmethod.libs.framework.keyboard.SoftKeyView.a(dji) due to JIT inline cache
05-01 14:15:14.506  9916  9916 I zygote64: Deoptimizing void com.google.android.apps.inputmethod.libs.framework.keyboard.SoftKeyView.b(boolean) due to JIT inline cache
05-01 14:15:14.509  9916  9916 I PillRateLimit: esn: initializeCounters(): saving current preferencesVersion: 1, lastPreferencesVersion: 1
05-01 14:15:14.509  9916  9916 I PillRateLimit: esn: initializeCounters(): restored saved counter: prefKeyForCandidateType: pref_key_dynamic_rate_limit_impressions_MAKE_A_GIF, type: MAKE_A_GIF, savedImpressions: 0
05-01 14:15:14.510  9916  9916 I PillRateLimit: esn: initializeCounters(): restored saved counter: prefKeyForCandidateType: pref_key_dynamic_rate_limit_impressions_GIF_SEARCHABLE_TEXT, type: GIF_SEARCHABLE_TEXT, savedImpressions: 0
05-01 14:15:14.510  9916  9916 I PillRateLimit: esn: initializeCounters(): restored saved counter: prefKeyForCandidateType: pref_key_dynamic_rate_limit_impressions_SEARCHABLE_TEXT, type: SEARCHABLE_TEXT, savedImpressions: 0
05-01 14:15:14.510  9916  9916 I PillRateLimit: esn: initializeCounters(): restored saved counter: prefKeyForCandidateType: pref_key_dynamic_rate_limit_impressions_EXPRESSION_SEARCHABLE_TEXT, type: EXPRESSION_SEARCHABLE_TEXT, savedImpressions: 0
05-01 14:15:14.511  9916  9916 I PillRateLimit: esn: initializeCounters(): restored typeToImpressionsWithoutClick: {SEARCHABLE_TEXT=0, GIF_SEARCHABLE_TEXT=0, EXPRESSION_SEARCHABLE_TEXT=0, MAKE_A_GIF=0}
05-01 14:15:14.515  9916  9916 I zygote64: Deoptimizing int dsa.a(android.content.Context, diz[], int, boolean, boolean) due to JIT inline cache
05-01 14:15:14.517  9916  9916 I zygote64: Deoptimizing int dbc.b(android.content.Context) due to JIT inline cache
05-01 14:15:14.736  9916  7605 I zygote64: Deoptimizing void ovt.a(int, java.lang.Object, oxv) due to JIT same target
05-01 14:15:14.736  9916  7605 I zygote64: Deoptimizing void oxv.a(int, boolean) due to JIT inline cache
05-01 14:15:14.750  2987  3028 E libnav  : CablComputeBacklightLevel(): UpdateType = DifferentSceneUpdate
05-01 14:15:14.776  2779  2844 I ThermalEngine: Sensor:msm_therm:29000 mC
05-01 14:15:15.568  3154 14385 D ConnectivityService: Returning UNBLOCKED NetworkInfo to uid=10072
05-01 14:15:15.618  9916  7613 I zygote64: Deoptimizing lbj lbj.a(java.util.Map) due to JIT inline cache
05-01 14:15:15.777  2779  2844 I ThermalEngine: Sensor:msm_therm:29000 mC
05-01 14:15:15.784  9916  7614 I HttpClientWrapper: fid: Request execution succeeded with code 200
05-01 14:15:15.833  2987  3028 E libnav  : CablComputeBacklightLevel(): UpdateType = DifferentSceneUpdate
05-01 14:15:16.130  9916  7613 I HttpClientWrapper: fid: Request execution succeeded with code 200
05-01 14:15:16.779  2779  2844 I ThermalEngine: Sensor:msm_therm:29000 mC
05-01 14:15:17.163  3752  3752 I chatty  : uid=10038(com.android.systemui) expire 60 lines
05-01 14:15:17.783  2779  2844 I ThermalEngine: Sensor:msm_therm:29000 mC
05-01 14:15:17.905  9916  9916 I AbstractSearchExtension: ess: openExtensionViewInternal(): params.size() = 3
05-01 14:15:17.911  9916  9916 I zygote64: Deoptimizing void com.google.android.apps.inputmethod.libs.framework.core.KeyboardViewHolder.a(android.view.View, java.lang.String, int) due to JIT inline cache
05-01 14:15:18.385  2987  3028 E libnav  : CablComputeBacklightLevel(): UpdateType = DifferentSceneUpdate
05-01 14:15:18.786  2779  2844 I ThermalEngine: Sensor:msm_therm:29000 mC
05-01 14:15:19.789  2779  2844 I ThermalEngine: Sensor:msm_therm:29000 mC
05-01 14:15:20.781  9916  9916 I PhenotypeExpConfig: com.google.android.apps.inputmethod.libs.experiments.PhenotypeExperimentConfiguration: refreshConfiguration() : Force = false : UpdateAvailable = false : Age = 203 minutes : MaxAge = 720 minutes
05-01 14:15:20.790  2779  2844 I ThermalEngine: Sensor:msm_therm:29000 mC
05-01 14:15:20.806  9916  9916 I zygote64: Deoptimizing void czb.a(ipz) due to JIT inline cache
05-01 14:15:21.137  2987  3028 E libnav  : CablComputeBacklightLevel(): UpdateType = DifferentSceneUpdate
05-01 14:15:21.792  2779  2844 I ThermalEngine: Sensor:msm_therm:29000 mC
05-01 14:15:22.581 32552 32552 E ConstraintLayout: layout_constraintWidth_default="wrap" is deprecated.
05-01 14:15:22.581 32552 32552 E ConstraintLayout: Use layout_width="WRAP_CONTENT" and layout_constrainedWidth="true" instead.
05-01 14:15:22.794  2779  2844 I ThermalEngine: Sensor:msm_therm:29000 mC
05-01 14:15:23.795  2779  2844 I ThermalEngine: Sensor:msm_therm:29000 mC
05-01 14:15:24.796  2779  2844 I ThermalEngine: Sensor:msm_therm:30000 mC
05-01 14:15:25.251  7235  7271 W CrashLoopRemedyLog: unable to delete remedy log, instaCrash: true
05-01 14:15:25.799  2779  2844 I ThermalEngine: Sensor:msm_therm:30000 mC
05-01 14:15:26.476  4134  4156 I QcrilOemhookMsgTunnel: [0]processOemHookIndication length=21
05-01 14:15:26.476  4134  4134 D QcrilMsgTunnelIfaceManager: handleMessage what = 0
05-01 14:15:26.480  3752  3904 I chatty  : uid=10038(com.android.systemui) SysUiBg expire 64 lines
05-01 14:15:26.520  3154  3614 D NetworkStats: Resolving plan for NetworkTemplate: matchRule=MOBILE_ALL, subscriberId=466924..., matchSubscriberIds=[466924...]
05-01 14:15:26.521  3154  3274 I chatty  : uid=1000(system) ActivityManager expire 21 lines
05-01 14:15:26.521  4000  4000 D ServiceStateProvider: subId=1
05-01 14:15:26.523 20860 20860 D CellBroadcastReceiver: onReceive Intent { act=android.intent.action.SERVICE_STATE flg=0x1000010 cmp=com.android.cellbroadcastreceiver/.CellBroadcastReceiver (has extras) }
05-01 14:15:26.523  3154  3614 D NetworkStats: Found active matching subId 1
05-01 14:15:26.525 20225 20225 I CarrierServices: [2] ServiceStateReceiver.onReceive: Received SERVICE_STATE intent.
05-01 14:15:26.527  3975  4109 I QCNEJ/CndHalConnector: -> SND notifyWwanSubtypeChanged(13)
05-01 14:15:26.529  3975  4109 I QCNEJ/CndHalConnector: -> SND notifyMobileDataEnabledChanged(true)
05-01 14:15:26.533  3154  3614 D NetworkStats: Resolved to plan null
05-01 14:15:26.534  3975  3975 W DPMJ    : |SERVICE| DPM received ACTION_ANY_DATA_CONNECTION_STATE_CHANGEDdefault
05-01 14:15:26.534  3975  3975 W DPMJ    : |SERVICE| If apn type is default ->default
05-01 14:15:26.537  4000  4000 D TelephonyProvider: subIdString = 1 subId = 1
05-01 14:15:26.538  3975  4109 I QCNEJ/CndHalConnector: -> SND notifyRatConnectionStatusChanged(rat = 0, CONNECTED)
05-01 14:15:26.545  4000  4000 D TelephonyProvider: subIdString = 1 subId = 1
05-01 14:15:26.590  4000  4000 I chatty  : uid=1001(radio) com.android.phone identical 12 lines
05-01 14:15:26.597  4000  4000 D TelephonyProvider: subIdString = 1 subId = 1
05-01 14:15:26.612  9916  9916 I Conv2QueryExtension: com.google.android.apps.inputmethod.libs.search.sense.ConversationToQueryExtension: Current locale: zh_TW, config allows these locales: de,en,es,fr,it,ms,pt,ta
05-01 14:15:26.612  9916  9916 W Conv2QueryExtension: com.google.android.apps.inputmethod.libs.search.sense.ConversationToQueryExtension: Conv2Query not enabled due to current locale [zh_TW] not in whitelist [de,en,es,fr,it,ms,pt,ta].
05-01 14:15:26.612  9916  9916 I Conv2QueryExtension: com.google.android.apps.inputmethod.libs.search.sense.ConversationToQueryExtension: onActivate() : Disabled by unsupported locale
05-01 14:15:26.801  2779  2844 I ThermalEngine: Sensor:msm_therm:30000 mC
05-01 14:15:26.887  2987  3028 E libnav  : CablComputeBacklightLevel(): UpdateType = DifferentSceneUpdate
05-01 14:15:26.903  3154  3614 D NetworkStats: Resolving plan for NetworkTemplate: matchRule=MOBILE_ALL, subscriberId=466924..., matchSubscriberIds=[466924...]
05-01 14:15:26.904  3154  3614 D NetworkStats: Found active matching subId 1
05-01 14:15:26.907  3154  3614 D NetworkStats: Resolved to plan null
05-01 14:15:27.016  4134  4156 I QcrilOemhookMsgTunnel: [0]processOemHookIndication length=21
05-01 14:15:27.017  4134  4134 D QcrilMsgTunnelIfaceManager: handleMessage what = 0
05-01 14:15:27.048  3154  3976 I chatty  : uid=1000(system) Binder:3154_7 expire 15 lines
05-01 14:15:27.055  4000  4000 D ServiceStateProvider: subId=1
05-01 14:15:27.059 20860 20860 D CellBroadcastReceiver: onReceive Intent { act=android.intent.action.SERVICE_STATE flg=0x1000010 cmp=com.android.cellbroadcastreceiver/.CellBroadcastReceiver (has extras) }
05-01 14:15:27.060  3975  4109 I QCNEJ/CndHalConnector: -> SND notifyWwanSubtypeChanged(13)
05-01 14:15:27.062  3975  4109 I QCNEJ/CndHalConnector: -> SND notifyMobileDataEnabledChanged(true)
05-01 14:15:27.062 20225 20225 I CarrierServices: [2] ServiceStateReceiver.onReceive: Received SERVICE_STATE intent.
05-01 14:15:27.065  3975  3975 W DPMJ    : |SERVICE| DPM received ACTION_ANY_DATA_CONNECTION_STATE_CHANGEDdefault
05-01 14:15:27.065  3975  3975 W DPMJ    : |SERVICE| If apn type is default ->default
05-01 14:15:27.068  4000  4000 D TelephonyProvider: subIdString = 1 subId = 1
05-01 14:15:27.069  3975  4109 I QCNEJ/CndHalConnector: -> SND notifyRatConnectionStatusChanged(rat = 0, CONNECTED)
05-01 14:15:27.078  4000  4000 D TelephonyProvider: subIdString = 1 subId = 1
05-01 14:15:27.131  4000  4000 D TelephonyProvider: subIdString = 1 subId = 1
05-01 14:15:27.803  2779  2844 I ThermalEngine: Sensor:msm_therm:30000 mC
05-01 14:15:28.804  2779  2844 I ThermalEngine: Sensor:msm_therm:30000 mC
05-01 14:15:29.806  2779  2844 I ThermalEngine: Sensor:msm_therm:30000 mC
05-01 14:15:30.808  2779  2844 I chatty  : uid=0(root) /system/vendor/bin/thermal-engine identical 10 lines
05-01 14:15:31.809  2779  2844 I ThermalEngine: Sensor:msm_therm:30000 mC
05-01 14:15:32.267  9916  9916 I AbstractSearchExtension: ess: onActivate(): params.size() = 0
05-01 14:15:32.267  9916  9916 I AbstractOpenableExt: dyy: onActivate() : Locale = zh_TW
05-01 14:15:32.268  9916  9916 I AbstractOpenableExt: dyy: Activating extension.
05-01 14:15:32.268  9916  9916 I AbstractSearchExtension: ess: openExtensionViewInternal(): params.size() = 0
05-01 14:15:32.299  9916 13819 W OpenGLRenderer: Incorrectly called buildLayer on View: SearchCandidateListHolderView, destroying layer...
05-01 14:15:32.772  2987  3028 E libnav  : CablComputeBacklightLevel(): UpdateType = DifferentSceneUpdate
05-01 14:15:32.812  2779  2844 I ThermalEngine: Sensor:msm_therm:30000 mC
05-01 14:15:33.378  9916  9916 I PhenotypeExpConfig: com.google.android.apps.inputmethod.libs.experiments.PhenotypeExperimentConfiguration: refreshConfiguration() : Force = false : UpdateAvailable = false : Age = 203 minutes : MaxAge = 720 minutes
05-01 14:15:33.739  2987  3028 E libnav  : CablComputeBacklightLevel(): UpdateType = DifferentSceneUpdate
05-01 14:15:33.747  3154  3976 I ActivityManager: START u0 {flg=0x34000000 cmp=jp.naver.line.android/.activity.main.MainActivity (has extras)} from uid 10110
05-01 14:15:33.813  2779  2844 I ThermalEngine: Sensor:msm_therm:30000 mC
05-01 14:15:34.059 32552 32552 W View    : requestLayout() improperly called by android.widget.LinearLayout{9c89e0d V.E...... ......ID 216,33-216,33 #7f0a0a1b app:id/gnb_menu_item_badge_layout} during layout: running second layout pass
05-01 14:15:34.059 32552 32552 W View    : requestLayout() improperly called by android.widget.LinearLayout{5a171c2 V.E...... ..S...ID 216,33-216,33 #7f0a0a1b app:id/gnb_menu_item_badge_layout} during layout: running second layout pass
05-01 14:15:34.059 32552 32552 W View    : requestLayout() improperly called by android.widget.LinearLayout{472bbd3 V.E...... ......ID 216,33-216,33 #7f0a0a1b app:id/gnb_menu_item_badge_layout} during layout: running second layout pass
05-01 14:15:34.059 32552 32552 W View    : requestLayout() improperly called by android.widget.LinearLayout{2467310 V.E...... ......ID 216,33-216,33 #7f0a0a1b app:id/gnb_menu_item_badge_layout} during layout: running second layout pass
05-01 14:15:34.059 32552 32552 W View    : requestLayout() improperly called by android.widget.LinearLayout{d6e0e09 V.E...... ......ID 216,33-216,33 #7f0a0a1b app:id/gnb_menu_item_badge_layout} during layout: running second layout pass
05-01 14:15:34.141   578   578 W /system/bin/hwservicemanager: getTransport: Cannot find entry vendor.qti.hardware.iop@1.0::IIop/default in either framework or device manifest.
05-01 14:15:34.236 32552 32552 W StaticLayout: maxLineHeight should not be -1.  maxLines:2 lineCount:2
05-01 14:15:34.264 32552 32552 W StaticLayout: maxLineHeight should not be -1.  maxLines:2 lineCount:2
05-01 14:15:34.306  2987  3028 E libnav  : CablComputeBacklightLevel(): UpdateType = DifferentSceneUpdate
05-01 14:15:34.315 32552 32552 I WalletTabListModelAdapter: createViewHolder new NullModelViewHolder(itemView) layoutId=>2131560410
05-01 14:15:34.425 32552 32552 W StaticLayout: maxLineHeight should not be -1.  maxLines:2 lineCount:2
05-01 14:15:34.425 32552 32552 W StaticLayout: maxLineHeight should not be -1.  maxLines:2 lineCount:2
05-01 14:15:34.437 32552 32562 I zygote  : NativeAlloc concurrent copying GC freed 213564(8MB) AllocSpace objects, 27(1092KB) LOS objects, 49% free, 15MB/30MB, paused 146us total 128.486ms
05-01 14:15:34.815  2779  2844 I ThermalEngine: Sensor:msm_therm:30000 mC
05-01 14:15:35.819  2779  2844 I ThermalEngine: Sensor:msm_therm:30000 mC
05-01 14:15:36.822  2779  2844 I ThermalEngine: Sensor:msm_therm:30000 mC
05-01 14:15:39.829  2779  2844 I ThermalEngine: Sensor:msm_therm:30000 mC
05-01 14:15:40.399  3752  3904 I chatty  : uid=10038(com.android.systemui) SysUiBg expire 60 lines
05-01 14:15:40.833  2779  2844 I ThermalEngine: Sensor:msm_therm:30000 mC
05-01 14:15:42.838  2779  2844 I ThermalEngine: Sensor:msm_therm:30000 mC
05-01 14:15:43.029  3154  4510 I ActivityManager: START u0 {cmp=jp.naver.line.android/.activity.chathistory.ChatHistoryActivityLaunchActivity (has extras)} from uid 10110
05-01 14:15:43.055  3154  3976 I chatty  : uid=1000(system) Binder:3154_7 expire 8 lines
05-01 14:15:43.068  3154 14385 I ActivityManager: START u0 {flg=0x4000000 cmp=jp.naver.line.android/.activity.chathistory.ChatHistoryActivity (has extras)} from uid 10110
05-01 14:15:43.070  3154 14385 I chatty  : uid=1000(system) Binder:3154_20 expire 28 lines
05-01 14:15:43.281   578   578 W /system/bin/hwservicemanager: getTransport: Cannot find entry vendor.qti.hardware.iop@1.0::IIop/default in either framework or device manifest.
05-01 14:15:43.334 32552 32552 E ConstraintLayout: layout_constraintWidth_default="wrap" is deprecated.
05-01 14:15:43.334 32552 32552 E ConstraintLayout: Use layout_width="WRAP_CONTENT" and layout_constrainedWidth="true" instead.
05-01 14:15:43.424 32552 32552 E ConstraintLayout: layout_constraintWidth_default="wrap" is deprecated.
05-01 14:15:43.424 32552 32552 E ConstraintLayout: Use layout_width="WRAP_CONTENT" and layout_constrainedWidth="true" instead.
05-01 14:15:43.442  2987  3028 E libnav  : CablComputeBacklightLevel(): UpdateType = DifferentSceneUpdate
05-01 14:15:43.839  2779  2844 I ThermalEngine: Sensor:msm_therm:30000 mC
05-01 14:15:44.840  2779  2844 I ThermalEngine: Sensor:msm_therm:30000 mC
05-01 14:15:44.950  4134  4156 I QcrilOemhookMsgTunnel: [0]processOemHookIndication length=21
05-01 14:15:44.951  4134  4134 D QcrilMsgTunnelIfaceManager: handleMessage what = 0
05-01 14:15:44.986  3154  3614 D NetworkStats: Resolving plan for NetworkTemplate: matchRule=MOBILE_ALL, subscriberId=466924..., matchSubscriberIds=[466924...]
05-01 14:15:44.987  3154  3614 D NetworkStats: Found active matching subId 1
05-01 14:15:44.988  4000  4000 D ServiceStateProvider: subId=1
05-01 14:15:44.988  3752  3752 I chatty  : uid=10038(com.android.systemui) expire 56 lines
05-01 14:15:44.989  3154  3274 I chatty  : uid=1000(system) ActivityManager expire 12 lines
05-01 14:15:44.991 20860 20860 D CellBroadcastReceiver: onReceive Intent { act=android.intent.action.SERVICE_STATE flg=0x1000010 cmp=com.android.cellbroadcastreceiver/.CellBroadcastReceiver (has extras) }
05-01 14:15:44.991  3975  4109 I QCNEJ/CndHalConnector: -> SND notifyWwanSubtypeChanged(13)
05-01 14:15:44.992  3975  4109 I QCNEJ/CndHalConnector: -> SND notifyMobileDataEnabledChanged(true)
05-01 14:15:44.992  3154  3614 D NetworkStats: Resolved to plan null
05-01 14:15:44.992  3154  4510 I chatty  : uid=1000(system) Binder:3154_E expire 10 lines
05-01 14:15:44.994 20225 20225 I CarrierServices: [2] ServiceStateReceiver.onReceive: Received SERVICE_STATE intent.
05-01 14:15:44.997  3975  3975 W DPMJ    : |SERVICE| DPM received ACTION_ANY_DATA_CONNECTION_STATE_CHANGEDdefault
05-01 14:15:44.997  3975  3975 W DPMJ    : |SERVICE| If apn type is default ->default
05-01 14:15:45.000  4000  4000 D TelephonyProvider: subIdString = 1 subId = 1
05-01 14:15:45.000  3975  4109 I QCNEJ/CndHalConnector: -> SND notifyRatConnectionStatusChanged(rat = 0, CONNECTED)
05-01 14:15:45.006  4000  4000 D TelephonyProvider: subIdString = 1 subId = 1
05-01 14:15:45.049  4000  4000 I chatty  : uid=1001(radio) com.android.phone identical 12 lines
05-01 14:15:45.056  4000  4000 D TelephonyProvider: subIdString = 1 subId = 1
05-01 14:15:45.235  9916  9916 I Conv2QueryExtension: com.google.android.apps.inputmethod.libs.search.sense.ConversationToQueryExtension: Current locale: zh_TW, config allows these locales: de,en,es,fr,it,ms,pt,ta
05-01 14:15:45.236  9916  9916 W Conv2QueryExtension: com.google.android.apps.inputmethod.libs.search.sense.ConversationToQueryExtension: Conv2Query not enabled due to current locale [zh_TW] not in whitelist [de,en,es,fr,it,ms,pt,ta].
05-01 14:15:45.236  9916  9916 I Conv2QueryExtension: com.google.android.apps.inputmethod.libs.search.sense.ConversationToQueryExtension: onActivate() : Disabled by unsupported locale
05-01 14:15:45.477  2987  3028 E libnav  : CablComputeBacklightLevel(): UpdateType = DifferentSceneUpdate
05-01 14:15:45.842  2779  2844 I ThermalEngine: Sensor:msm_therm:30000 mC
05-01 14:15:46.844  2779  2844 I ThermalEngine: Sensor:msm_therm:30000 mC
05-01 14:15:47.540  4134  4156 I QcrilOemhookMsgTunnel: [0]processOemHookIndication length=21
05-01 14:15:47.540  4134  4134 D QcrilMsgTunnelIfaceManager: handleMessage what = 0
05-01 14:15:47.566  3154  3614 I chatty  : uid=1000(system) NetworkPolicy expire 12 lines
05-01 14:15:47.569  3154  3614 D NetworkStats: Resolving plan for NetworkTemplate: matchRule=MOBILE_ALL, subscriberId=466924..., matchSubscriberIds=[466924...]
05-01 14:15:47.570  3154  3614 D NetworkStats: Found active matching subId 1
05-01 14:15:47.572  4000  4000 D ServiceStateProvider: subId=1
05-01 14:15:47.574 20860 20860 D CellBroadcastReceiver: onReceive Intent { act=android.intent.action.SERVICE_STATE flg=0x1000010 cmp=com.android.cellbroadcastreceiver/.CellBroadcastReceiver (has extras) }
05-01 14:15:47.575  3975  4109 I QCNEJ/CndHalConnector: -> SND notifyWwanSubtypeChanged(13)
05-01 14:15:47.576  3154  3614 D NetworkStats: Resolved to plan null
05-01 14:15:47.576 20225 20225 I CarrierServices: [2] ServiceStateReceiver.onReceive: Received SERVICE_STATE intent.
05-01 14:15:47.576  3975  4109 I QCNEJ/CndHalConnector: -> SND notifyMobileDataEnabledChanged(true)
05-01 14:15:47.579  3975  3975 W DPMJ    : |SERVICE| DPM received ACTION_ANY_DATA_CONNECTION_STATE_CHANGEDdefault
05-01 14:15:47.580  3975  3975 W DPMJ    : |SERVICE| If apn type is default ->default
05-01 14:15:47.582  4000  4000 D TelephonyProvider: subIdString = 1 subId = 1
05-01 14:15:47.582  3975  4109 I QCNEJ/CndHalConnector: -> SND notifyRatConnectionStatusChanged(rat = 0, CONNECTED)
05-01 14:15:47.589  4000  4000 D TelephonyProvider: subIdString = 1 subId = 1
05-01 14:15:47.635  4000  4000 D TelephonyProvider: subIdString = 1 subId = 1
05-01 14:15:47.846  2779  2844 I ThermalEngine: Sensor:msm_therm:30000 mC
05-01 14:15:48.498  9916  9956 W zygote64: Checksum mismatch for dex LatinImeGoogle.apk!classes2.dex
05-01 14:15:48.498  9916  9956 W zygote64: Checksum mismatch for dex LatinImeGoogle.apk
05-01 14:15:48.847  2779  2844 I ThermalEngine: Sensor:msm_therm:30000 mC
05-01 14:15:49.849  2779  2844 I ThermalEngine: Sensor:msm_therm:30000 mC
05-01 14:15:50.851  2779  2844 I ThermalEngine: Sensor:msm_therm:30000 mC
05-01 14:15:50.953  9916  9916 I Conv2QueryExtension: com.google.android.apps.inputmethod.libs.search.sense.ConversationToQueryExtension: Current locale: zh_TW, config allows these locales: de,en,es,fr,it,ms,pt,ta
05-01 14:15:50.953  9916  9916 W Conv2QueryExtension: com.google.android.apps.inputmethod.libs.search.sense.ConversationToQueryExtension: Conv2Query not enabled due to current locale [zh_TW] not in whitelist [de,en,es,fr,it,ms,pt,ta].
05-01 14:15:50.954  9916  9916 I Conv2QueryExtension: com.google.android.apps.inputmethod.libs.search.sense.ConversationToQueryExtension: onActivate() : Disabled by unsupported locale
