05-01 12:41:21.087  3154  3377 D BluetoothManagerService: Sending BLE State Change: BLE_ON > BLE_TURNING_OFF
05-01 12:41:21.459  3154  3377 D BluetoothManagerService: MESSAGE_BLUETOOTH_STATE_CHANGE: BLE_TURNING_OFF > OFF
05-01 12:41:21.459  3154  3377 D BluetoothManagerService: Bluetooth is complete send Service Down
05-01 12:41:21.459  3154  3377 D BluetoothManagerService: Broadcasting onBluetoothServiceDown() to 14 receivers.
05-01 12:41:21.460  3154  3377 D BluetoothManagerService: unbindAndFinish(): android.bluetooth.IBluetooth$Stub$Proxy@907e1c3 mBinding = false mUnbinding = false
05-01 12:41:21.462  3154  3377 D BluetoothManagerService: Sending BLE State Change: BLE_TURNING_OFF > OFF
05-01 12:41:21.493  3154  4504 I ActivityManager: Process com.android.bluetooth (pid 2191) has died: fore RCVR
05-01 12:41:31.718  3154  3614 D NetworkStats: Resolving plan for NetworkTemplate: matchRule=MOBILE_ALL, subscriberId=466924..., matchSubscriberIds=[466924...]
05-01 12:41:31.719  3154  3614 D NetworkStats: Found active matching subId 1
05-01 12:41:31.722  3154  3614 D NetworkStats: Resolved to plan null
05-01 12:44:03.596  3154  4504 I BatteryService: Battery level = 88; status = 3
05-01 12:44:28.907  3154  9344 D ConnectivityService: Returning BLOCKED NetworkInfo to uid=10108
05-01 12:44:28.913  3154  3273 E SyncManager: Job params not found for 104989
05-01 12:44:28.957  2849  2963 E NetlinkEvent: NetlinkEvent::FindParam(): Parameter 'INTERFACE' not found
05-01 12:44:28.957  2849  2963 E NetlinkEvent: NetlinkEvent::FindParam(): Parameter 'STATE' not found
05-01 12:44:28.957  2849  2963 E NetlinkEvent: NetlinkEvent::FindParam(): Parameter 'TIME_NS' not found
05-01 12:44:28.957  2849  2963 E NetlinkEvent: NetlinkEvent::FindParam(): Parameter 'UID' not found
05-01 12:44:29.024  2849  2963 E NetlinkEvent: NetlinkEvent::FindParam(): Parameter 'INTERFACE' not found
05-01 12:44:29.024  2849  2963 E NetlinkEvent: NetlinkEvent::FindParam(): Parameter 'STATE' not found
05-01 12:44:29.024  2849  2963 E NetlinkEvent: NetlinkEvent::FindParam(): Parameter 'TIME_NS' not found
05-01 12:44:29.024  2849  2963 E NetlinkEvent: NetlinkEvent::FindParam(): Parameter 'UID' not found
05-01 12:44:29.277  2855  2855 I wificond: Enters wifigbk_ageOutHistory
05-01 12:44:29.277  2855  2855 I wificond: Enters wifigbk_ageOutHistory
05-01 12:49:28.885  3154  3582 I ActivityManager: Start proc 2328:com.asus.sysmonitor/u0a37 for service com.asus.sysmonitor/.PerfMonitorService
05-01 12:49:28.902  3154  9344 D ConnectivityService: Returning UNBLOCKED NetworkInfo to uid=10108
05-01 12:49:28.915  3154  3154 I ActivityManager: Start proc 2341:com.google.android.apps.tachyon/u0a62 for service com.google.android.apps.tachyon/.jobs.NativeJobSchedulerJobService
05-01 12:49:28.963  3154  9273 I ActivityManager: Start proc 2354:com.android.providers.calendar/u0a7 for content provider com.android.providers.calendar/.CalendarProvider2
05-01 12:49:29.213  3154  3290 E BatteryExternalStatsWorker: no controller energy info supplied for bluetooth
05-01 12:49:29.298  3154  3274 W BroadcastQueue: Background execution not allowed: receiving Intent { act=android.intent.action.DROPBOX_ENTRY_ADDED flg=0x10 (has extras) } to com.google.android.gms/.stats.service.DropBoxEntryAddedReceiver
05-01 12:49:29.298  3154  3274 W BroadcastQueue: Background execution not allowed: receiving Intent { act=android.intent.action.DROPBOX_ENTRY_ADDED flg=0x10 (has extras) } to com.google.android.gms/.chimera.GmsIntentOperationService$PersistentTrustedReceiver
05-01 12:49:29.730  2849  2963 E NetlinkEvent: NetlinkEvent::FindParam(): Parameter 'INTERFACE' not found
05-01 12:49:29.730  2849  2963 E NetlinkEvent: NetlinkEvent::FindParam(): Parameter 'STATE' not found
05-01 12:49:29.730  2849  2963 E NetlinkEvent: NetlinkEvent::FindParam(): Parameter 'TIME_NS' not found
05-01 12:49:29.730  2849  2963 E NetlinkEvent: NetlinkEvent::FindParam(): Parameter 'UID' not found
05-01 12:49:31.516  3154  3870 I ActivityManager: Start proc 2465:com.google.android.gms.ui/u0a19 for service com.google.android.gms/.chimera.UiIntentOperationService
05-01 12:49:33.161  3154  7016 D ConnectivityService: ConnectivityService NetworkRequestInfo binderDied(NetworkRequest [ LISTEN id=3984, [ Capabilities: INTERNET&NOT_RESTRICTED&TRUSTED] ], android.os.BinderProxy@5183029)
05-01 12:49:33.161  3154  9344 I ActivityManager: Process com.android.vending (pid 23691) has died: cch  CEM 
05-01 12:49:33.161  3154  9344 W ActivityManager: Scheduling restart of crashed service com.android.vending/com.google.android.finsky.billing.iab.InAppBillingService in 1000ms
05-01 12:49:34.173  3154  3274 I ActivityManager: Start proc 2506:com.android.vending/u0a29 for service com.android.vending/com.google.android.finsky.billing.iab.InAppBillingService
05-01 12:49:41.919  3154  3874 I ActivityManager: Start proc 2577:com.google.process.gapps/u0a19 for content provider com.google.android.gsf/.settings.GoogleSettingsProvider
05-01 12:49:42.428  3154  3870 D ConnectivityService: Returning BLOCKED NetworkInfo to uid=10108
05-01 12:49:52.890 30226  2643 E ActivityThread: Failed to find provider info for com.facebook.mlite.sso.MessengerLoggedInUserProvider
05-01 12:49:52.932  3154  3874 I ActivityManager: Start proc 2649:com.facebook.appmanager/u0a97 for content provider com.facebook.appmanager/com.facebook.oxygen.appmanager.configuration.attribution.AttributionProvider
05-01 12:49:53.266  2649  2698 E ActivityThread: Failed to find provider info for com.facebook.appmanager.nekodirect
05-01 12:49:53.475  3154  9344 I ActivityManager: Start proc 2713:com.google.android.tts/u0a71 for service com.google.android.tts/.service.GoogleTTSService
05-01 12:53:30.638  2849  2963 E NetlinkEvent: NetlinkEvent::FindParam(): Parameter 'INTERFACE' not found
05-01 12:53:30.638  2849  2963 E NetlinkEvent: NetlinkEvent::FindParam(): Parameter 'STATE' not found
05-01 12:53:30.638  2849  2963 E NetlinkEvent: NetlinkEvent::FindParam(): Parameter 'TIME_NS' not found
05-01 12:53:30.638  2849  2963 E NetlinkEvent: NetlinkEvent::FindParam(): Parameter 'UID' not found
05-01 12:53:31.485  3154  3290 E BatteryExternalStatsWorker: no controller energy info supplied for bluetooth
05-01 12:53:54.947  2849  2963 E NetlinkEvent: NetlinkEvent::FindParam(): Parameter 'INTERFACE' not found
05-01 12:53:54.947  2849  2963 E NetlinkEvent: NetlinkEvent::FindParam(): Parameter 'STATE' not found
05-01 12:53:54.947  2849  2963 E NetlinkEvent: NetlinkEvent::FindParam(): Parameter 'TIME_NS' not found
05-01 12:53:54.947  2849  2963 E NetlinkEvent: NetlinkEvent::FindParam(): Parameter 'UID' not found
05-01 12:53:55.242 30226  3102 E ActivityThread: Failed to find provider info for com.facebook.mlite.sso.MessengerLoggedInUserProvider
05-01 12:54:03.582  3154  9344 I BatteryService: Battery level = 88; status = 3
05-01 12:54:03.585  3154  3869 I ActivityManager: Killing 27628:com.android.chrome:sandboxed_process1/u0a55i589 (adj 904): empty #31
05-01 12:54:03.599  3154  3870 W ActivityManager: Scheduling restart of crashed service com.android.chrome/org.chromium.content.app.SandboxedProcessService1 in 1000ms
05-01 12:54:03.609  3154  3290 D KernelUidCpuTimeReader: Removing uids 99589-99589
05-01 12:54:29.340  2849  2963 E NetlinkEvent: NetlinkEvent::FindParam(): Parameter 'INTERFACE' not found
05-01 12:54:29.340  2849  2963 E NetlinkEvent: NetlinkEvent::FindParam(): Parameter 'STATE' not found
05-01 12:54:29.340  2849  2963 E NetlinkEvent: NetlinkEvent::FindParam(): Parameter 'TIME_NS' not found
05-01 12:54:29.340  2849  2963 E NetlinkEvent: NetlinkEvent::FindParam(): Parameter 'UID' not found
05-01 12:54:29.632  2855  2855 I wificond: Enters wifigbk_ageOutHistory
05-01 12:54:29.632  2855  2855 I wificond: Enters wifigbk_ageOutHistory
05-01 12:54:29.889  3154  3274 I ActivityManager: Waited long enough for: ServiceRecord{89993d2 u0 com.facebook.katana/com.facebook.rti.push.service.FbnsService}
05-01 12:54:39.972  3154  3154 V FingerprintService: onAuthenticated(owner=com.android.systemui, id=24497547, gp=0)
05-01 12:54:39.973  3154  3154 V FingerprintService: Done with client: com.android.systemui
05-01 12:54:39.994  3752  3752 V KeyguardDisplayManager: hide
05-01 12:54:39.997  3154  3274 W BroadcastQueue: Background execution not allowed: receiving Intent { act=android.intent.action.USER_PRESENT flg=0x24200010 } to com.facebook.katana/com.facebook.rti.orca.FbnsLiteBroadcastReceiver
05-01 12:54:39.998  3154  3274 W BroadcastQueue: Background execution not allowed: receiving Intent { act=android.intent.action.USER_PRESENT flg=0x24200010 } to com.google.android.gms/.auth.setup.devicesignals.LockScreenReceiver
05-01 12:54:39.998  3154  3274 W BroadcastQueue: Background execution not allowed: receiving Intent { act=android.intent.action.USER_PRESENT flg=0x24200010 } to com.google.android.gms/.trustagent.UserPresentBroadcastReceiver
05-01 12:54:39.998  3154  3274 W BroadcastQueue: Background execution not allowed: receiving Intent { act=android.intent.action.USER_PRESENT flg=0x24200010 } to com.google.android.gms/.chimera.GmsIntentOperationService$PersistentTrustedReceiver
05-01 12:54:39.998  3154  3274 W BroadcastQueue: Background execution not allowed: receiving Intent { act=android.intent.action.USER_PRESENT flg=0x24200010 } to com.instagram.android/com.instagram.push.fbns.FbnsInitBroadcastReceiver
05-01 12:54:39.998  3154  3274 W BroadcastQueue: Background execution not allowed: receiving Intent { act=android.intent.action.USER_PRESENT flg=0x24200010 } to com.askey.taipeinavi/com.openlife.checkme.beaconservice.BeaconReceiver
05-01 12:54:40.014  3154  3869 W ActivityManager: Background start not allowed: service Intent { act=Orca.START cmp=com.instagram.android/com.facebook.rti.push.service.FbnsService (has extras) } to com.instagram.android/com.facebook.rti.push.service.FbnsService from pid=874 uid=10070 pkg=com.instagram.android
05-01 12:54:40.019  3154  9344 I PowerManagerService: Waking up from sleep (uid=10038 reason=android.policy:FINGERPRINT)...
05-01 12:54:40.022  3154 11154 D ConnectivityService: Returning BLOCKED NetworkInfo to uid=10070
05-01 12:54:40.030  3154  3870 I BatteryService: Battery level = 88; status = 3
05-01 12:54:40.034  3154  3392 I DisplayPowerController: Blocking screen on until initial contents have been drawn.
05-01 12:54:40.053  3154  3385 I DisplayManagerService: Display device changed state: "", ON
05-01 12:54:40.159  3154  3392 I DisplayPowerController: Unblocked screen on after 125 ms
05-01 12:54:40.544  3154  7016 D BluetoothManagerService: Registered for death of com.google.android.gms
05-01 12:54:40.544  3154  7016 D BluetoothManagerService: 1 registered Ble Apps
05-01 12:54:40.546  3154  8274 D BluetoothManagerService: enable(com.google.android.gms):  mBluetooth =null mBinding = false mState = OFF
05-01 12:54:40.546  3154  8274 D BluetoothManagerService: enable returning
05-01 12:54:40.546  3154  3377 D BluetoothManagerService: MESSAGE_ENABLE(0): mBluetooth = null
05-01 12:54:40.565  3154  3377 I ActivityManager: Start proc 3213:com.android.bluetooth/1002 for service com.android.bluetooth/.btservice.AdapterService
05-01 12:54:40.714  3154  3154 D BluetoothManagerService: Bluetooth Adapter name changed to ASUS_X01BDA
05-01 12:54:40.714  3154  3154 D BluetoothManagerService: Stored Bluetooth name: ASUS_X01BDA
05-01 12:54:40.733  3154  3154 D BluetoothManagerService: BluetoothServiceConnection: com.android.bluetooth.btservice.AdapterService
05-01 12:54:40.733  3154  3377 D BluetoothManagerService: MESSAGE_BLUETOOTH_SERVICE_CONNECTED: 1
05-01 12:54:40.734  3154  3377 D BluetoothManagerService: Broadcasting onBluetoothServiceUp() to 14 receivers.
05-01 12:54:40.743  3154  3377 D BluetoothManagerService: MESSAGE_BLUETOOTH_STATE_CHANGE: OFF > BLE_TURNING_ON
05-01 12:54:40.743  3154  3377 D BluetoothManagerService: Sending BLE State Change: OFF > BLE_TURNING_ON
05-01 12:54:40.972  3154  3614 D NetworkStats: Resolving plan for NetworkTemplate: matchRule=MOBILE_ALL, subscriberId=466924..., matchSubscriberIds=[466924...]
05-01 12:54:40.976  3154  3614 D NetworkStats: Found active matching subId 1
05-01 12:54:41.000  3154  3614 D NetworkStats: Resolved to plan null
05-01 12:54:41.535  3154  7016 D ConnectivityService: Returning UNBLOCKED NetworkInfo to uid=10029
05-01 12:54:41.849  3154 11154 D ConnectivityService: Returning UNBLOCKED NetworkInfo to uid=10108
05-01 12:54:41.896  3154  3154 D BluetoothManagerService: Bluetooth Adapter address changed to 40:B0:76:B2:24:E9
05-01 12:54:41.896  3154  3154 D BluetoothManagerService: Stored Bluetoothaddress: 40:B0:76:B2:24:E9
05-01 12:54:41.896  3154  3154 D BluetoothManagerService: Bluetooth Adapter name changed to ASUS_X01BDA
05-01 12:54:41.896  3154  3154 D BluetoothManagerService: Stored Bluetooth name: ASUS_X01BDA
05-01 12:54:41.903  3154  3377 D BluetoothManagerService: MESSAGE_BLUETOOTH_STATE_CHANGE: BLE_TURNING_ON > BLE_ON
05-01 12:54:41.903  3154  3377 D BluetoothManagerService: Bluetooth is in LE only mode
05-01 12:54:41.903  3154  3377 D BluetoothManagerService: Binding Bluetooth GATT service
05-01 12:54:41.904  3154  3377 D BluetoothManagerService: Sending BLE State Change: BLE_TURNING_ON > BLE_ON
05-01 12:54:41.906  3154  3154 D BluetoothManagerService: BluetoothServiceConnection: com.android.bluetooth.gatt.GattService
05-01 12:54:41.907  3154  3377 D BluetoothManagerService: MESSAGE_BLUETOOTH_SERVICE_CONNECTED: 2
05-01 12:54:41.907  3154  3377 D BluetoothManagerService: BluetoothGatt Service is Up
05-01 12:54:43.286  3154  9273 I PowerManagerService: Going to sleep by application request (uid 10038)...
05-01 12:54:43.292  3154  3154 V FingerprintService: startAuthentication(com.android.systemui)
05-01 12:54:43.292  3154  3154 V FingerprintService: starting client AuthenticationClient(com.android.systemui), initiatedByClient = true)
05-01 12:54:43.302  3154  3154 W FingerprintService: client com.android.systemui is authenticating...
05-01 12:54:43.544  3154  3392 I DisplayPowerController: Blocking screen off
05-01 12:54:43.544  3154  3392 I DisplayPowerController: Unblocked screen off after 0 ms
05-01 12:54:43.559  3154  9273 I BatteryService: Battery level = 88; status = 3
05-01 12:54:43.588  3154  3385 I DisplayManagerService: Display device changed state: "", OFF
05-01 12:54:43.819  3154  3392 I PowerManagerService: Sleeping (uid 1000)...
05-01 12:54:43.823  3154  3154 I ActivityManager: Killing 27638:com.android.chrome:privileged_process1/u0a55 (adj 904): empty #31
05-01 12:54:43.843  3154  9273 W ActivityManager: Scheduling restart of crashed service com.android.chrome/org.chromium.content.app.PrivilegedProcessService1 in 1000ms
05-01 12:54:43.912  3752  3752 V KeyguardStatusView: refresh statusview showing:true
05-01 12:54:43.915  3752  3752 V KeyguardDisplayManager: show
05-01 12:54:55.411  3154  3614 D NetworkStats: Resolving plan for NetworkTemplate: matchRule=MOBILE_ALL, subscriberId=466924..., matchSubscriberIds=[466924...]
05-01 12:54:55.413  3154  3614 D NetworkStats: Found active matching subId 1
05-01 12:54:55.415  3154  3614 D NetworkStats: Resolved to plan null
05-01 12:58:13.146  3154  3274 W ProcessCpuTracker: Skipping unknown process pid 3403
05-01 12:58:13.155  2849  2963 E NetlinkEvent: NetlinkEvent::FindParam(): Parameter 'INTERFACE' not found
05-01 12:58:13.156  2849  2963 E NetlinkEvent: NetlinkEvent::FindParam(): Parameter 'STATE' not found
05-01 12:58:13.156  2849  2963 E NetlinkEvent: NetlinkEvent::FindParam(): Parameter 'TIME_NS' not found
05-01 12:58:13.156  2849  2963 E NetlinkEvent: NetlinkEvent::FindParam(): Parameter 'UID' not found
05-01 12:58:13.489  3154  9273 D BluetoothManagerService: Unregistered for death of com.google.android.gms
05-01 12:58:13.489  3154  9273 D BluetoothManagerService: 0 registered Ble Apps
05-01 12:58:13.489  3154  9273 D BluetoothManagerService: Reseting the mEnable flag for clean disable
05-01 12:58:13.489  3154  9273 D BluetoothManagerService: Move to BT state OFF
05-01 12:58:13.489  3154  9273 D BluetoothManagerService: Calling sendBrEdrDownCallback callbacks
05-01 12:58:13.489  3154  9273 D BluetoothManagerService: isBleAppPresent() count: 0
05-01 12:58:13.490  3154  3377 D BluetoothManagerService: MESSAGE_BLUETOOTH_STATE_CHANGE: BLE_ON > BLE_TURNING_OFF
05-01 12:58:13.490  3154  3377 D BluetoothManagerService: Sending BLE State Change: BLE_ON > BLE_TURNING_OFF
05-01 12:58:13.867  3154  3377 D BluetoothManagerService: MESSAGE_BLUETOOTH_STATE_CHANGE: BLE_TURNING_OFF > OFF
05-01 12:58:13.867  3154  3377 D BluetoothManagerService: Bluetooth is complete send Service Down
05-01 12:58:13.867  3154  3377 D BluetoothManagerService: Broadcasting onBluetoothServiceDown() to 14 receivers.
05-01 12:58:13.868  3154  3377 D BluetoothManagerService: unbindAndFinish(): android.bluetooth.IBluetooth$Stub$Proxy@60f2344 mBinding = false mUnbinding = false
05-01 12:58:13.871  3154  3377 D BluetoothManagerService: Sending BLE State Change: BLE_TURNING_OFF > OFF
05-01 12:58:13.950  3154  4504 I ActivityManager: Process com.android.bluetooth (pid 3213) has died: fore RCVR
05-01 12:58:42.972  2849  2963 E NetlinkEvent: NetlinkEvent::FindParam(): Parameter 'INTERFACE' not found
05-01 12:58:42.972  2849  2963 E NetlinkEvent: NetlinkEvent::FindParam(): Parameter 'STATE' not found
05-01 12:58:42.972  2849  2963 E NetlinkEvent: NetlinkEvent::FindParam(): Parameter 'TIME_NS' not found
05-01 12:58:42.972  2849  2963 E NetlinkEvent: NetlinkEvent::FindParam(): Parameter 'UID' not found
05-01 12:59:54.998  3154  3869 D ConnectivityService: Returning BLOCKED NetworkInfo to uid=10108
05-01 12:59:55.001  3154  3870 D ConnectivityService: Returning BLOCKED NetworkInfo to uid=10060
05-01 12:59:55.005  3154 10238 D ConnectivityService: Returning BLOCKED NetworkInfo to uid=10029
05-01 12:59:55.041  3154  4795 D ConnectivityService: Returning BLOCKED NetworkInfo to uid=10061
05-01 12:59:55.060  2849  2963 E NetlinkEvent: NetlinkEvent::FindParam(): Parameter 'INTERFACE' not found
05-01 12:59:55.060  2849  2963 E NetlinkEvent: NetlinkEvent::FindParam(): Parameter 'STATE' not found
05-01 12:59:55.060  2849  2963 E NetlinkEvent: NetlinkEvent::FindParam(): Parameter 'TIME_NS' not found
05-01 12:59:55.060  2849  2963 E NetlinkEvent: NetlinkEvent::FindParam(): Parameter 'UID' not found
05-01 13:00:25.427  3154  3274 W ActivityManager: Stopping service due to app idle: u0a61 -1h5m35s218ms com.facebook.orca/com.facebook.mqttlite.MqttService
05-01 13:00:25.427  3154  3274 W ActivityManager: Stopping service due to app idle: u0a60 -51m21s709ms com.facebook.katana/com.facebook.rti.push.service.FbnsService
05-01 13:00:25.427  3154  3274 W ActivityManager: Stopping service due to app idle: u0a60 -10m32s365ms com.facebook.katana/com.facebook.mqttlite.MqttService
05-01 13:00:25.429  3154  3154 I ActivityManager: Killing 29336:com.tencent.mm:sandbox/u0a108 (adj 900): empty #31
05-01 13:00:25.430  3154  3154 I ActivityManager: Killing 16285:com.android.chrome/u0a55 (adj 904): empty #32
05-01 13:00:25.440  3154 10238 I ActivityManager: Killing 29800:com.facebook.katana:videoplayer/u0a60 (adj 904): empty #31
05-01 13:00:25.458  3154  8274 D ConnectivityService: ConnectivityService NetworkRequestInfo binderDied(NetworkRequest [ LISTEN id=3969, [ Capabilities: INTERNET&NOT_RESTRICTED&TRUSTED&FOREGROUND] ], android.os.BinderProxy@9bddbe8)
05-01 13:00:25.458  3154  3870 D ConnectivityService: ConnectivityService NetworkRequestInfo binderDied(NetworkRequest [ LISTEN id=3968, [ Capabilities: INTERNET&NOT_RESTRICTED&TRUSTED&FOREGROUND] ], android.os.BinderProxy@c478201)
05-01 13:00:25.460  3154 10238 W ActivityManager: Scheduling restart of crashed service com.tencent.mm/.service.ProcessService$SandBoxProcessService in 1000ms
05-01 13:02:16.500  3154  3274 I ActivityManager: Start proc 3543:com.tencent.mm:sandbox/u0a108 for service com.tencent.mm/.service.ProcessService$SandBoxProcessService
05-01 13:02:16.659  3543  3543 E ActivityThread: Failed to find provider info for com.tencent.mm.coolassist.debugprovider
05-01 13:02:17.189  3154  3196 I ActivityManager: Killing 31025:com.nianticlabs.pokemongo/u0a109 (adj 906): empty #31
05-01 13:02:17.189  3154  3196 I ActivityManager: Killing 31050:com.nianticlabs.pokemongo:fitness/u0a109 (adj 906): empty #32
05-01 13:04:03.595  3154  3196 I BatteryService: Battery level = 88; status = 3
05-01 13:04:55.333  3154  3614 D NetworkStats: Resolving plan for NetworkTemplate: matchRule=MOBILE_ALL, subscriberId=466924..., matchSubscriberIds=[466924...]
05-01 13:04:55.335  3154  3614 D NetworkStats: Found active matching subId 1
05-01 13:04:55.342  3154  3614 D NetworkStats: Resolved to plan null
05-01 13:04:55.345  3154  4795 D ConnectivityService: Returning UNBLOCKED NetworkInfo to uid=10061
05-01 13:04:55.346  3154 10238 D ConnectivityService: Returning UNBLOCKED NetworkInfo to uid=10029
05-01 13:04:55.358  3154 10238 D ConnectivityService: Returning UNBLOCKED NetworkInfo to uid=10060
05-01 13:04:55.403  2849  2963 E NetlinkEvent: NetlinkEvent::FindParam(): Parameter 'INTERFACE' not found
05-01 13:04:55.403  2849  2963 E NetlinkEvent: NetlinkEvent::FindParam(): Parameter 'STATE' not found
05-01 13:04:55.403  2849  2963 E NetlinkEvent: NetlinkEvent::FindParam(): Parameter 'TIME_NS' not found
05-01 13:04:55.403  2849  2963 E NetlinkEvent: NetlinkEvent::FindParam(): Parameter 'UID' not found
05-01 13:04:55.707  2855  2855 I wificond: Enters wifigbk_ageOutHistory
05-01 13:04:55.708  2855  2855 I wificond: Enters wifigbk_ageOutHistory
05-01 13:04:56.497  3154  4558 D ConnectivityService: Returning UNBLOCKED NetworkInfo to uid=10108
05-01 13:05:00.389  3154 10238 D ConnectivityService: Returning BLOCKED NetworkInfo to uid=10061
05-01 13:05:00.389  3154  4795 D ConnectivityService: Returning BLOCKED NetworkInfo to uid=10060
05-01 13:05:00.389  3154  3869 D ConnectivityService: Returning BLOCKED NetworkInfo to uid=10108
05-01 13:05:44.775  3154  3869 D ConnectivityService: Returning UNBLOCKED NetworkInfo to uid=10060
05-01 13:05:44.849  2849  2963 E NetlinkEvent: NetlinkEvent::FindParam(): Parameter 'INTERFACE' not found
05-01 13:05:44.849  2849  2963 E NetlinkEvent: NetlinkEvent::FindParam(): Parameter 'STATE' not found
05-01 13:05:44.849  2849  2963 E NetlinkEvent: NetlinkEvent::FindParam(): Parameter 'TIME_NS' not found
05-01 13:05:44.849  2849  2963 E NetlinkEvent: NetlinkEvent::FindParam(): Parameter 'UID' not found
05-01 13:06:00.644  2849  2963 E NetlinkEvent: NetlinkEvent::FindParam(): Parameter 'INTERFACE' not found
05-01 13:06:00.644  2849  2963 E NetlinkEvent: NetlinkEvent::FindParam(): Parameter 'STATE' not found
05-01 13:06:00.644  2849  2963 E NetlinkEvent: NetlinkEvent::FindParam(): Parameter 'TIME_NS' not found
05-01 13:06:00.644  2849  2963 E NetlinkEvent: NetlinkEvent::FindParam(): Parameter 'UID' not found
05-01 13:06:16.023  3154  3274 W ProcessCpuTracker: Skipping unknown process pid 3836
05-01 13:06:16.024  3154  3274 W ProcessCpuTracker: Skipping unknown process pid 3839
05-01 13:06:16.068  2849  2963 E NetlinkEvent: NetlinkEvent::FindParam(): Parameter 'INTERFACE' not found
05-01 13:06:16.068  2849  2963 E NetlinkEvent: NetlinkEvent::FindParam(): Parameter 'STATE' not found
05-01 13:06:16.068  2849  2963 E NetlinkEvent: NetlinkEvent::FindParam(): Parameter 'TIME_NS' not found
05-01 13:06:16.068  2849  2963 E NetlinkEvent: NetlinkEvent::FindParam(): Parameter 'UID' not found
05-01 13:06:45.507  2849  2963 E NetlinkEvent: NetlinkEvent::FindParam(): Parameter 'INTERFACE' not found
05-01 13:06:45.508  2849  2963 E NetlinkEvent: NetlinkEvent::FindParam(): Parameter 'STATE' not found
05-01 13:06:45.508  2849  2963 E NetlinkEvent: NetlinkEvent::FindParam(): Parameter 'TIME_NS' not found
05-01 13:06:45.508  2849  2963 E NetlinkEvent: NetlinkEvent::FindParam(): Parameter 'UID' not found
05-01 13:07:03.302  2849  2963 E NetlinkEvent: NetlinkEvent::FindParam(): Parameter 'INTERFACE' not found
05-01 13:07:03.302  2849  2963 E NetlinkEvent: NetlinkEvent::FindParam(): Parameter 'STATE' not found
05-01 13:07:03.302  2849  2963 E NetlinkEvent: NetlinkEvent::FindParam(): Parameter 'TIME_NS' not found
05-01 13:07:03.302  2849  2963 E NetlinkEvent: NetlinkEvent::FindParam(): Parameter 'UID' not found
05-01 13:07:16.261  2849  2963 E NetlinkEvent: NetlinkEvent::FindParam(): Parameter 'INTERFACE' not found
05-01 13:07:16.261  2849  2963 E NetlinkEvent: NetlinkEvent::FindParam(): Parameter 'STATE' not found
05-01 13:07:16.261  2849  2963 E NetlinkEvent: NetlinkEvent::FindParam(): Parameter 'TIME_NS' not found
05-01 13:07:16.261  2849  2963 E NetlinkEvent: NetlinkEvent::FindParam(): Parameter 'UID' not found
05-01 13:07:41.753  2849  2963 E NetlinkEvent: NetlinkEvent::FindParam(): Parameter 'INTERFACE' not found
05-01 13:07:41.753  2849  2963 E NetlinkEvent: NetlinkEvent::FindParam(): Parameter 'STATE' not found
05-01 13:07:41.753  2849  2963 E NetlinkEvent: NetlinkEvent::FindParam(): Parameter 'TIME_NS' not found
05-01 13:07:41.753  2849  2963 E NetlinkEvent: NetlinkEvent::FindParam(): Parameter 'UID' not found
05-01 13:07:59.727  2849  2963 E NetlinkEvent: NetlinkEvent::FindParam(): Parameter 'INTERFACE' not found
05-01 13:07:59.727  2849  2963 E NetlinkEvent: NetlinkEvent::FindParam(): Parameter 'STATE' not found
05-01 13:07:59.727  2849  2963 E NetlinkEvent: NetlinkEvent::FindParam(): Parameter 'TIME_NS' not found
05-01 13:07:59.727  2849  2963 E NetlinkEvent: NetlinkEvent::FindParam(): Parameter 'UID' not found
05-01 13:07:59.907  3154  4502 D ConnectivityService: Returning UNBLOCKED NetworkInfo to uid=10110
05-01 13:08:33.021  2849  2963 E NetlinkEvent: NetlinkEvent::FindParam(): Parameter 'INTERFACE' not found
05-01 13:08:33.021  2849  2963 E NetlinkEvent: NetlinkEvent::FindParam(): Parameter 'STATE' not found
05-01 13:08:33.021  2849  2963 E NetlinkEvent: NetlinkEvent::FindParam(): Parameter 'TIME_NS' not found
05-01 13:08:33.021  2849  2963 E NetlinkEvent: NetlinkEvent::FindParam(): Parameter 'UID' not found
05-01 13:08:42.423  2849  2963 E NetlinkEvent: NetlinkEvent::FindParam(): Parameter 'INTERFACE' not found
05-01 13:08:42.423  2849  2963 E NetlinkEvent: NetlinkEvent::FindParam(): Parameter 'STATE' not found
05-01 13:08:42.423  2849  2963 E NetlinkEvent: NetlinkEvent::FindParam(): Parameter 'TIME_NS' not found
05-01 13:08:42.423  2849  2963 E NetlinkEvent: NetlinkEvent::FindParam(): Parameter 'UID' not found
05-01 13:10:15.939  2849  2963 E NetlinkEvent: NetlinkEvent::FindParam(): Parameter 'INTERFACE' not found
05-01 13:10:15.939  2849  2963 E NetlinkEvent: NetlinkEvent::FindParam(): Parameter 'STATE' not found
05-01 13:10:15.939  2849  2963 E NetlinkEvent: NetlinkEvent::FindParam(): Parameter 'TIME_NS' not found
05-01 13:10:15.939  2849  2963 E NetlinkEvent: NetlinkEvent::FindParam(): Parameter 'UID' not found
05-01 13:14:03.597  3154  8180 I BatteryService: Battery level = 88; status = 3
05-01 13:14:56.138  2855  2855 I wificond: Enters wifigbk_ageOutHistory
05-01 13:14:56.139  2855  2855 I wificond: Enters wifigbk_ageOutHistory
05-01 13:15:00.771  3154  3273 E NetdConnector: NDC Command {25377 firewall set_uid_rule dozable 10060 deny} took too long (3573ms)
05-01 13:16:13.253  3154  4795 I ActivityManager: Start proc 4236:com.nianticlabs.pokemongo/u0a109 for service com.nianticlabs.pokemongo/com.firebase.jobdispatcher.GooglePlayReceiver
05-01 13:16:13.282  2849  2963 E NetlinkEvent: NetlinkEvent::FindParam(): Parameter 'INTERFACE' not found
05-01 13:16:13.283  2849  2963 E NetlinkEvent: NetlinkEvent::FindParam(): Parameter 'STATE' not found
05-01 13:16:13.283  2849  2963 E NetlinkEvent: NetlinkEvent::FindParam(): Parameter 'TIME_NS' not found
05-01 13:16:13.283  2849  2963 E NetlinkEvent: NetlinkEvent::FindParam(): Parameter 'UID' not found
05-01 13:16:13.360  3154  7198 I ActivityManager: Start proc 4278:com.nianticlabs.pokemongo:fitness/u0a109 for service com.nianticlabs.pokemongo/com.nianticlabs.background.fitness.FitnessJobService
05-01 13:16:13.579  3154  3869 D ConnectivityService: Returning UNBLOCKED NetworkInfo to uid=10108
05-01 13:16:14.970  3154  3154 D ConnectivityService: requestNetwork for uid/pid:1000/3154 NetworkRequest [ REQUEST id=4021, legacyType=3, [ Transports: CELLULAR Capabilities: SUPL&NOT_RESTRICTED&TRUSTED&NOT_VPN] ]
05-01 13:16:14.973  3154  3633 D ConnectivityService: Sending CONNECTED broadcast for type 3 NetworkAgentInfo [MOBILE (LTE) - 443] isDefaultNetwork=true
05-01 13:16:15.198  3154  3633 D ConnectivityService: releasing NetworkRequest [ REQUEST id=4021, legacyType=3, [ Transports: CELLULAR Capabilities: SUPL&NOT_RESTRICTED&TRUSTED&NOT_VPN] ] (release request)
05-01 13:16:15.198  3154  3633 D ConnectivityService: Sending DISCONNECTED broadcast for type 3 NetworkAgentInfo [MOBILE (LTE) - 443] isDefaultNetwork=false
05-01 13:16:15.200  3154  3154 D ConnectivityService: requestNetwork for uid/pid:1000/3154 NetworkRequest [ REQUEST id=4022, legacyType=3, [ Transports: CELLULAR Capabilities: SUPL&NOT_RESTRICTED&TRUSTED&NOT_VPN] ]
05-01 13:16:15.206  3154 10238 W ActivityManager: Background start not allowed: service Intent { cmp=com.google.android.apps.messaging/.shared.datamodel.action.execution.ActionExecutorImpl$EmptyService (has extras) } to com.google.android.apps.messaging/.shared.datamodel.action.execution.ActionExecutorImpl$EmptyService from pid=25663 uid=10074 pkg=com.google.android.apps.messaging
05-01 13:16:15.210  3154  3195 W ActivityManager: Background start not allowed: service Intent { act=Orca.START cmp=com.instagram.android/com.facebook.rti.push.service.FbnsService (has extras) } to com.instagram.android/com.facebook.rti.push.service.FbnsService from pid=874 uid=10070 pkg=com.instagram.android
05-01 13:16:15.210  3154  3633 D ConnectivityService: Sending CONNECTED broadcast for type 3 NetworkAgentInfo [MOBILE (LTE) - 443] isDefaultNetwork=true
05-01 13:16:15.217  3154  3614 D NetworkStats: Resolving plan for NetworkTemplate: matchRule=MOBILE_ALL, subscriberId=466924..., matchSubscriberIds=[466924...]
05-01 13:16:15.218  3154  3614 D NetworkStats: Found active matching subId 1
05-01 13:16:15.222  3154  3614 D NetworkStats: Resolved to plan null
05-01 13:16:15.225  3154  4466 D ConnectivityService: Returning UNBLOCKED NetworkInfo to uid=10061
05-01 13:16:15.225  3154 11154 D ConnectivityService: Returning UNBLOCKED NetworkInfo to uid=10070
05-01 13:16:15.273  3154  3633 D ConnectivityService: releasing NetworkRequest [ REQUEST id=4022, legacyType=3, [ Transports: CELLULAR Capabilities: SUPL&NOT_RESTRICTED&TRUSTED&NOT_VPN] ] (release request)
05-01 13:16:15.273  3154  3633 D ConnectivityService: Sending DISCONNECTED broadcast for type 3 NetworkAgentInfo [MOBILE (LTE) - 443] isDefaultNetwork=false
05-01 13:16:15.291  3154 10238 W ActivityManager: Background start not allowed: service Intent { act=Orca.START cmp=com.instagram.android/com.facebook.rti.push.service.FbnsService (has extras) } to com.instagram.android/com.facebook.rti.push.service.FbnsService from pid=874 uid=10070 pkg=com.instagram.android
05-01 13:16:15.297  3154  3614 D NetworkStats: Resolving plan for NetworkTemplate: matchRule=MOBILE_ALL, subscriberId=466924..., matchSubscriberIds=[466924...]
05-01 13:16:15.298  3154  3614 D NetworkStats: Found active matching subId 1
05-01 13:16:15.302  3154  3614 D NetworkStats: Resolved to plan null
05-01 13:16:15.314  2855  2855 I wificond: Enters wifigbk_ageOutHistory
05-01 13:16:15.315  2855  2855 I wificond: Enters wifigbk_ageOutHistory
05-01 13:16:18.288  3154 10229 D ConnectivityService: Returning BLOCKED NetworkInfo to uid=10108
05-01 13:16:18.289  3154 12160 D ConnectivityService: Returning BLOCKED NetworkInfo to uid=10060
05-01 13:16:18.290  3154  3869 D ConnectivityService: Returning BLOCKED NetworkInfo to uid=10110
05-01 13:16:18.290  3154  8180 D ConnectivityService: Returning BLOCKED NetworkInfo to uid=10061
05-01 13:16:26.264  3154  8180 D ConnectivityService: Returning UNBLOCKED NetworkInfo to uid=10110
05-01 13:16:33.292  3154 12160 D ConnectivityService: Returning UNBLOCKED NetworkInfo to uid=10060
05-01 13:16:40.896  3154  3274 W ActivityManager: Stopping service due to app idle: u0a61 -1h21m50s687ms com.facebook.orca/com.facebook.mqttlite.MqttService
05-01 13:17:13.658  2855  2855 I wificond: Enters wifigbk_ageOutHistory
05-01 13:17:13.659  2855  2855 I wificond: Enters wifigbk_ageOutHistory
05-01 13:17:22.626  3154  4558 D ConnectivityService: Returning BLOCKED NetworkInfo to uid=10060
05-01 13:17:39.241  2849  2963 E NetlinkEvent: NetlinkEvent::FindParam(): Parameter 'INTERFACE' not found
05-01 13:17:39.241  2849  2963 E NetlinkEvent: NetlinkEvent::FindParam(): Parameter 'STATE' not found
05-01 13:17:39.241  2849  2963 E NetlinkEvent: NetlinkEvent::FindParam(): Parameter 'TIME_NS' not found
05-01 13:17:39.241  2849  2963 E NetlinkEvent: NetlinkEvent::FindParam(): Parameter 'UID' not found
05-01 13:17:43.327  3154  3274 W ActivityManager: Stopping service due to app idle: u0a60 -1m28s86ms com.facebook.katana/com.facebook.rti.push.service.FbnsService
05-01 13:18:54.341  3154  4558 I BatteryService: Battery level = 88; status = 3
05-01 13:19:36.665  2849  2963 E NetlinkEvent: NetlinkEvent::FindParam(): Parameter 'INTERFACE' not found
05-01 13:19:36.665  2849  2963 E NetlinkEvent: NetlinkEvent::FindParam(): Parameter 'STATE' not found
05-01 13:19:36.665  2849  2963 E NetlinkEvent: NetlinkEvent::FindParam(): Parameter 'TIME_NS' not found
05-01 13:19:36.665  2849  2963 E NetlinkEvent: NetlinkEvent::FindParam(): Parameter 'UID' not found
05-01 13:19:40.504  3154  7198 D ConnectivityService: Returning BLOCKED NetworkInfo to uid=10029
05-01 13:20:01.947  2849  2963 E NetlinkEvent: NetlinkEvent::FindParam(): Parameter 'INTERFACE' not found
05-01 13:20:01.947  2849  2963 E NetlinkEvent: NetlinkEvent::FindParam(): Parameter 'STATE' not found
05-01 13:20:01.947  2849  2963 E NetlinkEvent: NetlinkEvent::FindParam(): Parameter 'TIME_NS' not found
05-01 13:20:01.947  2849  2963 E NetlinkEvent: NetlinkEvent::FindParam(): Parameter 'UID' not found
05-01 13:20:04.248  3154  3290 E BatteryExternalStatsWorker: no controller energy info supplied for bluetooth
05-01 13:20:12.356  3154  3196 I ActivityManager: Killing 31242:com.google.android.dialer/u0a21 (adj 904): empty #31
05-01 13:21:14.012  2849  2963 E NetlinkEvent: NetlinkEvent::FindParam(): Parameter 'INTERFACE' not found
05-01 13:21:14.012  2849  2963 E NetlinkEvent: NetlinkEvent::FindParam(): Parameter 'STATE' not found
05-01 13:21:14.012  2849  2963 E NetlinkEvent: NetlinkEvent::FindParam(): Parameter 'TIME_NS' not found
05-01 13:21:14.012  2849  2963 E NetlinkEvent: NetlinkEvent::FindParam(): Parameter 'UID' not found
05-01 13:22:29.141  3154  3869 I BatteryService: Battery level = 88; status = 3
05-01 13:23:18.187  2849  2963 E NetlinkEvent: NetlinkEvent::FindParam(): Parameter 'INTERFACE' not found
05-01 13:23:18.187  2849  2963 E NetlinkEvent: NetlinkEvent::FindParam(): Parameter 'STATE' not found
05-01 13:23:18.187  2849  2963 E NetlinkEvent: NetlinkEvent::FindParam(): Parameter 'TIME_NS' not found
05-01 13:23:18.187  2849  2963 E NetlinkEvent: NetlinkEvent::FindParam(): Parameter 'UID' not found
05-01 13:24:03.233  3154 12160 I BatteryService: Battery level = 88; status = 3
05-01 13:24:26.353  3154 12160 D ConnectivityService: Returning BLOCKED NetworkInfo to uid=10110
05-01 13:24:42.655  3154  3869 D ConnectivityService: ConnectivityService NetworkRequestInfo binderDied(NetworkRequest [ LISTEN id=4020, [ Capabilities: INTERNET&NOT_RESTRICTED&TRUSTED] ], android.os.BinderProxy@a43c89d)
05-01 13:24:42.656  3154  3196 I ActivityManager: Process com.android.vending (pid 2506) has died: cch  CEM 
05-01 13:24:42.656  3154  3196 W ActivityManager: Scheduling restart of crashed service com.android.vending/com.google.android.finsky.billing.iab.InAppBillingService in 1000ms
05-01 13:24:43.670  3154  3274 I ActivityManager: Start proc 4814:com.android.vending/u0a29 for service com.android.vending/com.google.android.finsky.billing.iab.InAppBillingService
05-01 13:24:43.957  2849  2963 E NetlinkEvent: NetlinkEvent::FindParam(): Parameter 'INTERFACE' not found
05-01 13:24:43.957  2849  2963 E NetlinkEvent: NetlinkEvent::FindParam(): Parameter 'STATE' not found
05-01 13:24:43.957  2849  2963 E NetlinkEvent: NetlinkEvent::FindParam(): Parameter 'TIME_NS' not found
05-01 13:24:43.957  2849  2963 E NetlinkEvent: NetlinkEvent::FindParam(): Parameter 'UID' not found
05-01 13:25:48.909  3154  3290 E BatteryExternalStatsWorker: no controller energy info supplied for bluetooth
05-01 13:25:49.404  3154  3290 I chatty  : uid=1000(system) batterystats-wo identical 8 lines
05-01 13:25:49.459  3154  3290 E BatteryExternalStatsWorker: no controller energy info supplied for bluetooth
05-01 13:25:59.059  3154 12160 I BatteryService: Battery level = 88; status = 3
05-01 13:26:18.403  2849  2963 E NetlinkEvent: NetlinkEvent::FindParam(): Parameter 'INTERFACE' not found
05-01 13:26:18.403  2849  2963 E NetlinkEvent: NetlinkEvent::FindParam(): Parameter 'STATE' not found
05-01 13:26:18.403  2849  2963 E NetlinkEvent: NetlinkEvent::FindParam(): Parameter 'TIME_NS' not found
05-01 13:26:18.403  2849  2963 E NetlinkEvent: NetlinkEvent::FindParam(): Parameter 'UID' not found
05-01 13:26:20.677  3154  3869 D ConnectivityService: Returning UNBLOCKED NetworkInfo to uid=10061
05-01 13:26:20.702 30226  5000 E ActivityThread: Failed to find provider info for com.facebook.mlite.sso.MessengerLoggedInUserProvider
05-01 13:26:35.354 30226  5020 E ActivityThread: Failed to find provider info for com.facebook.mlite.sso.MessengerLoggedInUserProvider
05-01 13:27:11.714  2849  2963 E NetlinkEvent: NetlinkEvent::FindParam(): Parameter 'INTERFACE' not found
05-01 13:27:11.714  2849  2963 E NetlinkEvent: NetlinkEvent::FindParam(): Parameter 'STATE' not found
05-01 13:27:11.714  2849  2963 E NetlinkEvent: NetlinkEvent::FindParam(): Parameter 'TIME_NS' not found
05-01 13:27:11.714  2849  2963 E NetlinkEvent: NetlinkEvent::FindParam(): Parameter 'UID' not found
05-01 13:27:13.731  2855  2855 I wificond: Enters wifigbk_ageOutHistory
05-01 13:27:13.731  2855  2855 I wificond: Enters wifigbk_ageOutHistory
05-01 13:27:21.930  3154 14135 D ConnectivityService: Returning UNBLOCKED NetworkInfo to uid=10060
05-01 13:27:35.397  3154  7198 D ConnectivityService: Returning BLOCKED NetworkInfo to uid=10061
05-01 13:27:36.928  3154  3274 I ActivityManager: Waited long enough for: ServiceRecord{be740bb u0 com.facebook.katana/com.facebook.rti.push.service.FbnsService}
05-01 13:27:55.361  3154  3274 W ActivityManager: Stopping service due to app idle: u0a61 -1h33m5s152ms com.facebook.orca/com.facebook.mqttlite.MqttService
05-01 13:28:47.539  3154 12160 I BatteryService: Battery level = 88; status = 3
05-01 13:28:57.423  3154  3274 W ActivityManager: Stopping service due to app idle: u0a60 -1m35s501ms com.facebook.katana/com.facebook.rti.push.service.FbnsService
05-01 13:28:57.423  3154  3274 W ActivityManager: Stopping service due to app idle: u0a60 -1m35s491ms com.facebook.katana/com.facebook.mqttlite.MqttService
05-01 13:28:57.426  3154  7198 D ConnectivityService: Returning BLOCKED NetworkInfo to uid=10060
05-01 13:29:44.095  2849  2963 E NetlinkEvent: NetlinkEvent::FindParam(): Parameter 'INTERFACE' not found
05-01 13:29:44.095  2849  2963 E NetlinkEvent: NetlinkEvent::FindParam(): Parameter 'STATE' not found
05-01 13:29:44.095  2849  2963 E NetlinkEvent: NetlinkEvent::FindParam(): Parameter 'TIME_NS' not found
05-01 13:29:44.095  2849  2963 E NetlinkEvent: NetlinkEvent::FindParam(): Parameter 'UID' not found
05-01 13:30:59.219  3154 12160 I BatteryService: Battery level = 88; status = 3
05-01 13:31:14.919  2849  2963 E NetlinkEvent: NetlinkEvent::FindParam(): Parameter 'INTERFACE' not found
05-01 13:31:14.919  2849  2963 E NetlinkEvent: NetlinkEvent::FindParam(): Parameter 'STATE' not found
05-01 13:31:14.919  2849  2963 E NetlinkEvent: NetlinkEvent::FindParam(): Parameter 'TIME_NS' not found
05-01 13:31:14.919  2849  2963 E NetlinkEvent: NetlinkEvent::FindParam(): Parameter 'UID' not found
05-01 13:32:13.664  2849  2963 E NetlinkEvent: NetlinkEvent::FindParam(): Parameter 'INTERFACE' not found
05-01 13:32:13.664  2849  2963 E NetlinkEvent: NetlinkEvent::FindParam(): Parameter 'STATE' not found
05-01 13:32:13.664  2849  2963 E NetlinkEvent: NetlinkEvent::FindParam(): Parameter 'TIME_NS' not found
05-01 13:32:13.664  2849  2963 E NetlinkEvent: NetlinkEvent::FindParam(): Parameter 'UID' not found
05-01 13:32:31.080  3154  3273 I UsageStatsService: User[0] Flushing usage stats to disk
05-01 13:32:50.897  2849  2963 E NetlinkEvent: NetlinkEvent::FindParam(): Parameter 'INTERFACE' not found
05-01 13:32:50.897  2849  2963 E NetlinkEvent: NetlinkEvent::FindParam(): Parameter 'STATE' not found
05-01 13:32:50.897  2849  2963 E NetlinkEvent: NetlinkEvent::FindParam(): Parameter 'TIME_NS' not found
05-01 13:32:50.897  2849  2963 E NetlinkEvent: NetlinkEvent::FindParam(): Parameter 'UID' not found
05-01 13:32:56.769  3154  3614 D NetworkStats: Resolving plan for NetworkTemplate: matchRule=MOBILE_ALL, subscriberId=466924..., matchSubscriberIds=[466924...]
05-01 13:32:56.770  3154  3614 D NetworkStats: Found active matching subId 1
05-01 13:32:56.776  3154  3614 D NetworkStats: Resolved to plan null
05-01 13:32:56.788  3154  7198 W ActivityManager: Background start not allowed: service Intent { cmp=com.google.android.apps.messaging/.shared.datamodel.action.execution.ActionExecutorImpl$EmptyService (has extras) } to com.google.android.apps.messaging/.shared.datamodel.action.execution.ActionExecutorImpl$EmptyService from pid=25663 uid=10074 pkg=com.google.android.apps.messaging
05-01 13:32:56.789  4236  4236 E ActivityThread: Service com.firebase.jobdispatcher.GooglePlayReceiver has leaked ServiceConnection com.firebase.jobdispatcher.JobServiceConnection@93dba3f that was originally bound here
05-01 13:32:56.789  4236  4236 E ActivityThread: android.app.ServiceConnectionLeaked: Service com.firebase.jobdispatcher.GooglePlayReceiver has leaked ServiceConnection com.firebase.jobdispatcher.JobServiceConnection@93dba3f that was originally bound here
05-01 13:32:56.789  4236  4236 E ActivityThread: 	at android.app.LoadedApk$ServiceDispatcher.<init>(LoadedApk.java:1532)
05-01 13:32:56.789  4236  4236 E ActivityThread: 	at android.app.LoadedApk.getServiceDispatcher(LoadedApk.java:1424)
05-01 13:32:56.789  4236  4236 E ActivityThread: 	at android.app.ContextImpl.bindServiceCommon(ContextImpl.java:1605)
05-01 13:32:56.789  4236  4236 E ActivityThread: 	at android.app.ContextImpl.bindService(ContextImpl.java:1557)
05-01 13:32:56.789  4236  4236 E ActivityThread: 	at android.content.ContextWrapper.bindService(ContextWrapper.java:684)
05-01 13:32:56.789  4236  4236 E ActivityThread: 	at com.firebase.jobdispatcher.ExecutionDelegator.executeJob(ExecutionDelegator.java:110)
05-01 13:32:56.789  4236  4236 E ActivityThread: 	at com.firebase.jobdispatcher.GooglePlayMessageHandler.handleStartMessage(GooglePlayMessageHandler.java:98)
05-01 13:32:56.789  4236  4236 E ActivityThread: 	at com.firebase.jobdispatcher.GooglePlayMessageHandler.handleMessage(GooglePlayMessageHandler.java:67)
05-01 13:32:56.789  4236  4236 E ActivityThread: 	at android.os.Handler.dispatchMessage(Handler.java:106)
05-01 13:32:56.789  4236  4236 E ActivityThread: 	at android.os.Looper.loop(Looper.java:164)
05-01 13:32:56.789  4236  4236 E ActivityThread: 	at android.app.ActivityThread.main(ActivityThread.java:6518)
05-01 13:32:56.789  4236  4236 E ActivityThread: 	at java.lang.reflect.Method.invoke(Native Method)
05-01 13:32:56.789  4236  4236 E ActivityThread: 	at com.android.internal.os.RuntimeInit$MethodAndArgsCaller.run(RuntimeInit.java:438)
05-01 13:32:56.789  4236  4236 E ActivityThread: 	at com.android.internal.os.ZygoteInit.main(ZygoteInit.java:807)
05-01 13:32:56.796  3154  3869 D ConnectivityService: Returning UNBLOCKED NetworkInfo to uid=10110
05-01 13:32:56.802  3154  3196 D ConnectivityService: Returning UNBLOCKED NetworkInfo to uid=10029
05-01 13:32:56.909  3154  3274 W BroadcastQueue: Background execution not allowed: receiving Intent { act=android.intent.action.DROPBOX_ENTRY_ADDED flg=0x10 (has extras) } to com.google.android.gms/.stats.service.DropBoxEntryAddedReceiver
05-01 13:32:56.909  3154  3274 W BroadcastQueue: Background execution not allowed: receiving Intent { act=android.intent.action.DROPBOX_ENTRY_ADDED flg=0x10 (has extras) } to com.google.android.gms/.chimera.GmsIntentOperationService$PersistentTrustedReceiver
05-01 13:32:57.074  3154 14135 W BroadcastQueue: Background execution not allowed: receiving Intent { act=android.intent.action.DROPBOX_ENTRY_ADDED flg=0x10 (has extras) } to com.google.android.gms/.stats.service.DropBoxEntryAddedReceiver
05-01 13:32:57.074  3154  3274 W BroadcastQueue: Background execution not allowed: receiving Intent { act=android.intent.action.DROPBOX_ENTRY_ADDED flg=0x10 (has extras) } to com.google.android.gms/.chimera.GmsIntentOperationService$PersistentTrustedReceiver
05-01 13:32:58.501  3154  3196 D ConnectivityService: Returning UNBLOCKED NetworkInfo to uid=10108
05-01 13:33:01.846  3154 14135 D ConnectivityService: Returning BLOCKED NetworkInfo to uid=10110
05-01 13:33:28.552  3154  3196 D ConnectivityService: Returning BLOCKED NetworkInfo to uid=10108
05-01 13:33:56.848  3154  3196 I ActivityManager: Killing 31555:com.android.chrome:webview_service/u0a55 (adj 906): empty #31
05-01 13:34:03.232  3154  3196 I BatteryService: Battery level = 88; status = 3
05-01 13:35:03.295  3154 12160 I BatteryService: Battery level = 88; status = 3
05-01 13:36:03.358  3154 14135 I BatteryService: Battery level = 88; status = 3
05-01 13:36:16.808  3154  3274 W ActivityManager: Timeout executing service: ServiceRecord{27031e3 u0 com.nianticlabs.pokemongo/com.nianticlabs.background.fitness.FitnessJobService}
05-01 13:36:17.043  3154  3274 E ActivityManager: ANR in com.nianticlabs.pokemongo:fitness
05-01 13:36:17.043  3154  3274 E ActivityManager: PID: 4278
05-01 13:36:17.043  3154  3274 E ActivityManager: Reason: executing service com.nianticlabs.pokemongo/com.nianticlabs.background.fitness.FitnessJobService
05-01 13:36:17.043  3154  3274 E ActivityManager: Load: 0.0 / 0.0 / 0.0
05-01 13:36:17.043  3154  3274 E ActivityManager: CPU usage from 53949ms to 0ms ago (2019-05-01 13:35:22.869 to 2019-05-01 13:36:16.818):
05-01 13:36:17.043  3154  3274 E ActivityManager:   5.5% 26631/kworker/u16:11: 0% user + 5.5% kernel
05-01 13:36:17.043  3154  3274 E ActivityManager:   4.7% 30030/kworker/u16:10: 0% user + 4.7% kernel
05-01 13:36:17.043  3154  3274 E ActivityManager:   2% 30891/kworker/u16:12: 0% user + 2% kernel
05-01 13:36:17.043  3154  3274 E ActivityManager:   0.2% 79/smem_native_rpm: 0% user + 0.2% kernel
05-01 13:36:17.043  3154  3274 E ActivityManager:   0.2% 3154/system_server: 0.1% user + 0% kernel / faults: 16 minor 2 major
05-01 13:36:17.043  3154  3274 E ActivityManager:   0.2% 32552/jp.naver.line.android: 0.1% user + 0% kernel / faults: 14 minor
05-01 13:36:17.043  3154  3274 E ActivityManager:   0.1% 435/mmc-cmdqd/0: 0% user + 0.1% kernel
05-01 13:36:17.043  3154  3274 E ActivityManager:   0.1% 3/ksoftirqd/0: 0% user + 0.1% kernel
05-01 13:36:17.043  3154  3274 E ActivityManager:   0.1% 2779/thermal-engine: 0% user + 0.1% kernel
05-01 13:36:17.043  3154  3274 E ActivityManager:   0.1% 576/logd: 0% user + 0% kernel
05-01 13:36:17.043  3154  3274 E ActivityManager:   0% 31191/kworker/4:2: 0% user + 0% kernel
05-01 13:36:17.043  3154  3274 E ActivityManager:   0% 15/ksoftirqd/1: 0% user + 0% kernel
05-01 13:36:17.043  3154  3274 E ActivityManager:   0% 6696/msm_irqbalance: 0% user + 0% kernel
05-01 13:36:17.043  3154  3274 E ActivityManager:   0% 20647/com.tencent.mm: 0% user + 0% kernel / faults: 16 minor
05-01 13:36:17.043  3154  3274 E ActivityManager:   0% 7/rcu_preempt: 0% user + 0% kernel
05-01 13:36:17.043  3154  3274 E ActivityManager:   0% 12400/com.google.android.apps.handwriting.ime: 0% user + 0% kernel
05-01 13:36:17.043  3154  3274 E ActivityManager:   0% 10/rcuop/0: 0% user + 0% kernel
05-01 13:36:17.043  3154  3274 E ActivityManager:   0% 22/ksoftirqd/2: 0% user + 0% kernel
05-01 13:36:17.043  3154  3274 E ActivityManager:   0% 36/ksoftirqd/4: 0% user + 0% kernel
05-01 13:36:17.043  3154  3274 E ActivityManager:   0% 39/rcuop/4: 0% user + 0% kernel
05-01 13:36:17.043  3154  3274 E ActivityManager:   0% 43/ksoftirqd/5: 0% user + 0% kernel
05-01 13:36:17.043  3154  3274 E ActivityManager:   0% 72/msm_watchdog: 0% user + 0% kernel
05-01 13:36:17.043  3154  3274 E ActivityManager:   0% 429/cfinteractive: 0% user + 0% kernel
05-01 13:36:17.043  3154  3274 E ActivityManager:   0% 732/android.hardware.sensors@1.0-service: 0% user + 0% kernel
05-01 13:36:17.043  3154  3274 E ActivityManager:   0% 747/healthd: 0% user + 0% kernel
05-01 13:36:17.043  3154  3274 E ActivityManager:   0% 2770/jbd2/dm-0-8: 0% user + 0% kernel
05-01 13:36:17.043  3154  3274 E ActivityManager:   0% 3752/com.android.systemui: 0% user + 0% kernel / faults: 8 minor
05-01 13:36:17.043  3154  3274 E ActivityManager:   0% 5347/kworker/5:2: 0% user + 0% kernel
05-01 13:36:17.043  3154  3274 E ActivityManager:   0% 10074/com.google.android.googlequicksearchbox:search: 0% user + 0% kernel
05-01 13:36:17.043  3154  3274 E ActivityManager:   0% 20225/com.google.android.ims: 0% user + 0% kernel / faults: 9 minor 4 major
05-01 13:36:17.043  3154  3274 E ActivityManager:   0% 20483/kworker/0:1: 0% user + 0% kernel
05-01 13:36:17.043  3154  3274 E ActivityManager:   0% 30114/com.facebook.katana: 0% user + 0% kernel / faults: 3 minor
05-01 13:36:17.043  3154  3274 E ActivityManager:   0% 30226/com.facebook.orca: 0% user + 0% kernel / faults: 19 minor
05-01 13:36:17.043  3154  3274 E ActivityManager: 1.4% TOTAL: 0% user + 1.2% kernel + 0% iowait + 0% irq + 0% softirq
