05-01 13:36:17.043  3154  3274 E ActivityManager: CPU usage from 677783663ms to 677783663ms ago (1970-01-01 08:00:00.000 to 1970-01-01 08:00:00.000) with 0% awake:
05-01 13:36:17.043  3154  3274 E ActivityManager: 0% TOTAL: 0% user + 0% kernel
05-01 13:36:17.045  3154  3274 I ActivityManager: Killing 4278:com.nianticlabs.pokemongo:fitness/u0a109 (adj 0): bg anr
05-01 13:36:17.059  3154  3274 W BroadcastQueue: Background execution not allowed: receiving Intent { act=android.intent.action.DROPBOX_ENTRY_ADDED flg=0x10 (has extras) } to com.google.android.gms/.stats.service.DropBoxEntryAddedReceiver
05-01 13:36:17.060  3154  3274 W BroadcastQueue: Background execution not allowed: receiving Intent { act=android.intent.action.DROPBOX_ENTRY_ADDED flg=0x10 (has extras) } to com.google.android.gms/.chimera.GmsIntentOperationService$PersistentTrustedReceiver
05-01 13:37:19.049  2855  2855 I wificond: Enters wifigbk_ageOutHistory
05-01 13:37:19.049  2855  2855 I wificond: Enters wifigbk_ageOutHistory
05-01 13:41:11.404  2849  2963 E NetlinkEvent: NetlinkEvent::FindParam(): Parameter 'INTERFACE' not found
05-01 13:41:11.404  2849  2963 E NetlinkEvent: NetlinkEvent::FindParam(): Parameter 'STATE' not found
05-01 13:41:11.404  2849  2963 E NetlinkEvent: NetlinkEvent::FindParam(): Parameter 'TIME_NS' not found
05-01 13:41:11.404  2849  2963 E NetlinkEvent: NetlinkEvent::FindParam(): Parameter 'UID' not found
05-01 13:41:12.399  3154  3274 I ActivityManager: Start proc 5420:jp.co.ponos.battlecatstw:remote/u0a105 for broadcast jp.co.ponos.battlecatstw/jp.co.ponos.battlecats.NotificationPublisher
05-01 13:41:12.551  3154  7198 E NotificationService: Suppressing notification from package by user request.
05-01 13:44:03.603  3154  7198 I BatteryService: Battery level = 88; status = 3
05-01 13:45:13.366  2849  2963 E NetlinkEvent: NetlinkEvent::FindParam(): Parameter 'INTERFACE' not found
05-01 13:45:13.366  2849  2963 E NetlinkEvent: NetlinkEvent::FindParam(): Parameter 'STATE' not found
05-01 13:45:13.366  2849  2963 E NetlinkEvent: NetlinkEvent::FindParam(): Parameter 'TIME_NS' not found
05-01 13:45:13.366  2849  2963 E NetlinkEvent: NetlinkEvent::FindParam(): Parameter 'UID' not found
05-01 13:45:35.137  2849  2963 E NetlinkEvent: NetlinkEvent::FindParam(): Parameter 'INTERFACE' not found
05-01 13:45:35.137  2849  2963 E NetlinkEvent: NetlinkEvent::FindParam(): Parameter 'STATE' not found
05-01 13:45:35.137  2849  2963 E NetlinkEvent: NetlinkEvent::FindParam(): Parameter 'TIME_NS' not found
05-01 13:45:35.137  2849  2963 E NetlinkEvent: NetlinkEvent::FindParam(): Parameter 'UID' not found
05-01 13:45:55.617  2849  2963 E NetlinkEvent: NetlinkEvent::FindParam(): Parameter 'INTERFACE' not found
05-01 13:45:55.617  2849  2963 E NetlinkEvent: NetlinkEvent::FindParam(): Parameter 'STATE' not found
05-01 13:45:55.617  2849  2963 E NetlinkEvent: NetlinkEvent::FindParam(): Parameter 'TIME_NS' not found
05-01 13:45:55.617  2849  2963 E NetlinkEvent: NetlinkEvent::FindParam(): Parameter 'UID' not found
05-01 13:46:13.489  2849  2963 E NetlinkEvent: NetlinkEvent::FindParam(): Parameter 'INTERFACE' not found
05-01 13:46:13.489  2849  2963 E NetlinkEvent: NetlinkEvent::FindParam(): Parameter 'STATE' not found
05-01 13:46:13.489  2849  2963 E NetlinkEvent: NetlinkEvent::FindParam(): Parameter 'TIME_NS' not found
05-01 13:46:13.489  2849  2963 E NetlinkEvent: NetlinkEvent::FindParam(): Parameter 'UID' not found
05-01 13:46:15.160  3154 10229 I ActivityManager: Killing 964:com.instagram.android:videoplayer/u0a70 (adj 906): empty #31
05-01 13:46:15.189  3154  7198 W ActivityManager: Scheduling restart of crashed service com.instagram.android/com.facebook.video.heroplayer.service.HeroService in 1000ms
05-01 13:46:15.204  3154  3196 I ActivityManager: Start proc 5540:com.instagram.android:videoplayer/u0a70 for service com.instagram.android/com.facebook.video.heroplayer.service.HeroService
05-01 13:46:15.605  3154  3196 I ActivityManager: Killing 874:com.instagram.android/u0a70 (adj 904): empty #31
05-01 13:46:41.678  2849  2963 E NetlinkEvent: NetlinkEvent::FindParam(): Parameter 'INTERFACE' not found
05-01 13:46:41.678  2849  2963 E NetlinkEvent: NetlinkEvent::FindParam(): Parameter 'STATE' not found
05-01 13:46:41.678  2849  2963 E NetlinkEvent: NetlinkEvent::FindParam(): Parameter 'TIME_NS' not found
05-01 13:46:41.678  2849  2963 E NetlinkEvent: NetlinkEvent::FindParam(): Parameter 'UID' not found
05-01 13:48:02.200  3154  3195 D ConnectivityService: Returning UNBLOCKED NetworkInfo to uid=10108
05-01 13:48:02.288  4236  4236 E AndroidRuntime: FATAL EXCEPTION: main
05-01 13:48:02.288  4236  4236 E AndroidRuntime: Process: com.nianticlabs.pokemongo, PID: 4236
05-01 13:48:02.288  4236  4236 E AndroidRuntime: java.lang.NullPointerException: Attempt to invoke interface method 'void com.firebase.jobdispatcher.IRemoteJobService.start(android.os.Bundle, com.firebase.jobdispatcher.IJobCallback)' on a null object reference
05-01 13:48:02.288  4236  4236 E AndroidRuntime: 	at com.firebase.jobdispatcher.JobServiceConnection.startJob(JobServiceConnection.java:161)
05-01 13:48:02.288  4236  4236 E AndroidRuntime: 	at com.firebase.jobdispatcher.ExecutionDelegator.executeJob(ExecutionDelegator.java:108)
05-01 13:48:02.288  4236  4236 E AndroidRuntime: 	at com.firebase.jobdispatcher.GooglePlayMessageHandler.handleStartMessage(GooglePlayMessageHandler.java:98)
05-01 13:48:02.288  4236  4236 E AndroidRuntime: 	at com.firebase.jobdispatcher.GooglePlayMessageHandler.handleMessage(GooglePlayMessageHandler.java:67)
05-01 13:48:02.288  4236  4236 E AndroidRuntime: 	at android.os.Handler.dispatchMessage(Handler.java:106)
05-01 13:48:02.288  4236  4236 E AndroidRuntime: 	at android.os.Looper.loop(Looper.java:164)
05-01 13:48:02.288  4236  4236 E AndroidRuntime: 	at android.app.ActivityThread.main(ActivityThread.java:6518)
05-01 13:48:02.288  4236  4236 E AndroidRuntime: 	at java.lang.reflect.Method.invoke(Native Method)
05-01 13:48:02.288  4236  4236 E AndroidRuntime: 	at com.android.internal.os.RuntimeInit$MethodAndArgsCaller.run(RuntimeInit.java:438)
05-01 13:48:02.288  4236  4236 E AndroidRuntime: 	at com.android.internal.os.ZygoteInit.main(ZygoteInit.java:807)
05-01 13:48:02.307  3154  7198 I ActivityManager: Process com.nianticlabs.pokemongo (pid 4236) has died: vis  TRNB
05-01 13:48:02.308  3154  7198 W ActivityManager: Scheduling restart of crashed service com.nianticlabs.pokemongo/com.firebase.jobdispatcher.GooglePlayReceiver in 1000ms
05-01 13:48:02.441  2849  2963 E NetlinkEvent: NetlinkEvent::FindParam(): Parameter 'INTERFACE' not found
05-01 13:48:02.441  2849  2963 E NetlinkEvent: NetlinkEvent::FindParam(): Parameter 'STATE' not found
05-01 13:48:02.441  2849  2963 E NetlinkEvent: NetlinkEvent::FindParam(): Parameter 'TIME_NS' not found
05-01 13:48:02.441  2849  2963 E NetlinkEvent: NetlinkEvent::FindParam(): Parameter 'UID' not found
05-01 13:48:02.586  2855  2855 I wificond: Enters wifigbk_ageOutHistory
05-01 13:48:02.586  2855  2855 I wificond: Enters wifigbk_ageOutHistory
05-01 13:48:03.422  3154  3274 W ProcessCpuTracker: Skipping unknown process pid 5653
05-01 13:48:05.105  3154  3588 I PowerManagerService: Waking up from sleep (uid=1000 reason=android.policy:POWER)...
05-01 13:48:05.113  3154  7198 I BatteryService: Battery level = 88; status = 3
05-01 13:48:05.115  3154  3392 I DisplayPowerController: Blocking screen on until initial contents have been drawn.
05-01 13:48:05.126  3154  3385 I DisplayManagerService: Display device changed state: "", ON
05-01 13:48:05.132  3154  3196 W ActivityManager: Background start not allowed: service Intent { act=Orca.PERSISTENT_KICK_SKIP_PING cmp=com.facebook.orca/com.facebook.mqttlite.MqttService (has extras) } to com.facebook.orca/com.facebook.mqttlite.MqttService from pid=30226 uid=10061 pkg=com.facebook.orca
05-01 13:48:05.184  3154  3392 I DisplayPowerController: Unblocked screen on after 69 ms
05-01 13:48:05.318  3154  3392 W PowerManagerService: Screen on took 218 ms
05-01 13:48:10.963  3154  3392 D PowerManagerService: handleMessage MSG_SCREEN_SMART_READING_TIMEOUT
05-01 13:48:10.964  3154  3392 D PowerManagerService: MSG_SCREEN_SMART_READING_TIMEOUT send smart reading broadcast mSRSetting = 0
05-01 13:48:11.780  3154  3195 W BroadcastQueue: Background execution not allowed: receiving Intent { act=android.intent.action.DROPBOX_ENTRY_ADDED flg=0x10 (has extras) } to com.google.android.gms/.stats.service.DropBoxEntryAddedReceiver
05-01 13:48:11.781  3154  3274 W BroadcastQueue: Background execution not allowed: receiving Intent { act=android.intent.action.DROPBOX_ENTRY_ADDED flg=0x10 (has extras) } to com.google.android.gms/.chimera.GmsIntentOperationService$PersistentTrustedReceiver
05-01 13:48:14.462  3154  3392 D PowerManagerService: handleMessage MSG_USER_ACTIVITY_TIMEOUT
05-01 13:48:15.485  3154  3196 I BatteryService: Battery level = 88; status = 3
05-01 13:48:16.460  3154  3392 D PowerManagerService: handleMessage MSG_USER_ACTIVITY_TIMEOUT
05-01 13:48:16.460  3154  3392 I PowerManagerService: Going to sleep due to screen timeout (uid 1000)...
05-01 13:48:16.723  3154  3392 I DisplayPowerController: Blocking screen off
05-01 13:48:16.724  3154  3392 I DisplayPowerController: Unblocked screen off after 0 ms
05-01 13:48:16.731  3154  7198 I BatteryService: Battery level = 88; status = 3
05-01 13:48:16.742  3154  3385 I DisplayManagerService: Display device changed state: "", OFF
05-01 13:48:16.973  3154  3392 I PowerManagerService: Sleeping (uid 1000)...
05-01 13:50:42.472  2849  2963 E NetlinkEvent: NetlinkEvent::FindParam(): Parameter 'INTERFACE' not found
05-01 13:50:42.472  2849  2963 E NetlinkEvent: NetlinkEvent::FindParam(): Parameter 'STATE' not found
05-01 13:50:42.472  2849  2963 E NetlinkEvent: NetlinkEvent::FindParam(): Parameter 'TIME_NS' not found
05-01 13:50:42.472  2849  2963 E NetlinkEvent: NetlinkEvent::FindParam(): Parameter 'UID' not found
05-01 13:51:17.789  3154 10229 D ConnectivityService: Returning BLOCKED NetworkInfo to uid=10108
05-01 13:51:17.852  2849  2963 E NetlinkEvent: NetlinkEvent::FindParam(): Parameter 'INTERFACE' not found
05-01 13:51:17.852  2849  2963 E NetlinkEvent: NetlinkEvent::FindParam(): Parameter 'STATE' not found
05-01 13:51:17.852  2849  2963 E NetlinkEvent: NetlinkEvent::FindParam(): Parameter 'TIME_NS' not found
05-01 13:51:17.852  2849  2963 E NetlinkEvent: NetlinkEvent::FindParam(): Parameter 'UID' not found
05-01 13:51:22.367  3154  3154 V FingerprintService: onAuthenticated(owner=com.android.systemui, id=24497547, gp=0)
05-01 13:51:22.368  3154  3154 V FingerprintService: Done with client: com.android.systemui
05-01 13:51:22.378  3154  4558 I PowerManagerService: Waking up from sleep (uid=10038 reason=android.policy:FINGERPRINT)...
05-01 13:51:22.389  3154  3392 I DisplayPowerController: Blocking screen on until initial contents have been drawn.
05-01 13:51:22.393  3154 14135 I BatteryService: Battery level = 87; status = 3
05-01 13:51:22.397  3752  3752 V KeyguardDisplayManager: hide
05-01 13:51:22.411  3154  3290 E BatteryExternalStatsWorker: no controller energy info supplied for bluetooth
05-01 13:51:22.429  3154 14173 W ActivityManager: Background start not allowed: service Intent { act=Orca.PERSISTENT_KICK_SKIP_PING cmp=com.facebook.orca/com.facebook.mqttlite.MqttService (has extras) } to com.facebook.orca/com.facebook.mqttlite.MqttService from pid=30226 uid=10061 pkg=com.facebook.orca
05-01 13:51:22.431  3154  3385 I DisplayManagerService: Display device changed state: "", ON
05-01 13:51:22.435  3154  3274 W ProcessCpuTracker: Skipping unknown process pid 5766
05-01 13:51:22.452  3154  3274 W BroadcastQueue: Background execution not allowed: receiving Intent { act=android.intent.action.USER_PRESENT flg=0x24200010 } to com.facebook.katana/com.facebook.rti.orca.FbnsLiteBroadcastReceiver
05-01 13:51:22.452  3154  3274 W BroadcastQueue: Background execution not allowed: receiving Intent { act=android.intent.action.USER_PRESENT flg=0x24200010 } to com.google.android.gms/.auth.setup.devicesignals.LockScreenReceiver
05-01 13:51:22.452  3154  3274 W BroadcastQueue: Background execution not allowed: receiving Intent { act=android.intent.action.USER_PRESENT flg=0x24200010 } to com.google.android.gms/.trustagent.UserPresentBroadcastReceiver
05-01 13:51:22.452  3154  3274 W BroadcastQueue: Background execution not allowed: receiving Intent { act=android.intent.action.USER_PRESENT flg=0x24200010 } to com.google.android.gms/.chimera.GmsIntentOperationService$PersistentTrustedReceiver
05-01 13:51:22.452  3154  3274 W BroadcastQueue: Background execution not allowed: receiving Intent { act=android.intent.action.USER_PRESENT flg=0x24200010 } to com.instagram.android/com.instagram.push.fbns.FbnsInitBroadcastReceiver
05-01 13:51:22.452  3154  3274 W BroadcastQueue: Background execution not allowed: receiving Intent { act=android.intent.action.USER_PRESENT flg=0x24200010 } to com.askey.taipeinavi/com.openlife.checkme.beaconservice.BeaconReceiver
05-01 13:51:22.460  3154 12160 W ActivityManager: Background start not allowed: service Intent { act=Orca.START cmp=com.facebook.katana/com.facebook.rti.push.service.FbnsService (has extras) } to com.facebook.katana/com.facebook.rti.push.service.FbnsService from pid=30114 uid=10060 pkg=com.facebook.katana
05-01 13:51:22.486  2849  2963 E NetlinkEvent: NetlinkEvent::FindParam(): Parameter 'INTERFACE' not found
05-01 13:51:22.486  2849  2963 E NetlinkEvent: NetlinkEvent::FindParam(): Parameter 'STATE' not found
05-01 13:51:22.486  2849  2963 E NetlinkEvent: NetlinkEvent::FindParam(): Parameter 'TIME_NS' not found
05-01 13:51:22.486  2849  2963 E NetlinkEvent: NetlinkEvent::FindParam(): Parameter 'UID' not found
05-01 13:51:22.513  3154  3392 I DisplayPowerController: Unblocked screen on after 123 ms
05-01 13:51:22.885  3154  8180 D BluetoothManagerService: Registered for death of com.google.android.gms
05-01 13:51:22.886  3154  8180 D BluetoothManagerService: 1 registered Ble Apps
05-01 13:51:22.887  3154  8180 D BluetoothManagerService: enable(com.google.android.gms):  mBluetooth =null mBinding = false mState = OFF
05-01 13:51:22.887  3154  8180 D BluetoothManagerService: enable returning
05-01 13:51:22.887  3154  3377 D BluetoothManagerService: MESSAGE_ENABLE(0): mBluetooth = null
05-01 13:51:22.898  3154  3377 I ActivityManager: Start proc 5803:com.android.bluetooth/1002 for service com.android.bluetooth/.btservice.AdapterService
05-01 13:51:23.011  3154  3154 D BluetoothManagerService: Bluetooth Adapter name changed to ASUS_X01BDA
05-01 13:51:23.011  3154  3154 D BluetoothManagerService: Stored Bluetooth name: ASUS_X01BDA
05-01 13:51:23.013  2855  2855 I wificond: Enters wifigbk_ageOutHistory
05-01 13:51:23.014  2855  2855 I wificond: Enters wifigbk_ageOutHistory
05-01 13:51:23.032  3154  3154 D BluetoothManagerService: BluetoothServiceConnection: com.android.bluetooth.btservice.AdapterService
05-01 13:51:23.032  3154  3377 D BluetoothManagerService: MESSAGE_BLUETOOTH_SERVICE_CONNECTED: 1
05-01 13:51:23.034  3154  3377 D BluetoothManagerService: Broadcasting onBluetoothServiceUp() to 14 receivers.
05-01 13:51:23.041  3154  3377 D BluetoothManagerService: MESSAGE_BLUETOOTH_STATE_CHANGE: OFF > BLE_TURNING_ON
05-01 13:51:23.041  3154  3377 D BluetoothManagerService: Sending BLE State Change: OFF > BLE_TURNING_ON
05-01 13:51:24.226  3154  3154 D BluetoothManagerService: Bluetooth Adapter address changed to 40:B0:76:B2:24:E9
05-01 13:51:24.227  3154  3154 D BluetoothManagerService: Stored Bluetoothaddress: 40:B0:76:B2:24:E9
05-01 13:51:24.227  3154  3154 D BluetoothManagerService: Bluetooth Adapter name changed to ASUS_X01BDA
05-01 13:51:24.227  3154  3154 D BluetoothManagerService: Stored Bluetooth name: ASUS_X01BDA
05-01 13:51:24.234  3154  3377 D BluetoothManagerService: MESSAGE_BLUETOOTH_STATE_CHANGE: BLE_TURNING_ON > BLE_ON
05-01 13:51:24.234  3154  3377 D BluetoothManagerService: Bluetooth is in LE only mode
05-01 13:51:24.234  3154  3377 D BluetoothManagerService: Binding Bluetooth GATT service
05-01 13:51:24.235  3154  3377 D BluetoothManagerService: Sending BLE State Change: BLE_TURNING_ON > BLE_ON
05-01 13:51:24.238  3154  3154 D BluetoothManagerService: BluetoothServiceConnection: com.android.bluetooth.gatt.GattService
05-01 13:51:24.238  3154  3377 D BluetoothManagerService: MESSAGE_BLUETOOTH_SERVICE_CONNECTED: 2
05-01 13:51:24.238  3154  3377 D BluetoothManagerService: BluetoothGatt Service is Up
05-01 13:51:26.746  3154  7198 I ActivityManager: START u0 {act=com.facebook.orca.notify.SECURE_VIEW dat=fb-messenger://user/100002635891720 flg=0x14000000 pkg=com.facebook.orca cmp=com.facebook.orca/com.facebook.messenger.intents.SecureIntentHandlerActivity (has extras)} from uid 10061
05-01 13:51:26.845  3154  7198 I ActivityManager: START u0 {flg=0x4000000 cmp=com.facebook.orca/com.facebook.messenger.neue.MainActivity (has extras)} from uid 10061
05-01 13:51:26.888  3154 14173 D ConnectivityService: Returning UNBLOCKED NetworkInfo to uid=10061
05-01 13:51:27.643  2849  2963 E NetlinkEvent: NetlinkEvent::FindParam(): Parameter 'INTERFACE' not found
05-01 13:51:27.643  2849  2963 E NetlinkEvent: NetlinkEvent::FindParam(): Parameter 'STATE' not found
05-01 13:51:27.643  2849  2963 E NetlinkEvent: NetlinkEvent::FindParam(): Parameter 'TIME_NS' not found
05-01 13:51:27.643  2849  2963 E NetlinkEvent: NetlinkEvent::FindParam(): Parameter 'UID' not found
05-01 13:51:28.117  3154 14135 I ActivityManager: Start proc 5898:com.android.chrome:sandboxed_process0/u0i592 for webview_service com.facebook.orca/org.chromium.content.app.SandboxedProcessService0
05-01 13:51:28.284  3154 14135 I ActivityManager: Start proc 5933:com.instagram.android/u0a70 for content provider com.instagram.android/com.instagram.contentprovider.FamilyAppsUserValuesProvider
05-01 13:51:29.542  3154 14173 I ActivityManager: Start proc 6044:com.facebook.orca:videoplayer/u0a61 for service com.facebook.orca/com.facebook.video.heroplayer.service.HeroService
05-01 13:51:30.090  3154 14135 I ActivityManager: Process com.qualcomm.qti.modemtestmode (pid 29259) has died: cch+6SVC 
05-01 13:51:30.091  3154 14135 W ActivityManager: Scheduling restart of crashed service com.qualcomm.qti.modemtestmode/.MbnSystemService in 1000ms
05-01 13:51:31.105  3154  3274 I ActivityManager: Start proc 6119:com.qualcomm.qti.modemtestmode/1000 for service com.qualcomm.qti.modemtestmode/.MbnSystemService
05-01 13:51:31.163  6119  6119 W ContextImpl: Calling a method in the system process without a qualified user: android.app.ContextImpl.startService:1476 android.content.ContextWrapper.startService:650 com.qualcomm.qcrilhook.QcRilHook.<init>:114 com.qualcomm.qti.modemtestmode.MbnAppGlobals.onCreate:32 android.app.Instrumentation.callApplicationOnCreate:1120 
05-01 13:51:31.165  6119  6119 W ContextImpl: Calling a method in the system process without a qualified user: android.app.ContextImpl.bindService:1556 android.content.ContextWrapper.bindService:684 com.qualcomm.qcrilhook.QcRilHook.<init>:116 com.qualcomm.qti.modemtestmode.MbnAppGlobals.onCreate:32 android.app.Instrumentation.callApplicationOnCreate:1120 
05-01 13:51:31.170  6119  6119 W ContextImpl: Calling a method in the system process without a qualified user: android.app.ContextImpl.bindService:1556 android.content.ContextWrapper.bindService:684 com.qualcomm.qti.modemtestmode.MbnSystemService.onCreate:101 android.app.ActivityThread.handleCreateService:3342 android.app.ActivityThread.-wrap4:0 
05-01 13:51:31.983  3154  7198 D BluetoothManagerService: Unregistered for death of com.google.android.gms
05-01 13:51:31.983  3154  7198 D BluetoothManagerService: 0 registered Ble Apps
05-01 13:51:31.984  3154  7198 D BluetoothManagerService: Reseting the mEnable flag for clean disable
05-01 13:51:31.985  3154  7198 D BluetoothManagerService: Move to BT state OFF
05-01 13:51:31.985  3154  7198 D BluetoothManagerService: Calling sendBrEdrDownCallback callbacks
05-01 13:51:31.985  3154  7198 D BluetoothManagerService: isBleAppPresent() count: 0
05-01 13:51:31.986  3154  3377 D BluetoothManagerService: MESSAGE_BLUETOOTH_STATE_CHANGE: BLE_ON > BLE_TURNING_OFF
05-01 13:51:31.986  3154  3377 D BluetoothManagerService: Sending BLE State Change: BLE_ON > BLE_TURNING_OFF
05-01 13:51:32.359  3154  3377 D BluetoothManagerService: MESSAGE_BLUETOOTH_STATE_CHANGE: BLE_TURNING_OFF > OFF
05-01 13:51:32.359  3154  3377 D BluetoothManagerService: Bluetooth is complete send Service Down
05-01 13:51:32.359  3154  3377 D BluetoothManagerService: Broadcasting onBluetoothServiceDown() to 14 receivers.
05-01 13:51:32.360  3154  3377 D BluetoothManagerService: unbindAndFinish(): android.bluetooth.IBluetooth$Stub$Proxy@9801845 mBinding = false mUnbinding = false
05-01 13:51:32.364  3154  3377 D BluetoothManagerService: Sending BLE State Change: BLE_TURNING_OFF > OFF
05-01 13:51:32.399  3154  4558 I ActivityManager: Process com.android.bluetooth (pid 5803) has died: fore RCVR
05-01 13:51:35.686  2849  2963 E NetlinkEvent: NetlinkEvent::FindParam(): Parameter 'INTERFACE' not found
05-01 13:51:35.686  2849  2963 E NetlinkEvent: NetlinkEvent::FindParam(): Parameter 'STATE' not found
05-01 13:51:35.686  2849  2963 E NetlinkEvent: NetlinkEvent::FindParam(): Parameter 'TIME_NS' not found
05-01 13:51:35.686  2849  2963 E NetlinkEvent: NetlinkEvent::FindParam(): Parameter 'UID' not found
05-01 13:51:37.917  3154  4558 D ConnectivityService: Returning UNBLOCKED NetworkInfo to uid=10108
05-01 13:51:40.765  2849  2963 E NetlinkEvent: NetlinkEvent::FindParam(): Parameter 'INTERFACE' not found
05-01 13:51:40.765  2849  2963 E NetlinkEvent: NetlinkEvent::FindParam(): Parameter 'STATE' not found
05-01 13:51:40.765  2849  2963 E NetlinkEvent: NetlinkEvent::FindParam(): Parameter 'TIME_NS' not found
05-01 13:51:40.765  2849  2963 E NetlinkEvent: NetlinkEvent::FindParam(): Parameter 'UID' not found
05-01 13:52:04.175  3154  3614 D NetworkStats: Resolving plan for NetworkTemplate: matchRule=MOBILE_ALL, subscriberId=466924..., matchSubscriberIds=[466924...]
05-01 13:52:04.182  3154  3614 D NetworkStats: Found active matching subId 1
05-01 13:52:04.187  3154  3614 D NetworkStats: Resolved to plan null
05-01 13:52:04.195  2849  2963 E NetlinkEvent: NetlinkEvent::FindParam(): Parameter 'INTERFACE' not found
05-01 13:52:04.195  2849  2963 E NetlinkEvent: NetlinkEvent::FindParam(): Parameter 'STATE' not found
05-01 13:52:04.195  2849  2963 E NetlinkEvent: NetlinkEvent::FindParam(): Parameter 'TIME_NS' not found
05-01 13:52:04.195  2849  2963 E NetlinkEvent: NetlinkEvent::FindParam(): Parameter 'UID' not found
05-01 13:52:15.195  3154  3614 D NetworkStats: Resolving plan for NetworkTemplate: matchRule=MOBILE_ALL, subscriberId=466924..., matchSubscriberIds=[466924...]
05-01 13:52:15.196  3154  3614 D NetworkStats: Found active matching subId 1
05-01 13:52:15.200  3154  3614 D NetworkStats: Resolved to plan null
05-01 13:52:28.629  3154  3274 W ActivityManager: Stopping service due to app idle: u0a70 -59s342ms com.instagram.android/com.facebook.rti.push.service.FbnsService
05-01 13:52:28.673  3154  3614 D NetworkStats: Resolving plan for NetworkTemplate: matchRule=MOBILE_ALL, subscriberId=466924..., matchSubscriberIds=[466924...]
05-01 13:52:28.675  3154  3614 D NetworkStats: Found active matching subId 1
05-01 13:52:28.678  3154  3614 D NetworkStats: Resolved to plan null
05-01 13:52:28.694  2849  2963 E NetlinkEvent: NetlinkEvent::FindParam(): Parameter 'INTERFACE' not found
05-01 13:52:28.694  2849  2963 E NetlinkEvent: NetlinkEvent::FindParam(): Parameter 'STATE' not found
05-01 13:52:28.694  2849  2963 E NetlinkEvent: NetlinkEvent::FindParam(): Parameter 'TIME_NS' not found
05-01 13:52:28.694  2849  2963 E NetlinkEvent: NetlinkEvent::FindParam(): Parameter 'UID' not found
05-01 13:52:42.946  3154  3587 I ActivityManager: START u0 {act=android.intent.action.MAIN cat=[android.intent.category.HOME] flg=0x10200000 cmp=com.android.launcher3/.NowLauncher (has extras)} from uid 1000
05-01 13:52:42.950 30226 30226 E SchedPolicy: set_timerslack_ns write failed: Operation not permitted
05-01 13:52:43.358  3154 14173 D BluetoothManagerService: Registered for death of com.google.android.gms
05-01 13:52:43.358  3154 14173 D BluetoothManagerService: 1 registered Ble Apps
05-01 13:52:43.358  3154 14173 D BluetoothManagerService: enable(com.google.android.gms):  mBluetooth =null mBinding = false mState = OFF
05-01 13:52:43.358  3154 14173 D BluetoothManagerService: enable returning
05-01 13:52:43.358  3154  3377 D BluetoothManagerService: MESSAGE_ENABLE(0): mBluetooth = null
05-01 13:52:43.370  3154  3377 I ActivityManager: Start proc 6282:com.android.bluetooth/1002 for service com.android.bluetooth/.btservice.AdapterService
05-01 13:52:43.456  3154  3154 D BluetoothManagerService: Bluetooth Adapter name changed to ASUS_X01BDA
05-01 13:52:43.456  3154  3154 D BluetoothManagerService: Stored Bluetooth name: ASUS_X01BDA
05-01 13:52:43.466  3154  3154 D BluetoothManagerService: BluetoothServiceConnection: com.android.bluetooth.btservice.AdapterService
05-01 13:52:43.466  3154  3377 D BluetoothManagerService: MESSAGE_BLUETOOTH_SERVICE_CONNECTED: 1
05-01 13:52:43.468  3154  3377 D BluetoothManagerService: Broadcasting onBluetoothServiceUp() to 14 receivers.
05-01 13:52:43.470  3154  3377 D BluetoothManagerService: MESSAGE_BLUETOOTH_STATE_CHANGE: OFF > BLE_TURNING_ON
05-01 13:52:43.470  3154  3377 D BluetoothManagerService: Sending BLE State Change: OFF > BLE_TURNING_ON
05-01 13:52:43.919  3154  3195 I PowerManagerService: Going to sleep by application request (uid 10038)...
05-01 13:52:43.924  3154  3154 V FingerprintService: startAuthentication(com.android.systemui)
05-01 13:52:43.925  3154  3154 V FingerprintService: starting client AuthenticationClient(com.android.systemui), initiatedByClient = true)
05-01 13:52:43.937  3154  3154 W FingerprintService: client com.android.systemui is authenticating...
05-01 13:52:44.187  3154  3392 I DisplayPowerController: Blocking screen off
05-01 13:52:44.188  3154  3392 I DisplayPowerController: Unblocked screen off after 0 ms
05-01 13:52:44.199  3154  3195 I BatteryService: Battery level = 87; status = 3
05-01 13:52:44.233  3154  3385 I DisplayManagerService: Display device changed state: "", OFF
05-01 13:52:44.473  3154  3392 I PowerManagerService: Sleeping (uid 1000)...
05-01 13:52:44.557  3752  3752 V KeyguardStatusView: refresh statusview showing:true
05-01 13:52:44.560  3752  3752 V KeyguardDisplayManager: show
05-01 13:52:44.662  3154  3154 D BluetoothManagerService: Bluetooth Adapter address changed to 40:B0:76:B2:24:E9
05-01 13:52:44.662  3154  3154 D BluetoothManagerService: Stored Bluetoothaddress: 40:B0:76:B2:24:E9
05-01 13:52:44.662  3154  3154 D BluetoothManagerService: Bluetooth Adapter name changed to ASUS_X01BDA
05-01 13:52:44.662  3154  3154 D BluetoothManagerService: Stored Bluetooth name: ASUS_X01BDA
05-01 13:52:44.692  3154  3377 D BluetoothManagerService: MESSAGE_BLUETOOTH_STATE_CHANGE: BLE_TURNING_ON > BLE_ON
05-01 13:52:44.692  3154  3377 D BluetoothManagerService: Bluetooth is in LE only mode
05-01 13:52:44.692  3154  3377 D BluetoothManagerService: Binding Bluetooth GATT service
05-01 13:52:44.692  3154  3377 D BluetoothManagerService: Sending BLE State Change: BLE_TURNING_ON > BLE_ON
05-01 13:52:44.695  3154  3154 D BluetoothManagerService: BluetoothServiceConnection: com.android.bluetooth.gatt.GattService
05-01 13:52:44.695  3154  3377 D BluetoothManagerService: MESSAGE_BLUETOOTH_SERVICE_CONNECTED: 2
05-01 13:52:44.695  3154  3377 D BluetoothManagerService: BluetoothGatt Service is Up
05-01 13:52:45.854  3154  3614 D NetworkStats: Resolving plan for NetworkTemplate: matchRule=MOBILE_ALL, subscriberId=466924..., matchSubscriberIds=[466924...]
05-01 13:52:45.856  3154  3614 D NetworkStats: Found active matching subId 1
05-01 13:52:45.863  3154  3614 D NetworkStats: Resolved to plan null
05-01 13:53:28.718  2849  2963 E NetlinkEvent: NetlinkEvent::FindParam(): Parameter 'INTERFACE' not found
05-01 13:53:28.718  2849  2963 E NetlinkEvent: NetlinkEvent::FindParam(): Parameter 'STATE' not found
05-01 13:53:28.718  2849  2963 E NetlinkEvent: NetlinkEvent::FindParam(): Parameter 'TIME_NS' not found
05-01 13:53:28.718  2849  2963 E NetlinkEvent: NetlinkEvent::FindParam(): Parameter 'UID' not found
05-01 13:53:30.596  3154  3195 D BluetoothManagerService: Unregistered for death of com.google.android.gms
05-01 13:53:30.596  3154  3195 D BluetoothManagerService: 0 registered Ble Apps
05-01 13:53:30.597  3154  3195 D BluetoothManagerService: Reseting the mEnable flag for clean disable
05-01 13:53:30.597  3154  3195 D BluetoothManagerService: Move to BT state OFF
05-01 13:53:30.597  3154  3195 D BluetoothManagerService: Calling sendBrEdrDownCallback callbacks
05-01 13:53:30.597  3154  3195 D BluetoothManagerService: isBleAppPresent() count: 0
05-01 13:53:30.598  3154  3377 D BluetoothManagerService: MESSAGE_BLUETOOTH_STATE_CHANGE: BLE_ON > BLE_TURNING_OFF
05-01 13:53:30.598  3154  3377 D BluetoothManagerService: Sending BLE State Change: BLE_ON > BLE_TURNING_OFF
05-01 13:53:30.975  3154  3377 D BluetoothManagerService: MESSAGE_BLUETOOTH_STATE_CHANGE: BLE_TURNING_OFF > OFF
05-01 13:53:30.975  3154  3377 D BluetoothManagerService: Bluetooth is complete send Service Down
05-01 13:53:30.975  3154  3377 D BluetoothManagerService: Broadcasting onBluetoothServiceDown() to 14 receivers.
05-01 13:53:30.976  3154  3377 D BluetoothManagerService: unbindAndFinish(): android.bluetooth.IBluetooth$Stub$Proxy@a7cf536 mBinding = false mUnbinding = false
05-01 13:53:30.978  3154  3377 D BluetoothManagerService: Sending BLE State Change: BLE_TURNING_OFF > OFF
05-01 13:53:31.027  3154  3195 I ActivityManager: Process com.android.bluetooth (pid 6282) has died: fore RCVR
05-01 13:54:00.691  2849  2963 E NetlinkEvent: NetlinkEvent::FindParam(): Parameter 'INTERFACE' not found
05-01 13:54:00.691  2849  2963 E NetlinkEvent: NetlinkEvent::FindParam(): Parameter 'STATE' not found
05-01 13:54:00.691  2849  2963 E NetlinkEvent: NetlinkEvent::FindParam(): Parameter 'TIME_NS' not found
05-01 13:54:00.691  2849  2963 E NetlinkEvent: NetlinkEvent::FindParam(): Parameter 'UID' not found
05-01 13:54:02.344  3154  4558 I ActivityManager: Start proc 6429:com.nianticlabs.pokemongo/u0a109 for service com.nianticlabs.pokemongo/com.firebase.jobdispatcher.GooglePlayReceiver
05-01 13:54:02.441  3154  3195 I ActivityManager: Start proc 6455:com.nianticlabs.pokemongo:fitness/u0a109 for service com.nianticlabs.pokemongo/com.nianticlabs.background.fitness.FitnessJobService
05-01 13:54:03.231  3154  3195 I BatteryService: Battery level = 87; status = 3
05-01 13:54:03.962  3154  3274 W BroadcastQueue: Background execution not allowed: receiving Intent { act=android.intent.action.DROPBOX_ENTRY_ADDED flg=0x10 (has extras) } to com.google.android.gms/.stats.service.DropBoxEntryAddedReceiver
05-01 13:54:03.964  3154  3274 W BroadcastQueue: Background execution not allowed: receiving Intent { act=android.intent.action.DROPBOX_ENTRY_ADDED flg=0x10 (has extras) } to com.google.android.gms/.chimera.GmsIntentOperationService$PersistentTrustedReceiver
05-01 13:54:35.287  2849  2963 E NetlinkEvent: NetlinkEvent::FindParam(): Parameter 'INTERFACE' not found
05-01 13:54:35.287  2849  2963 E NetlinkEvent: NetlinkEvent::FindParam(): Parameter 'STATE' not found
05-01 13:54:35.287  2849  2963 E NetlinkEvent: NetlinkEvent::FindParam(): Parameter 'TIME_NS' not found
05-01 13:54:35.287  2849  2963 E NetlinkEvent: NetlinkEvent::FindParam(): Parameter 'UID' not found
05-01 13:54:42.830  2849  2963 E NetlinkEvent: NetlinkEvent::FindParam(): Parameter 'INTERFACE' not found
05-01 13:54:42.830  2849  2963 E NetlinkEvent: NetlinkEvent::FindParam(): Parameter 'STATE' not found
05-01 13:54:42.830  2849  2963 E NetlinkEvent: NetlinkEvent::FindParam(): Parameter 'TIME_NS' not found
05-01 13:54:42.830  2849  2963 E NetlinkEvent: NetlinkEvent::FindParam(): Parameter 'UID' not found
05-01 13:54:44.781  3154  3154 V FingerprintService: onAuthenticated(owner=com.android.systemui, id=24497547, gp=0)
05-01 13:54:44.782  3154  3154 V FingerprintService: Done with client: com.android.systemui
05-01 13:54:44.809  3752  3752 V KeyguardDisplayManager: hide
05-01 13:54:44.812  3154  3274 W BroadcastQueue: Background execution not allowed: receiving Intent { act=android.intent.action.USER_PRESENT flg=0x24200010 } to com.facebook.katana/com.facebook.rti.orca.FbnsLiteBroadcastReceiver
05-01 13:54:44.813  3154  3274 W BroadcastQueue: Background execution not allowed: receiving Intent { act=android.intent.action.USER_PRESENT flg=0x24200010 } to com.google.android.gms/.auth.setup.devicesignals.LockScreenReceiver
05-01 13:54:44.813  3154  3274 W BroadcastQueue: Background execution not allowed: receiving Intent { act=android.intent.action.USER_PRESENT flg=0x24200010 } to com.google.android.gms/.trustagent.UserPresentBroadcastReceiver
05-01 13:54:44.813  3154  3274 W BroadcastQueue: Background execution not allowed: receiving Intent { act=android.intent.action.USER_PRESENT flg=0x24200010 } to com.google.android.gms/.chimera.GmsIntentOperationService$PersistentTrustedReceiver
05-01 13:54:44.813  3154  3274 W BroadcastQueue: Background execution not allowed: receiving Intent { act=android.intent.action.USER_PRESENT flg=0x24200010 } to com.instagram.android/com.instagram.push.fbns.FbnsInitBroadcastReceiver
05-01 13:54:44.813  3154  3274 W BroadcastQueue: Background execution not allowed: receiving Intent { act=android.intent.action.USER_PRESENT flg=0x24200010 } to com.askey.taipeinavi/com.openlife.checkme.beaconservice.BeaconReceiver
05-01 13:54:44.824  3154  7198 W ActivityManager: Background start not allowed: service Intent { act=Orca.START cmp=com.facebook.katana/com.facebook.rti.push.service.FbnsService (has extras) } to com.facebook.katana/com.facebook.rti.push.service.FbnsService from pid=30114 uid=10060 pkg=com.facebook.katana
05-01 13:54:44.825  3154  3195 W ActivityManager: Background start not allowed: service Intent { act=Orca.START cmp=com.instagram.android/com.facebook.rti.push.service.FbnsService (has extras) } to com.instagram.android/com.facebook.rti.push.service.FbnsService from pid=5933 uid=10070 pkg=com.instagram.android
05-01 13:54:44.834  3154 12160 I PowerManagerService: Waking up from sleep (uid=10038 reason=android.policy:FINGERPRINT)...
05-01 13:54:44.842  3154  3195 I BatteryService: Battery level = 87; status = 3
05-01 13:54:44.844  3154  3392 I DisplayPowerController: Blocking screen on until initial contents have been drawn.
05-01 13:54:44.883  3154  3385 I DisplayManagerService: Display device changed state: "", ON
05-01 13:54:45.086  3154  3392 I DisplayPowerController: Unblocked screen on after 242 ms
05-01 13:54:45.088  3154  3392 W PowerManagerService: Screen on took 255 ms
05-01 13:54:45.256  3154  3196 D BluetoothManagerService: Registered for death of com.google.android.gms
05-01 13:54:45.256  3154  3196 D BluetoothManagerService: 1 registered Ble Apps
05-01 13:54:45.256  3154  3196 D BluetoothManagerService: enable(com.google.android.gms):  mBluetooth =null mBinding = false mState = OFF
05-01 13:54:45.257  3154  3196 D BluetoothManagerService: enable returning
05-01 13:54:45.257  3154  3377 D BluetoothManagerService: MESSAGE_ENABLE(0): mBluetooth = null
05-01 13:54:45.271  3154  3377 I ActivityManager: Start proc 6574:com.android.bluetooth/1002 for service com.android.bluetooth/.btservice.AdapterService
05-01 13:54:45.411  3154  3154 D BluetoothManagerService: Bluetooth Adapter name changed to ASUS_X01BDA
05-01 13:54:45.411  3154  3154 D BluetoothManagerService: Stored Bluetooth name: ASUS_X01BDA
05-01 13:54:45.428  3154  3154 D BluetoothManagerService: BluetoothServiceConnection: com.android.bluetooth.btservice.AdapterService
05-01 13:54:45.428  3154  3377 D BluetoothManagerService: MESSAGE_BLUETOOTH_SERVICE_CONNECTED: 1
05-01 13:54:45.429  3154  3377 D BluetoothManagerService: Broadcasting onBluetoothServiceUp() to 14 receivers.
05-01 13:54:45.432  3154  3377 D BluetoothManagerService: MESSAGE_BLUETOOTH_STATE_CHANGE: OFF > BLE_TURNING_ON
05-01 13:54:45.432  3154  3377 D BluetoothManagerService: Sending BLE State Change: OFF > BLE_TURNING_ON
05-01 13:54:46.675  3154  3154 D BluetoothManagerService: Bluetooth Adapter address changed to 40:B0:76:B2:24:E9
05-01 13:54:46.675  3154  3154 D BluetoothManagerService: Stored Bluetoothaddress: 40:B0:76:B2:24:E9
05-01 13:54:46.676  3154  3154 D BluetoothManagerService: Bluetooth Adapter name changed to ASUS_X01BDA
05-01 13:54:46.676  3154  3154 D BluetoothManagerService: Stored Bluetooth name: ASUS_X01BDA
05-01 13:54:46.688  3154  3377 D BluetoothManagerService: MESSAGE_BLUETOOTH_STATE_CHANGE: BLE_TURNING_ON > BLE_ON
05-01 13:54:46.688  3154  3377 D BluetoothManagerService: Bluetooth is in LE only mode
05-01 13:54:46.688  3154  3377 D BluetoothManagerService: Binding Bluetooth GATT service
05-01 13:54:46.689  3154  3377 D BluetoothManagerService: Sending BLE State Change: BLE_TURNING_ON > BLE_ON
05-01 13:54:46.690  3154  3154 D BluetoothManagerService: BluetoothServiceConnection: com.android.bluetooth.gatt.GattService
05-01 13:54:46.691  3154  3377 D BluetoothManagerService: MESSAGE_BLUETOOTH_SERVICE_CONNECTED: 2
05-01 13:54:46.691  3154  3377 D BluetoothManagerService: BluetoothGatt Service is Up
05-01 13:54:47.979  3154 14173 I ActivityManager: START u0 {act=android.intent.action.MAIN cat=[android.intent.category.LAUNCHER] flg=0x10200000 cmp=com.google.android.apps.photos/.home.HomeActivity bnds=[640,1397][839,1720]} from uid 10026
05-01 13:54:48.009  3154  4558 I ActivityManager: Start proc 6626:com.google.android.apps.photos/u0a82 for activity com.google.android.apps.photos/.home.HomeActivity
05-01 13:54:48.743  3154  4558 I ActivityManager: START u0 {cmp=com.google.android.apps.photos/.update.treatment.UpdateAppTreatmentPromoPageActivity (has extras)} from uid 10082
05-01 13:54:48.836  3154  3869 W ActivityManager: Permission Denial: Accessing service ComponentInfo{com.google.android.music/com.google.android.music.dial.DialMediaRouteProviderService} from pid=6626, uid=10082 that is not exported from uid 10076
05-01 13:54:49.322  2855  2855 I wificond: Enters wifigbk_ageOutHistory
05-01 13:54:49.323  2855  2855 I wificond: Enters wifigbk_ageOutHistory
05-01 13:54:50.169  3154 10229 D ConnectivityService: Returning UNBLOCKED NetworkInfo to uid=10110
05-01 13:54:52.834  3154 14173 I ActivityManager: START u0 {cmp=com.google.android.apps.photos/.localmedia.ui.LocalPhotosActivity (has extras)} from uid 10082
05-01 13:54:53.158  3154  4558 D BluetoothManagerService: Unregistered for death of com.google.android.gms
05-01 13:54:53.158  3154  4558 D BluetoothManagerService: 0 registered Ble Apps
05-01 13:54:53.159  3154  4558 D BluetoothManagerService: Reseting the mEnable flag for clean disable
05-01 13:54:53.159  3154  4558 D BluetoothManagerService: Move to BT state OFF
05-01 13:54:53.159  3154  4558 D BluetoothManagerService: Calling sendBrEdrDownCallback callbacks
05-01 13:54:53.159  3154  4558 D BluetoothManagerService: isBleAppPresent() count: 0
05-01 13:54:53.160  3154  3377 D BluetoothManagerService: MESSAGE_BLUETOOTH_STATE_CHANGE: BLE_ON > BLE_TURNING_OFF
05-01 13:54:53.160  3154  3377 D BluetoothManagerService: Sending BLE State Change: BLE_ON > BLE_TURNING_OFF
05-01 13:54:53.531  3154  3377 D BluetoothManagerService: MESSAGE_BLUETOOTH_STATE_CHANGE: BLE_TURNING_OFF > OFF
05-01 13:54:53.531  3154  3377 D BluetoothManagerService: Bluetooth is complete send Service Down
05-01 13:54:53.531  3154  3377 D BluetoothManagerService: Broadcasting onBluetoothServiceDown() to 14 receivers.
05-01 13:54:53.531  3154  3377 D BluetoothManagerService: unbindAndFinish(): android.bluetooth.IBluetooth$Stub$Proxy@41bc3b mBinding = false mUnbinding = false
05-01 13:54:53.534  3154  3377 D BluetoothManagerService: Sending BLE State Change: BLE_TURNING_OFF > OFF
05-01 13:54:53.585  3154  3869 I ActivityManager: Process com.android.bluetooth (pid 6574) has died: fore RCVR
05-01 13:54:58.235  3154  4558 I ActivityManager: START u0 {cmp=com.google.android.apps.photos/.localmedia.ui.LocalPhotosActivity (has extras)} from uid 10082
05-01 13:55:02.582  3154  4558 I ActivityManager: Process com.qualcomm.qti.callenhancement (pid 29689) has died: cch+6SVC 
05-01 13:55:02.583  3154  4558 W ActivityManager: Scheduling restart of crashed service com.qualcomm.qti.callenhancement/.CallEnhancementService in 1000ms
05-01 13:55:02.893  2849  2963 E NetlinkEvent: NetlinkEvent::FindParam(): Parameter 'INTERFACE' not found
05-01 13:55:02.894  2849  2963 E NetlinkEvent: NetlinkEvent::FindParam(): Parameter 'STATE' not found
05-01 13:55:02.894  2849  2963 E NetlinkEvent: NetlinkEvent::FindParam(): Parameter 'TIME_NS' not found
05-01 13:55:02.894  2849  2963 E NetlinkEvent: NetlinkEvent::FindParam(): Parameter 'UID' not found
05-01 13:55:03.595  3154  3274 I ActivityManager: Start proc 6793:com.qualcomm.qti.callenhancement/1000 for service com.qualcomm.qti.callenhancement/.CallEnhancementService
05-01 13:55:03.639  6793  6793 W ContextImpl: Calling a method in the system process without a qualified user: android.app.ContextImpl.bindService:1556 android.content.ContextWrapper.bindService:684 com.qualcomm.qti.callenhancement.BinderTelecomCallService.bindService:46 com.qualcomm.qti.callenhancement.BinderTelecomCallService.-wrap0:0 com.qualcomm.qti.callenhancement.BinderTelecomCallService$BinderTarget.bind:33 
05-01 13:55:03.647  6793  6793 I chatty  : uid=1000(system) com.qualcomm.qti.callenhancement identical 2 lines
05-01 13:55:03.649  6793  6793 W ContextImpl: Calling a method in the system process without a qualified user: android.app.ContextImpl.bindService:1556 android.content.ContextWrapper.bindService:684 com.qualcomm.qti.callenhancement.BinderTelecomCallService.bindService:46 com.qualcomm.qti.callenhancement.BinderTelecomCallService.-wrap0:0 com.qualcomm.qti.callenhancement.BinderTelecomCallService$BinderTarget.bind:33 
05-01 13:55:07.974  2849  2963 E NetlinkEvent: NetlinkEvent::FindParam(): Parameter 'INTERFACE' not found
05-01 13:55:07.974  2849  2963 E NetlinkEvent: NetlinkEvent::FindParam(): Parameter 'STATE' not found
05-01 13:55:07.974  2849  2963 E NetlinkEvent: NetlinkEvent::FindParam(): Parameter 'TIME_NS' not found
05-01 13:55:07.974  2849  2963 E NetlinkEvent: NetlinkEvent::FindParam(): Parameter 'UID' not found
05-01 13:55:09.904  3154  3614 D NetworkStats: Resolving plan for NetworkTemplate: matchRule=MOBILE_ALL, subscriberId=466924..., matchSubscriberIds=[466924...]
05-01 13:55:09.905  3154  3614 D NetworkStats: Found active matching subId 1
05-01 13:55:09.908  3154  3614 D NetworkStats: Resolved to plan null
05-01 13:55:17.696  2849  2963 E NetlinkEvent: NetlinkEvent::FindParam(): Parameter 'INTERFACE' not found
05-01 13:55:17.696  2849  2963 E NetlinkEvent: NetlinkEvent::FindParam(): Parameter 'STATE' not found
05-01 13:55:17.696  2849  2963 E NetlinkEvent: NetlinkEvent::FindParam(): Parameter 'TIME_NS' not found
05-01 13:55:17.696  2849  2963 E NetlinkEvent: NetlinkEvent::FindParam(): Parameter 'UID' not found
05-01 13:55:23.032  3154  3614 D NetworkStats: Resolving plan for NetworkTemplate: matchRule=MOBILE_ALL, subscriberId=466924..., matchSubscriberIds=[466924...]
05-01 13:55:23.036  3154  3614 D NetworkStats: Found active matching subId 1
05-01 13:55:23.041  3154  3614 D NetworkStats: Resolved to plan null
05-01 13:55:23.832  3154  3274 W ActivityManager: Stopping service due to app idle: u0a61 -2h0m33s623ms com.facebook.orca/com.facebook.mqttlite.MqttService
05-01 13:55:43.675  3154  3587 I ActivityManager: START u0 {act=android.intent.action.MAIN cat=[android.intent.category.HOME] flg=0x10200000 cmp=com.android.launcher3/.NowLauncher (has extras)} from uid 1000
05-01 13:55:44.017  3154  3869 I ActivityManager: START u0 {flg=0x10804000 cmp=com.android.systemui/.recents.RecentsActivity} from uid 10038
05-01 13:55:44.251  3154  3869 D BluetoothManagerService: Registered for death of com.google.android.gms
05-01 13:55:44.251  3154  3869 D BluetoothManagerService: 1 registered Ble Apps
05-01 13:55:44.252  3154  3869 D BluetoothManagerService: enable(com.google.android.gms):  mBluetooth =null mBinding = false mState = OFF
05-01 13:55:44.252  3154  3869 D BluetoothManagerService: enable returning
05-01 13:55:44.252  3154  3377 D BluetoothManagerService: MESSAGE_ENABLE(0): mBluetooth = null
05-01 13:55:44.264  3154  3377 I ActivityManager: Start proc 6872:com.android.bluetooth/1002 for service com.android.bluetooth/.btservice.AdapterService
05-01 13:55:44.366  3154  3154 D BluetoothManagerService: Bluetooth Adapter name changed to ASUS_X01BDA
05-01 13:55:44.367  3154  3154 D BluetoothManagerService: Stored Bluetooth name: ASUS_X01BDA
05-01 13:55:44.377  3154  3154 D BluetoothManagerService: BluetoothServiceConnection: com.android.bluetooth.btservice.AdapterService
05-01 13:55:44.377  3154  3377 D BluetoothManagerService: MESSAGE_BLUETOOTH_SERVICE_CONNECTED: 1
05-01 13:55:44.378  3154  3377 D BluetoothManagerService: Broadcasting onBluetoothServiceUp() to 15 receivers.
05-01 13:55:44.383  3154  3377 D BluetoothManagerService: MESSAGE_BLUETOOTH_STATE_CHANGE: OFF > BLE_TURNING_ON
05-01 13:55:44.383  3154  3377 D BluetoothManagerService: Sending BLE State Change: OFF > BLE_TURNING_ON
05-01 13:55:45.032  3154  3869 I ActivityManager: Killing 2328:com.asus.sysmonitor/u0a37 (adj 904): empty #31
05-01 13:55:45.034  3154  3869 I ActivityManager: Killing 6626:com.google.android.apps.photos/u0a82 (adj 900): remove task
05-01 13:55:45.096  3154 10238 D ConnectivityService: ConnectivityService NetworkRequestInfo binderDied(NetworkRequest [ LISTEN id=4025, [ Capabilities: INTERNET&NOT_RESTRICTED&TRUSTED] ], android.os.BinderProxy@e5f5110)
05-01 13:55:45.098  3154  4795 I WindowManager: WIN DEATH: Window{86ce215 u0 com.google.android.apps.photos/com.google.android.apps.photos.localmedia.ui.LocalPhotosActivity}
05-01 13:55:45.102  3154  9208 I WindowManager: WIN DEATH: Window{e5c1a0b u0 com.google.android.apps.photos/com.google.android.apps.photos.home.HomeActivity}
05-01 13:55:45.109  3154  3385 W ActivityManager: setHasOverlayUi called on unknown pid: 6626
05-01 13:55:45.520  3154  3154 D BluetoothManagerService: Bluetooth Adapter address changed to 40:B0:76:B2:24:E9
05-01 13:55:45.520  3154  3154 D BluetoothManagerService: Stored Bluetoothaddress: 40:B0:76:B2:24:E9
05-01 13:55:45.521  3154  3154 D BluetoothManagerService: Bluetooth Adapter name changed to ASUS_X01BDA
05-01 13:55:45.521  3154  3154 D BluetoothManagerService: Stored Bluetooth name: ASUS_X01BDA
05-01 13:55:45.529  3154  3377 D BluetoothManagerService: MESSAGE_BLUETOOTH_STATE_CHANGE: BLE_TURNING_ON > BLE_ON
05-01 13:55:45.529  3154  3377 D BluetoothManagerService: Bluetooth is in LE only mode
05-01 13:55:45.529  3154  3377 D BluetoothManagerService: Binding Bluetooth GATT service
05-01 13:55:45.530  3154  3377 D BluetoothManagerService: Sending BLE State Change: BLE_TURNING_ON > BLE_ON
05-01 13:55:45.532  3154  3154 D BluetoothManagerService: BluetoothServiceConnection: com.android.bluetooth.gatt.GattService
05-01 13:55:45.532  3154  3377 D BluetoothManagerService: MESSAGE_BLUETOOTH_SERVICE_CONNECTED: 2
05-01 13:55:45.532  3154  3377 D BluetoothManagerService: BluetoothGatt Service is Up
05-01 13:55:45.616  3154  3196 I ActivityManager: Killing 2341:com.google.android.apps.tachyon/u0a62 (adj 906): empty #31
05-01 13:55:45.617  3154  3196 I ActivityManager: Killing 2354:com.android.providers.calendar/u0a7 (adj 906): empty #32
05-01 13:55:45.619  3154  3196 I ActivityManager: Killing 6044:com.facebook.orca:videoplayer/u0a61 (adj 900): remove task
05-01 13:55:45.620  3154  3196 I ActivityManager: Killing 30226:com.facebook.orca/u0a61 (adj 900): remove task
05-01 13:55:45.621  3154  3196 I ActivityManager: Killing 5898:com.android.chrome:sandboxed_process0/u0a61i592 (adj 900): remove task
05-01 13:55:45.624  3154  3757 I ActivityManager: START u0 {act=android.intent.action.MAIN cat=[android.intent.category.HOME] flg=0x10200000 cmp=com.android.launcher3/.NowLauncher} from uid 10038
05-01 13:55:45.639  3154  3196 W ActivityManager: Scheduling restart of crashed service com.facebook.orca/org.chromium.content.app.SandboxedProcessService0 in 1000ms
05-01 13:55:45.649  3154  3290 D KernelUidCpuTimeReader: Removing uids 99592-99592
05-01 13:55:45.673  3154  3874 D ConnectivityService: ConnectivityService NetworkRequestInfo binderDied(NetworkRequest [ LISTEN id=4019, [ Capabilities: INTERNET&NOT_RESTRICTED&TRUSTED] ], android.os.BinderProxy@67dca7d)
05-01 13:55:45.682  3154 14385 W ActivityManager: Scheduling restart of crashed service com.facebook.orca/com.facebook.video.heroplayer.service.HeroService in 10958ms
05-01 13:55:45.734  3154  4482 D ConnectivityService: ConnectivityService NetworkRequestInfo binderDied(NetworkRequest [ LISTEN id=4024, [ Capabilities: INTERNET&NOT_RESTRICTED&TRUSTED] ], android.os.BinderProxy@233febe)
05-01 13:55:45.745  3154  3196 I WindowManager: WIN DEATH: Window{c8319ac u0 com.facebook.orca/com.facebook.messenger.neue.MainActivity}
05-01 13:55:45.771  3154  3385 W ActivityManager: setHasOverlayUi called on unknown pid: 30226
05-01 13:55:45.793  3154  3614 D NetworkStats: Resolving plan for NetworkTemplate: matchRule=MOBILE_ALL, subscriberId=466924..., matchSubscriberIds=[466924...]
05-01 13:55:45.795  3154  3614 D NetworkStats: Found active matching subId 1
05-01 13:55:45.802  3154  3614 D NetworkStats: Resolved to plan null
05-01 13:55:45.818  2849  2963 E NetlinkEvent: NetlinkEvent::FindParam(): Parameter 'INTERFACE' not found
05-01 13:55:45.818  2849  2963 E NetlinkEvent: NetlinkEvent::FindParam(): Parameter 'STATE' not found
05-01 13:55:45.818  2849  2963 E NetlinkEvent: NetlinkEvent::FindParam(): Parameter 'TIME_NS' not found
